[   20768ms] [ERROR] TypeError: Cannot read properties of undefined (reading 'sportId')
    at appearance (https://app.underdogsports.com/2484.159be2cbd52ad448.js:1:4081)
    at https://app.underdogsports.com/npm..pnpm.6ed3d1c3a62b8914.js:14:211806
    at https://app.underdogsports.com/npm..pnpm.6ed3d1c3a62b8914.js:14:211830
    at a (https://app.underdogsports.com/npm..pnpm.6ed3d1c3a62b8914.js:14:210468)
    at https://app.underdogsports.com/npm..pnpm.6ed3d1c3a62b8914.js:14:211806
    at https://app.underdogsports.com/npm..pnpm.6ed3d1c3a62b8914.js:14:211830
    at a (https://app.underdogsports.com/npm..pnpm.6ed3d1c3a62b8914.js:14:210468)
    at a (https://app.underdogsports.com/npm..pnpm.6ed3d1c3a62b8914.js:2:565319)
    at e (https://app.underdogsports.com/npm..pnpm.6ed3d1c3a62b8914.js:6:161146)
    at https://app.underdogsports.com/npm..pnpm.6ed3d1c3a62b8914.js:6:161357 @ https://app.underdogsports.com/critical.31f216b47b46f64b.js:0
[   20769ms] [ERROR] TypeError: Cannot read properties of undefined (reading 'sportId')
    at appearance (https://app.underdogsports.com/2484.159be2cbd52ad448.js:1:4081)
    at https://app.underdogsports.com/npm..pnpm.6ed3d1c3a62b8914.js:14:211806
    at https://app.underdogsports.com/npm..pnpm.6ed3d1c3a62b8914.js:14:211830
    at a (https://app.underdogsports.com/npm..pnpm.6ed3d1c3a62b8914.js:14:210468)
    at https://app.underdogsports.com/npm..pnpm.6ed3d1c3a62b8914.js:14:211806
    at https://app.underdogsports.com/npm..pnpm.6ed3d1c3a62b8914.js:14:211830
    at a (https://app.underdogsports.com/npm..pnpm.6ed3d1c3a62b8914.js:14:210468)
    at a (https://app.underdogsports.com/npm..pnpm.6ed3d1c3a62b8914.js:2:565319)
    at e (https://app.underdogsports.com/npm..pnpm.6ed3d1c3a62b8914.js:6:161146)
    at https://app.underdogsports.com/npm..pnpm.6ed3d1c3a62b8914.js:6:161357 @ https://app.underdogsports.com/critical.31f216b47b46f64b.js:0
[   20769ms] [ERROR] TypeError: Cannot read properties of undefined (reading 'sportId')
    at appearance (https://app.underdogsports.com/2484.159be2cbd52ad448.js:1:4081)
    at https://app.underdogsports.com/npm..pnpm.6ed3d1c3a62b8914.js:14:211806
    at https://app.underdogsports.com/npm..pnpm.6ed3d1c3a62b8914.js:14:211830
    at a (https://app.underdogsports.com/npm..pnpm.6ed3d1c3a62b8914.js:14:210468)
    at https://app.underdogsports.com/npm..pnpm.6ed3d1c3a62b8914.js:14:211806
    at https://app.underdogsports.com/npm..pnpm.6ed3d1c3a62b8914.js:14:211830
    at a (https://app.underdogsports.com/npm..pnpm.6ed3d1c3a62b8914.js:14:210468)
    at a (https://app.underdogsports.com/npm..pnpm.6ed3d1c3a62b8914.js:2:565319)
    at e (https://app.underdogsports.com/npm..pnpm.6ed3d1c3a62b8914.js:6:161146)
    at https://app.underdogsports.com/npm..pnpm.6ed3d1c3a62b8914.js:6:161357 @ https://app.underdogsports.com/critical.31f216b47b46f64b.js:0
[   20771ms] [ERROR] TypeError: Cannot read properties of undefined (reading 'sportId')
    at appearance (https://app.underdogsports.com/2484.159be2cbd52ad448.js:1:4081)
    at https://app.underdogsports.com/npm..pnpm.6ed3d1c3a62b8914.js:14:211806
    at https://app.underdogsports.com/npm..pnpm.6ed3d1c3a62b8914.js:14:211830
    at a (https://app.underdogsports.com/npm..pnpm.6ed3d1c3a62b8914.js:14:210468)
    at https://app.underdogsports.com/npm..pnpm.6ed3d1c3a62b8914.js:14:211806
    at https://app.underdogsports.com/npm..pnpm.6ed3d1c3a62b8914.js:14:211830
    at a (https://app.underdogsports.com/npm..pnpm.6ed3d1c3a62b8914.js:14:210468)
    at a (https://app.underdogsports.com/npm..pnpm.6ed3d1c3a62b8914.js:2:565319)
    at e (https://app.underdogsports.com/npm..pnpm.6ed3d1c3a62b8914.js:6:161146)
    at https://app.underdogsports.com/npm..pnpm.6ed3d1c3a62b8914.js:6:161357 @ https://app.underdogsports.com/critical.31f216b47b46f64b.js:0
[   20771ms] [ERROR] TypeError: Cannot read properties of undefined (reading 'sportId')
    at appearance (https://app.underdogsports.com/2484.159be2cbd52ad448.js:1:4081)
    at https://app.underdogsports.com/npm..pnpm.6ed3d1c3a62b8914.js:14:211806
    at https://app.underdogsports.com/npm..pnpm.6ed3d1c3a62b8914.js:14:211830
    at a (https://app.underdogsports.com/npm..pnpm.6ed3d1c3a62b8914.js:14:210468)
    at https://app.underdogsports.com/npm..pnpm.6ed3d1c3a62b8914.js:14:211806
    at https://app.underdogsports.com/npm..pnpm.6ed3d1c3a62b8914.js:14:211830
    at a (https://app.underdogsports.com/npm..pnpm.6ed3d1c3a62b8914.js:14:210468)
    at a (https://app.underdogsports.com/npm..pnpm.6ed3d1c3a62b8914.js:2:565319)
    at e (https://app.underdogsports.com/npm..pnpm.6ed3d1c3a62b8914.js:6:161146)
    at https://app.underdogsports.com/npm..pnpm.6ed3d1c3a62b8914.js:6:161357 @ https://app.underdogsports.com/critical.31f216b47b46f64b.js:0
[   20772ms] [ERROR] TypeError: Cannot read properties of undefined (reading 'sportId')
    at appearance (https://app.underdogsports.com/2484.159be2cbd52ad448.js:1:4081)
    at https://app.underdogsports.com/npm..pnpm.6ed3d1c3a62b8914.js:14:211806
    at https://app.underdogsports.com/npm..pnpm.6ed3d1c3a62b8914.js:14:211830
    at a (https://app.underdogsports.com/npm..pnpm.6ed3d1c3a62b8914.js:14:210468)
    at https://app.underdogsports.com/npm..pnpm.6ed3d1c3a62b8914.js:14:211806
    at https://app.underdogsports.com/npm..pnpm.6ed3d1c3a62b8914.js:14:211830
    at a (https://app.underdogsports.com/npm..pnpm.6ed3d1c3a62b8914.js:14:210468)
    at a (https://app.underdogsports.com/npm..pnpm.6ed3d1c3a62b8914.js:2:565319)
    at e (https://app.underdogsports.com/npm..pnpm.6ed3d1c3a62b8914.js:6:161146)
    at https://app.underdogsports.com/npm..pnpm.6ed3d1c3a62b8914.js:6:161357 @ https://app.underdogsports.com/critical.31f216b47b46f64b.js:0
[  800830ms] [ERROR] Radar SDK: trackVerified error: Could not determine location. @ https://app.underdogsports.com/critical.31f216b47b46f64b.js:0
[  800912ms] [ERROR] Failed to load resource: net::ERR_NETWORK_CHANGED @ https://api.radar.io/v1/ping:0
[  800912ms] [ERROR] Radar SDK: Error checking IP: RadarNetworkError: Request timed out. @ https://app.underdogsports.com/critical.31f216b47b46f64b.js:0
[  830941ms] [ERROR] Radar SDK: trackVerified error: Could not determine location. @ https://app.underdogsports.com/critical.31f216b47b46f64b.js:0
[  845523ms] [WARNING] WebSocket connection to 'wss://ws-mt1.pusher.com/app/d65207c183930ff953dc?protocol=7&client=js&version=8.3.0&flash=false' failed: WebSocket is closed before the connection is established. @ https://app.underdogsports.com/npm..pnpm.6ed3d1c3a62b8914.js:1
[  868222ms] [ERROR] Failed to load resource: the server responded with a status of 401 () @ https://api.underdogfantasy.com/v1/authorizations/pusher_channels:0
[ 1130945ms] [ERROR] Radar SDK: trackVerified error: Could not determine location. @ https://app.underdogsports.com/critical.31f216b47b46f64b.js:0
[ 1430948ms] [ERROR] Radar SDK: trackVerified error: Could not determine location. @ https://app.underdogsports.com/critical.31f216b47b46f64b.js:0
[ 1730953ms] [ERROR] Radar SDK: trackVerified error: Could not determine location. @ https://app.underdogsports.com/critical.31f216b47b46f64b.js:0
[ 2030956ms] [ERROR] Radar SDK: trackVerified error: Could not determine location. @ https://app.underdogsports.com/critical.31f216b47b46f64b.js:0
[ 2330963ms] [ERROR] Radar SDK: trackVerified error: Could not determine location. @ https://app.underdogsports.com/critical.31f216b47b46f64b.js:0
[ 2630967ms] [ERROR] Radar SDK: trackVerified error: Could not determine location. @ https://app.underdogsports.com/critical.31f216b47b46f64b.js:0
