[   51508ms] [ERROR] TypeError: Cannot read properties of undefined (reading 'sportId')
    at appearance (https://app.underdogsports.com/2484.159be2cbd52ad448.js:1:4081)
    at https://app.underdogsports.com/npm..pnpm.6ed3d1c3a62b8914.js:14:211806
    at https://app.underdogsports.com/npm..pnpm.6ed3d1c3a62b8914.js:14:211830
    at a (https://app.underdogsports.com/npm..pnpm.6ed3d1c3a62b8914.js:14:210468)
    at https://app.underdogsports.com/npm..pnpm.6ed3d1c3a62b8914.js:14:211806
    at https://app.underdogsports.com/npm..pnpm.6ed3d1c3a62b8914.js:14:211830
    at a (https://app.underdogsports.com/npm..pnpm.6ed3d1c3a62b8914.js:14:210468)
    at a (https://app.underdogsports.com/npm..pnpm.6ed3d1c3a62b8914.js:2:565319)
    at e (https://app.underdogsports.com/npm..pnpm.6ed3d1c3a62b8914.js:6:161146)
    at https://app.underdogsports.com/npm..pnpm.6ed3d1c3a62b8914.js:6:161357 @ https://app.underdogsports.com/critical.31f216b47b46f64b.js:0
[   51510ms] [ERROR] TypeError: Cannot read properties of undefined (reading 'sportId')
    at appearance (https://app.underdogsports.com/2484.159be2cbd52ad448.js:1:4081)
    at https://app.underdogsports.com/npm..pnpm.6ed3d1c3a62b8914.js:14:211806
    at https://app.underdogsports.com/npm..pnpm.6ed3d1c3a62b8914.js:14:211830
    at a (https://app.underdogsports.com/npm..pnpm.6ed3d1c3a62b8914.js:14:210468)
    at https://app.underdogsports.com/npm..pnpm.6ed3d1c3a62b8914.js:14:211806
    at https://app.underdogsports.com/npm..pnpm.6ed3d1c3a62b8914.js:14:211830
    at a (https://app.underdogsports.com/npm..pnpm.6ed3d1c3a62b8914.js:14:210468)
    at a (https://app.underdogsports.com/npm..pnpm.6ed3d1c3a62b8914.js:2:565319)
    at e (https://app.underdogsports.com/npm..pnpm.6ed3d1c3a62b8914.js:6:161146)
    at https://app.underdogsports.com/npm..pnpm.6ed3d1c3a62b8914.js:6:161357 @ https://app.underdogsports.com/critical.31f216b47b46f64b.js:0
[   51511ms] [ERROR] TypeError: Cannot read properties of undefined (reading 'sportId')
    at appearance (https://app.underdogsports.com/2484.159be2cbd52ad448.js:1:4081)
    at https://app.underdogsports.com/npm..pnpm.6ed3d1c3a62b8914.js:14:211806
    at https://app.underdogsports.com/npm..pnpm.6ed3d1c3a62b8914.js:14:211830
    at a (https://app.underdogsports.com/npm..pnpm.6ed3d1c3a62b8914.js:14:210468)
    at https://app.underdogsports.com/npm..pnpm.6ed3d1c3a62b8914.js:14:211806
    at https://app.underdogsports.com/npm..pnpm.6ed3d1c3a62b8914.js:14:211830
    at a (https://app.underdogsports.com/npm..pnpm.6ed3d1c3a62b8914.js:14:210468)
    at a (https://app.underdogsports.com/npm..pnpm.6ed3d1c3a62b8914.js:2:565319)
    at e (https://app.underdogsports.com/npm..pnpm.6ed3d1c3a62b8914.js:6:161146)
    at https://app.underdogsports.com/npm..pnpm.6ed3d1c3a62b8914.js:6:161357 @ https://app.underdogsports.com/critical.31f216b47b46f64b.js:0
[   51512ms] [ERROR] TypeError: Cannot read properties of undefined (reading 'sportId')
    at appearance (https://app.underdogsports.com/2484.159be2cbd52ad448.js:1:4081)
    at https://app.underdogsports.com/npm..pnpm.6ed3d1c3a62b8914.js:14:211806
    at https://app.underdogsports.com/npm..pnpm.6ed3d1c3a62b8914.js:14:211830
    at a (https://app.underdogsports.com/npm..pnpm.6ed3d1c3a62b8914.js:14:210468)
    at https://app.underdogsports.com/npm..pnpm.6ed3d1c3a62b8914.js:14:211806
    at https://app.underdogsports.com/npm..pnpm.6ed3d1c3a62b8914.js:14:211830
    at a (https://app.underdogsports.com/npm..pnpm.6ed3d1c3a62b8914.js:14:210468)
    at a (https://app.underdogsports.com/npm..pnpm.6ed3d1c3a62b8914.js:2:565319)
    at e (https://app.underdogsports.com/npm..pnpm.6ed3d1c3a62b8914.js:6:161146)
    at https://app.underdogsports.com/npm..pnpm.6ed3d1c3a62b8914.js:6:161357 @ https://app.underdogsports.com/critical.31f216b47b46f64b.js:0
[   51513ms] [ERROR] TypeError: Cannot read properties of undefined (reading 'sportId')
    at appearance (https://app.underdogsports.com/2484.159be2cbd52ad448.js:1:4081)
    at https://app.underdogsports.com/npm..pnpm.6ed3d1c3a62b8914.js:14:211806
    at https://app.underdogsports.com/npm..pnpm.6ed3d1c3a62b8914.js:14:211830
    at a (https://app.underdogsports.com/npm..pnpm.6ed3d1c3a62b8914.js:14:210468)
    at https://app.underdogsports.com/npm..pnpm.6ed3d1c3a62b8914.js:14:211806
    at https://app.underdogsports.com/npm..pnpm.6ed3d1c3a62b8914.js:14:211830
    at a (https://app.underdogsports.com/npm..pnpm.6ed3d1c3a62b8914.js:14:210468)
    at a (https://app.underdogsports.com/npm..pnpm.6ed3d1c3a62b8914.js:2:565319)
    at e (https://app.underdogsports.com/npm..pnpm.6ed3d1c3a62b8914.js:6:161146)
    at https://app.underdogsports.com/npm..pnpm.6ed3d1c3a62b8914.js:6:161357 @ https://app.underdogsports.com/critical.31f216b47b46f64b.js:0
[   51513ms] [ERROR] TypeError: Cannot read properties of undefined (reading 'sportId')
    at appearance (https://app.underdogsports.com/2484.159be2cbd52ad448.js:1:4081)
    at https://app.underdogsports.com/npm..pnpm.6ed3d1c3a62b8914.js:14:211806
    at https://app.underdogsports.com/npm..pnpm.6ed3d1c3a62b8914.js:14:211830
    at a (https://app.underdogsports.com/npm..pnpm.6ed3d1c3a62b8914.js:14:210468)
    at https://app.underdogsports.com/npm..pnpm.6ed3d1c3a62b8914.js:14:211806
    at https://app.underdogsports.com/npm..pnpm.6ed3d1c3a62b8914.js:14:211830
    at a (https://app.underdogsports.com/npm..pnpm.6ed3d1c3a62b8914.js:14:210468)
    at a (https://app.underdogsports.com/npm..pnpm.6ed3d1c3a62b8914.js:2:565319)
    at e (https://app.underdogsports.com/npm..pnpm.6ed3d1c3a62b8914.js:6:161146)
    at https://app.underdogsports.com/npm..pnpm.6ed3d1c3a62b8914.js:6:161357 @ https://app.underdogsports.com/critical.31f216b47b46f64b.js:0
