[ 5268158ms] [ERROR] Failed to load resource: the server responded with a status of 401 () @ https://api.underdogfantasy.com/v1/authorizations/pusher_channels:0
[ 5314264ms] [ERROR] Radar SDK: trackVerified error: Could not determine location. @ https://app.underdogsports.com/critical.31f216b47b46f64b.js:0
[ 5324394ms] [ERROR] Radar SDK: trackVerified error: Could not determine location. @ https://app.underdogsports.com/critical.31f216b47b46f64b.js:0
[ 5349937ms] [ERROR] Failed to load resource: the server responded with a status of 401 () @ https://api.underdogfantasy.com/v1/authorizations/pusher_channels:0
[ 5471327ms] [ERROR] Failed to load resource: the server responded with a status of 401 () @ https://api.underdogfantasy.com/v1/authorizations/pusher_channels:0
[ 5607329ms] [ERROR] Radar SDK: trackVerified error: Could not determine location. @ https://app.underdogsports.com/critical.31f216b47b46f64b.js:0
[ 5607811ms] [ERROR] Failed to load resource: net::ERR_NETWORK_CHANGED @ https://api.radar.io/v1/ping:0
[ 5607811ms] [ERROR] Radar SDK: Error checking IP: RadarNetworkError: Request timed out. @ https://app.underdogsports.com/critical.31f216b47b46f64b.js:0
[ 5750365ms] [ERROR] Failed to load resource: net::ERR_NETWORK_CHANGED @ https://api.radar.io/v1/ping:0
[ 5750365ms] [ERROR] Radar SDK: Error checking IP: RadarNetworkError: Request timed out. @ https://app.underdogsports.com/critical.31f216b47b46f64b.js:0
[ 5866561ms] [ERROR] Failed to load resource: net::ERR_NETWORK_CHANGED @ https://api.radar.io/v1/ping:0
[ 5866561ms] [ERROR] Radar SDK: Error checking IP: RadarNetworkError: Request timed out. @ https://app.underdogsports.com/critical.31f216b47b46f64b.js:0
[ 5869878ms] [ERROR] Failed to load resource: net::ERR_NETWORK_CHANGED @ https://api.radar.io/v1/ping:0
[ 5869878ms] [ERROR] Radar SDK: Error checking IP: RadarNetworkError: Request timed out. @ https://app.underdogsports.com/critical.31f216b47b46f64b.js:0
[ 6176225ms] [ERROR] Failed to load resource: net::ERR_NETWORK_CHANGED @ https://api.radar.io/v1/ping:0
[ 6176227ms] [ERROR] Radar SDK: Error checking IP: RadarNetworkError: Request timed out. @ https://app.underdogsports.com/critical.31f216b47b46f64b.js:0
[ 6183743ms] [ERROR] Failed to load resource: the server responded with a status of 401 () @ https://api.underdogfantasy.com/v1/authorizations/pusher_channels:0
[ 6195389ms] [ERROR] Radar SDK: trackVerified error: Could not determine location. @ https://app.underdogsports.com/critical.31f216b47b46f64b.js:0
[ 6275363ms] [ERROR] Radar SDK: trackVerified error: Could not determine location. @ https://app.underdogsports.com/critical.31f216b47b46f64b.js:0
[ 6455307ms] [ERROR] Radar SDK: trackVerified error: Could not determine location. @ https://app.underdogsports.com/critical.31f216b47b46f64b.js:0
[ 6755313ms] [ERROR] Radar SDK: trackVerified error: Could not determine location. @ https://app.underdogsports.com/critical.31f216b47b46f64b.js:0
[ 6780983ms] [ERROR] Radar SDK: trackVerified error: Could not determine location. @ https://app.underdogsports.com/critical.31f216b47b46f64b.js:0
[ 6801157ms] [ERROR] Failed to load resource: the server responded with a status of 422 () @ https://api.underdogfantasy.com/v1/user/state_configs?product=fantasy&product_experience_id=018e1234-5678-9abc-def0-123456789006&state_config_id=725014ef-3570-4e93-871d-d69674ab3521:0
[ 7080990ms] [ERROR] Radar SDK: trackVerified error: Could not determine location. @ https://app.underdogsports.com/critical.31f216b47b46f64b.js:0
[ 7380995ms] [ERROR] Radar SDK: trackVerified error: Could not determine location. @ https://app.underdogsports.com/critical.31f216b47b46f64b.js:0
[ 7680999ms] [ERROR] Radar SDK: trackVerified error: Could not determine location. @ https://app.underdogsports.com/critical.31f216b47b46f64b.js:0
