[     614ms] [ERROR] Radar SDK: Error checking IP: RadarNetworkError: Request timed out. @ https://app.underdogsports.com/critical.31f216b47b46f64b.js:0
[    8275ms] [WARNING] WebSocket connection to 'wss://ws-mt1.pusher.com/app/d65207c183930ff953dc?protocol=7&client=js&version=8.3.0&flash=false' failed: WebSocket is closed before the connection is established. @ https://app.underdogsports.com/npm..pnpm.6ed3d1c3a62b8914.js:1
[   49584ms] [ERROR] TypeError: Cannot read properties of undefined (reading 'sportId')
    at appearance (https://app.underdogsports.com/2484.159be2cbd52ad448.js:1:4081)
    at https://app.underdogsports.com/npm..pnpm.6ed3d1c3a62b8914.js:14:211806
    at https://app.underdogsports.com/npm..pnpm.6ed3d1c3a62b8914.js:14:211830
    at a (https://app.underdogsports.com/npm..pnpm.6ed3d1c3a62b8914.js:14:210468)
    at https://app.underdogsports.com/npm..pnpm.6ed3d1c3a62b8914.js:14:211806
    at https://app.underdogsports.com/npm..pnpm.6ed3d1c3a62b8914.js:14:211830
    at a (https://app.underdogsports.com/npm..pnpm.6ed3d1c3a62b8914.js:14:210468)
    at a (https://app.underdogsports.com/npm..pnpm.6ed3d1c3a62b8914.js:2:565319)
    at e (https://app.underdogsports.com/npm..pnpm.6ed3d1c3a62b8914.js:6:161146)
    at https://app.underdogsports.com/npm..pnpm.6ed3d1c3a62b8914.js:6:161357 @ https://app.underdogsports.com/critical.31f216b47b46f64b.js:0
[   49586ms] [ERROR] TypeError: Cannot read properties of undefined (reading 'sportId')
    at appearance (https://app.underdogsports.com/2484.159be2cbd52ad448.js:1:4081)
    at https://app.underdogsports.com/npm..pnpm.6ed3d1c3a62b8914.js:14:211806
    at https://app.underdogsports.com/npm..pnpm.6ed3d1c3a62b8914.js:14:211830
    at a (https://app.underdogsports.com/npm..pnpm.6ed3d1c3a62b8914.js:14:210468)
    at https://app.underdogsports.com/npm..pnpm.6ed3d1c3a62b8914.js:14:211806
    at https://app.underdogsports.com/npm..pnpm.6ed3d1c3a62b8914.js:14:211830
    at a (https://app.underdogsports.com/npm..pnpm.6ed3d1c3a62b8914.js:14:210468)
    at a (https://app.underdogsports.com/npm..pnpm.6ed3d1c3a62b8914.js:2:565319)
    at e (https://app.underdogsports.com/npm..pnpm.6ed3d1c3a62b8914.js:6:161146)
    at https://app.underdogsports.com/npm..pnpm.6ed3d1c3a62b8914.js:6:161357 @ https://app.underdogsports.com/critical.31f216b47b46f64b.js:0
[   49587ms] [ERROR] TypeError: Cannot read properties of undefined (reading 'sportId')
    at appearance (https://app.underdogsports.com/2484.159be2cbd52ad448.js:1:4081)
    at https://app.underdogsports.com/npm..pnpm.6ed3d1c3a62b8914.js:14:211806
    at https://app.underdogsports.com/npm..pnpm.6ed3d1c3a62b8914.js:14:211830
    at a (https://app.underdogsports.com/npm..pnpm.6ed3d1c3a62b8914.js:14:210468)
    at https://app.underdogsports.com/npm..pnpm.6ed3d1c3a62b8914.js:14:211806
    at https://app.underdogsports.com/npm..pnpm.6ed3d1c3a62b8914.js:14:211830
    at a (https://app.underdogsports.com/npm..pnpm.6ed3d1c3a62b8914.js:14:210468)
    at a (https://app.underdogsports.com/npm..pnpm.6ed3d1c3a62b8914.js:2:565319)
    at e (https://app.underdogsports.com/npm..pnpm.6ed3d1c3a62b8914.js:6:161146)
    at https://app.underdogsports.com/npm..pnpm.6ed3d1c3a62b8914.js:6:161357 @ https://app.underdogsports.com/critical.31f216b47b46f64b.js:0
[   49587ms] [ERROR] TypeError: Cannot read properties of undefined (reading 'sportId')
    at appearance (https://app.underdogsports.com/2484.159be2cbd52ad448.js:1:4081)
    at https://app.underdogsports.com/npm..pnpm.6ed3d1c3a62b8914.js:14:211806
    at https://app.underdogsports.com/npm..pnpm.6ed3d1c3a62b8914.js:14:211830
    at a (https://app.underdogsports.com/npm..pnpm.6ed3d1c3a62b8914.js:14:210468)
    at https://app.underdogsports.com/npm..pnpm.6ed3d1c3a62b8914.js:14:211806
    at https://app.underdogsports.com/npm..pnpm.6ed3d1c3a62b8914.js:14:211830
    at a (https://app.underdogsports.com/npm..pnpm.6ed3d1c3a62b8914.js:14:210468)
    at a (https://app.underdogsports.com/npm..pnpm.6ed3d1c3a62b8914.js:2:565319)
    at e (https://app.underdogsports.com/npm..pnpm.6ed3d1c3a62b8914.js:6:161146)
    at https://app.underdogsports.com/npm..pnpm.6ed3d1c3a62b8914.js:6:161357 @ https://app.underdogsports.com/critical.31f216b47b46f64b.js:0
[   49588ms] [ERROR] TypeError: Cannot read properties of undefined (reading 'sportId')
    at appearance (https://app.underdogsports.com/2484.159be2cbd52ad448.js:1:4081)
    at https://app.underdogsports.com/npm..pnpm.6ed3d1c3a62b8914.js:14:211806
    at https://app.underdogsports.com/npm..pnpm.6ed3d1c3a62b8914.js:14:211830
    at a (https://app.underdogsports.com/npm..pnpm.6ed3d1c3a62b8914.js:14:210468)
    at https://app.underdogsports.com/npm..pnpm.6ed3d1c3a62b8914.js:14:211806
    at https://app.underdogsports.com/npm..pnpm.6ed3d1c3a62b8914.js:14:211830
    at a (https://app.underdogsports.com/npm..pnpm.6ed3d1c3a62b8914.js:14:210468)
    at a (https://app.underdogsports.com/npm..pnpm.6ed3d1c3a62b8914.js:2:565319)
    at e (https://app.underdogsports.com/npm..pnpm.6ed3d1c3a62b8914.js:6:161146)
    at https://app.underdogsports.com/npm..pnpm.6ed3d1c3a62b8914.js:6:161357 @ https://app.underdogsports.com/critical.31f216b47b46f64b.js:0
[   49589ms] [ERROR] TypeError: Cannot read properties of undefined (reading 'sportId')
    at appearance (https://app.underdogsports.com/2484.159be2cbd52ad448.js:1:4081)
    at https://app.underdogsports.com/npm..pnpm.6ed3d1c3a62b8914.js:14:211806
    at https://app.underdogsports.com/npm..pnpm.6ed3d1c3a62b8914.js:14:211830
    at a (https://app.underdogsports.com/npm..pnpm.6ed3d1c3a62b8914.js:14:210468)
    at https://app.underdogsports.com/npm..pnpm.6ed3d1c3a62b8914.js:14:211806
    at https://app.underdogsports.com/npm..pnpm.6ed3d1c3a62b8914.js:14:211830
    at a (https://app.underdogsports.com/npm..pnpm.6ed3d1c3a62b8914.js:14:210468)
    at a (https://app.underdogsports.com/npm..pnpm.6ed3d1c3a62b8914.js:2:565319)
    at e (https://app.underdogsports.com/npm..pnpm.6ed3d1c3a62b8914.js:6:161146)
    at https://app.underdogsports.com/npm..pnpm.6ed3d1c3a62b8914.js:6:161357 @ https://app.underdogsports.com/critical.31f216b47b46f64b.js:0
[   49589ms] [ERROR] TypeError: Cannot read properties of undefined (reading 'sportId')
    at appearance (https://app.underdogsports.com/2484.159be2cbd52ad448.js:1:4081)
    at https://app.underdogsports.com/npm..pnpm.6ed3d1c3a62b8914.js:14:211806
    at https://app.underdogsports.com/npm..pnpm.6ed3d1c3a62b8914.js:14:211830
    at a (https://app.underdogsports.com/npm..pnpm.6ed3d1c3a62b8914.js:14:210468)
    at https://app.underdogsports.com/npm..pnpm.6ed3d1c3a62b8914.js:14:211806
    at https://app.underdogsports.com/npm..pnpm.6ed3d1c3a62b8914.js:14:211830
    at a (https://app.underdogsports.com/npm..pnpm.6ed3d1c3a62b8914.js:14:210468)
    at a (https://app.underdogsports.com/npm..pnpm.6ed3d1c3a62b8914.js:2:565319)
    at e (https://app.underdogsports.com/npm..pnpm.6ed3d1c3a62b8914.js:6:161146)
    at https://app.underdogsports.com/npm..pnpm.6ed3d1c3a62b8914.js:6:161357 @ https://app.underdogsports.com/critical.31f216b47b46f64b.js:0
[   73086ms] [ERROR] Failed to load resource: net::ERR_CONNECTION_CLOSED @ https://app.underdogsports.com/7338.90bb36372de8df3c.js:0
[   73086ms] [ERROR] Failed to load resource: net::ERR_CONNECTION_CLOSED @ https://app.underdogsports.com/8796.eabc69ee8e1ccfae.js:0
[   73092ms] [ERROR] ChunkLoadError: Loading chunk 7338 failed.
(error: https://app.underdogsports.com/7338.90bb36372de8df3c.js)
    at c.f.j (https://app.underdogsports.com/runtime.e13dd845e29f9575.js:1:16643)
    at https://app.underdogsports.com/runtime.e13dd845e29f9575.js:1:844
    at Array.reduce (<anonymous>)
    at c.e (https://app.underdogsports.com/runtime.e13dd845e29f9575.js:1:823)
    at https://app.underdogsports.com/entry.app.834a6c7415e617f5.js:1:21742
    at O (https://app.underdogsports.com/critical.31f216b47b46f64b.js:4:245750)
    at s (https://app.underdogsports.com/critical.31f216b47b46f64b.js:4:232780)
    at lF (https://app.underdogsports.com/critical.31f216b47b46f64b.js:4:211985)
    at lD (https://app.underdogsports.com/critical.31f216b47b46f64b.js:4:211855)
    at lE (https://app.underdogsports.com/critical.31f216b47b46f64b.js:4:206928) @ https://app.underdogsports.com/critical.31f216b47b46f64b.js:0
[   73099ms] [ERROR] ChunkLoadError: Loading chunk 8796 failed.
(error: https://app.underdogsports.com/8796.eabc69ee8e1ccfae.js)
    at c.f.j (https://app.underdogsports.com/runtime.e13dd845e29f9575.js:1:16643)
    at https://app.underdogsports.com/runtime.e13dd845e29f9575.js:1:844
    at Array.reduce (<anonymous>)
    at c.e (https://app.underdogsports.com/runtime.e13dd845e29f9575.js:1:823)
    at https://app.underdogsports.com/entry.app.834a6c7415e617f5.js:1:22248
    at O (https://app.underdogsports.com/critical.31f216b47b46f64b.js:4:245750)
    at s (https://app.underdogsports.com/critical.31f216b47b46f64b.js:4:232780)
    at lF (https://app.underdogsports.com/critical.31f216b47b46f64b.js:4:211985)
    at lD (https://app.underdogsports.com/critical.31f216b47b46f64b.js:4:211855)
    at lE (https://app.underdogsports.com/critical.31f216b47b46f64b.js:4:206928) @ https://app.underdogsports.com/critical.31f216b47b46f64b.js:0
[  129665ms] [ERROR] ChunkLoadError: Loading chunk 7338 failed.
(error: https://app.underdogsports.com/7338.90bb36372de8df3c.js)
    at c.f.j (https://app.underdogsports.com/runtime.e13dd845e29f9575.js:1:16643)
    at https://app.underdogsports.com/runtime.e13dd845e29f9575.js:1:844
    at Array.reduce (<anonymous>)
    at c.e (https://app.underdogsports.com/runtime.e13dd845e29f9575.js:1:823)
    at https://app.underdogsports.com/entry.app.834a6c7415e617f5.js:1:21742
    at O (https://app.underdogsports.com/critical.31f216b47b46f64b.js:4:245750)
    at s (https://app.underdogsports.com/critical.31f216b47b46f64b.js:4:232780)
    at lF (https://app.underdogsports.com/critical.31f216b47b46f64b.js:4:211985)
    at lD (https://app.underdogsports.com/critical.31f216b47b46f64b.js:4:211855)
    at lE (https://app.underdogsports.com/critical.31f216b47b46f64b.js:4:206928) @ https://app.underdogsports.com/critical.31f216b47b46f64b.js:0
