[   40253ms] [ERROR] Failed to load resource: the server responded with a status of 422 () @ https://api.underdogfantasy.com/v1/user/state_configs?product=fantasy&product_experience_id=018e1234-5678-9abc-def0-123456789006&state_config_id=725014ef-3570-4e93-871d-d69674ab3521:0
[   69772ms] [ERROR] Failed to load resource: net::ERR_NETWORK_IO_SUSPENDED @ https://api-iam.intercom.io/messenger/web/launcher_settings:0
[   69772ms] [ERROR] Failed to load resource: net::ERR_NETWORK_IO_SUSPENDED @ https://api2.amplitude.com/2/httpapi:0
[   69773ms] [ERROR] Amplitude Logger [Error]: Failed to fetch @ https://app.underdogsports.com/critical.31f216b47b46f64b.js:0
[   69773ms] [WARNING] Amplitude Logger [Warn]: {code: 0, error: "Status 'failed' provided for 1 events"} @ https://app.underdogsports.com/npm..pnpm.6ed3d1c3a62b8914.js:0
[   69774ms] [ERROR] Failed to load resource: net::ERR_NETWORK_IO_SUSPENDED @ https://api-verified.radar.io/v1/track:0
[   69774ms] [ERROR] Radar SDK: trackVerified error: Request timed out. @ https://app.underdogsports.com/critical.31f216b47b46f64b.js:0
[  116563ms] [ERROR] Radar SDK: trackVerified error: Could not determine location. @ https://app.underdogsports.com/critical.31f216b47b46f64b.js:0
[  128606ms] [ERROR] Failed to load resource: net::ERR_NETWORK_CHANGED @ https://api.radar.io/v1/ping:0
[  128606ms] [ERROR] Radar SDK: Error checking IP: RadarNetworkError: Request timed out. @ https://app.underdogsports.com/critical.31f216b47b46f64b.js:0
[  180495ms] [ERROR] Failed to load resource: net::ERR_INTERNET_DISCONNECTED @ https://api.radar.io/v1/ping:0
[  180496ms] [ERROR] Radar SDK: Error checking IP: RadarNetworkError: Request timed out. @ https://app.underdogsports.com/critical.31f216b47b46f64b.js:0
[  777059ms] [ERROR] Radar SDK: trackVerified error: Could not determine location. @ https://app.underdogsports.com/critical.31f216b47b46f64b.js:0
[  781795ms] [ERROR] Failed to load resource: net::ERR_INTERNET_DISCONNECTED @ https://browser-intake-datadoghq.com/api/v2/rum?ddsource=browser&ddtags=sdk_version%3A6.6.4%2Capi%3Afetch-keepalive%2Cenv%3Aproduction%2Cservice%3Aweb-app%2Cversion%3A20260515173009&dd-api-key=pubd3c63a4b58fa5f1c43894daefa6a606c&dd-evp-origin-version=6.6.4&dd-evp-origin=browser&dd-request-id=16d05864-ffe0-4ef3-bf26-5f4e32835e43&batch_time=1778970999224:0
[  781801ms] [ERROR] Failed to load resource: net::ERR_INTERNET_DISCONNECTED @ https://browser-intake-datadoghq.com/api/v2/rum?ddsource=browser&ddtags=sdk_version%3A6.6.4%2Capi%3Afetch%2Cenv%3Aproduction%2Cservice%3Aweb-app%2Cversion%3A20260515173009&dd-api-key=pubd3c63a4b58fa5f1c43894daefa6a606c&dd-evp-origin-version=6.6.4&dd-evp-origin=browser&dd-request-id=36ce2d9d-7104-4122-866d-2ea549492348&batch_time=1778970999242:0
[  782806ms] [ERROR] Failed to load resource: net::ERR_INTERNET_DISCONNECTED @ https://browser-intake-datadoghq.com/api/v2/rum?ddsource=browser&ddtags=sdk_version%3A6.6.4%2Capi%3Afetch-keepalive%2Cenv%3Aproduction%2Cservice%3Aweb-app%2Cversion%3A20260515173009%2Cretry_count%3A1%2Cretry_after%3A0&dd-api-key=pubd3c63a4b58fa5f1c43894daefa6a606c&dd-evp-origin-version=6.6.4&dd-evp-origin=browser&dd-request-id=f759f015-87df-4ea2-b45c-3d6c1bf12ec6&batch_time=1778971000248:0
[  782809ms] [ERROR] Failed to load resource: net::ERR_INTERNET_DISCONNECTED @ https://browser-intake-datadoghq.com/api/v2/rum?ddsource=browser&ddtags=sdk_version%3A6.6.4%2Capi%3Afetch%2Cenv%3Aproduction%2Cservice%3Aweb-app%2Cversion%3A20260515173009%2Cretry_count%3A1%2Cretry_after%3A0&dd-api-key=pubd3c63a4b58fa5f1c43894daefa6a606c&dd-evp-origin-version=6.6.4&dd-evp-origin=browser&dd-request-id=01b06718-5655-43f6-af60-cf38c3dc5220&batch_time=1778971000252:0
[  784817ms] [ERROR] Failed to load resource: net::ERR_INTERNET_DISCONNECTED @ https://browser-intake-datadoghq.com/api/v2/rum?ddsource=browser&ddtags=sdk_version%3A6.6.4%2Capi%3Afetch-keepalive%2Cenv%3Aproduction%2Cservice%3Aweb-app%2Cversion%3A20260515173009%2Cretry_count%3A2%2Cretry_after%3A0&dd-api-key=pubd3c63a4b58fa5f1c43894daefa6a606c&dd-evp-origin-version=6.6.4&dd-evp-origin=browser&dd-request-id=33d38abd-d492-42c7-95f9-46c0c74fb34b&batch_time=1778971002257:0
[  784820ms] [ERROR] Failed to load resource: net::ERR_INTERNET_DISCONNECTED @ https://browser-intake-datadoghq.com/api/v2/rum?ddsource=browser&ddtags=sdk_version%3A6.6.4%2Capi%3Afetch%2Cenv%3Aproduction%2Cservice%3Aweb-app%2Cversion%3A20260515173009%2Cretry_count%3A2%2Cretry_after%3A0&dd-api-key=pubd3c63a4b58fa5f1c43894daefa6a606c&dd-evp-origin-version=6.6.4&dd-evp-origin=browser&dd-request-id=bf96762e-d766-4474-83de-c488df60d486&batch_time=1778971002262:0
[  785350ms] [ERROR] Failed to load resource: net::ERR_INTERNET_DISCONNECTED @ https://api.radar.io/v1/ping:0
[  785353ms] [ERROR] Radar SDK: Error checking IP: RadarNetworkError: Request timed out. @ https://app.underdogsports.com/critical.31f216b47b46f64b.js:0
[  788827ms] [ERROR] Failed to load resource: net::ERR_INTERNET_DISCONNECTED @ https://browser-intake-datadoghq.com/api/v2/rum?ddsource=browser&ddtags=sdk_version%3A6.6.4%2Capi%3Afetch-keepalive%2Cenv%3Aproduction%2Cservice%3Aweb-app%2Cversion%3A20260515173009%2Cretry_count%3A3%2Cretry_after%3A0&dd-api-key=pubd3c63a4b58fa5f1c43894daefa6a606c&dd-evp-origin-version=6.6.4&dd-evp-origin=browser&dd-request-id=7b211b35-493c-4ad9-bb5c-781d4755e219&batch_time=1778971006267:0
[  788831ms] [ERROR] Failed to load resource: net::ERR_INTERNET_DISCONNECTED @ https://browser-intake-datadoghq.com/api/v2/rum?ddsource=browser&ddtags=sdk_version%3A6.6.4%2Capi%3Afetch%2Cenv%3Aproduction%2Cservice%3Aweb-app%2Cversion%3A20260515173009%2Cretry_count%3A3%2Cretry_after%3A0&dd-api-key=pubd3c63a4b58fa5f1c43894daefa6a606c&dd-evp-origin-version=6.6.4&dd-evp-origin=browser&dd-request-id=7f833ef8-e3a9-4bc7-ab95-a24a0fb8751a&batch_time=1778971006273:0
[  795347ms] [ERROR] Failed to load resource: net::ERR_INTERNET_DISCONNECTED @ https://api.radar.io/v1/ping:0
[  795347ms] [ERROR] Radar SDK: Error checking IP: RadarNetworkError: Request timed out. @ https://app.underdogsports.com/critical.31f216b47b46f64b.js:0
[  796838ms] [ERROR] Failed to load resource: net::ERR_INTERNET_DISCONNECTED @ https://browser-intake-datadoghq.com/api/v2/rum?ddsource=browser&ddtags=sdk_version%3A6.6.4%2Capi%3Afetch-keepalive%2Cenv%3Aproduction%2Cservice%3Aweb-app%2Cversion%3A20260515173009%2Cretry_count%3A4%2Cretry_after%3A0&dd-api-key=pubd3c63a4b58fa5f1c43894daefa6a606c&dd-evp-origin-version=6.6.4&dd-evp-origin=browser&dd-request-id=d13460c1-5fc9-46e6-b785-165b7525cc2d&batch_time=1778971014277:0
[  796843ms] [ERROR] Failed to load resource: net::ERR_INTERNET_DISCONNECTED @ https://browser-intake-datadoghq.com/api/v2/rum?ddsource=browser&ddtags=sdk_version%3A6.6.4%2Capi%3Afetch%2Cenv%3Aproduction%2Cservice%3Aweb-app%2Cversion%3A20260515173009%2Cretry_count%3A4%2Cretry_after%3A0&dd-api-key=pubd3c63a4b58fa5f1c43894daefa6a606c&dd-evp-origin-version=6.6.4&dd-evp-origin=browser&dd-request-id=0aaaa04d-b2bf-4426-87da-2b5a4518a2e3&batch_time=1778971014284:0
[  800064ms] [ERROR] WebSocket connection to 'wss://ws-mt1.pusher.com/app/d65207c183930ff953dc?protocol=7&client=js&version=8.3.0&flash=false' failed: Error in connection establishment: net::ERR_INTERNET_DISCONNECTED @ https://app.underdogsports.com/npm..pnpm.6ed3d1c3a62b8914.js:1
[  800067ms] [ERROR] WebSocket connection to 'wss://ws-mt1.pusher.com/app/d65207c183930ff953dc?protocol=7&client=js&version=8.3.0&flash=false' failed: Error in connection establishment: net::ERR_INTERNET_DISCONNECTED @ https://app.underdogsports.com/npm..pnpm.6ed3d1c3a62b8914.js:1
[  802075ms] [ERROR] Failed to load resource: net::ERR_INTERNET_DISCONNECTED @ https://sockjs-mt1.pusher.com/pusher/app/d65207c183930ff953dc/75/btvn1ftb/xhr_streaming?protocol=7&client=js&version=8.3.0&t=1778971019515&n=1:0
[  805345ms] [ERROR] Failed to load resource: net::ERR_INTERNET_DISCONNECTED @ https://api.radar.io/v1/ping:0
[  805345ms] [ERROR] Radar SDK: Error checking IP: RadarNetworkError: Request timed out. @ https://app.underdogsports.com/critical.31f216b47b46f64b.js:0
[  806081ms] [ERROR] Failed to load resource: net::ERR_INTERNET_DISCONNECTED @ https://sockjs-mt1.pusher.com/pusher/app/d65207c183930ff953dc/466/ulr2rr75/xhr?protocol=7&client=js&version=8.3.0&t=1778971023520&n=2:0
[  812851ms] [ERROR] Failed to load resource: net::ERR_INTERNET_DISCONNECTED @ https://browser-intake-datadoghq.com/api/v2/rum?ddsource=browser&ddtags=sdk_version%3A6.6.4%2Capi%3Afetch-keepalive%2Cenv%3Aproduction%2Cservice%3Aweb-app%2Cversion%3A20260515173009%2Cretry_count%3A5%2Cretry_after%3A0&dd-api-key=pubd3c63a4b58fa5f1c43894daefa6a606c&dd-evp-origin-version=6.6.4&dd-evp-origin=browser&dd-request-id=830203bf-4901-445b-98b6-3f55885ce29d&batch_time=1778971030291:0
[  812855ms] [ERROR] Failed to load resource: net::ERR_INTERNET_DISCONNECTED @ https://browser-intake-datadoghq.com/api/v2/rum?ddsource=browser&ddtags=sdk_version%3A6.6.4%2Capi%3Afetch%2Cenv%3Aproduction%2Cservice%3Aweb-app%2Cversion%3A20260515173009%2Cretry_count%3A5%2Cretry_after%3A0&dd-api-key=pubd3c63a4b58fa5f1c43894daefa6a606c&dd-evp-origin-version=6.6.4&dd-evp-origin=browser&dd-request-id=7d243133-3f65-4317-948f-a70ac886fae2&batch_time=1778971030297:0
[  815071ms] [ERROR] WebSocket connection to 'wss://ws-mt1.pusher.com/app/d65207c183930ff953dc?protocol=7&client=js&version=8.3.0&flash=false' failed: Error in connection establishment: net::ERR_INTERNET_DISCONNECTED @ https://app.underdogsports.com/npm..pnpm.6ed3d1c3a62b8914.js:1
[  815346ms] [ERROR] Failed to load resource: net::ERR_INTERNET_DISCONNECTED @ https://api.radar.io/v1/ping:0
[  815346ms] [ERROR] Radar SDK: Error checking IP: RadarNetworkError: Request timed out. @ https://app.underdogsports.com/critical.31f216b47b46f64b.js:0
[  817074ms] [ERROR] Failed to load resource: net::ERR_INTERNET_DISCONNECTED @ https://sockjs-mt1.pusher.com/pusher/app/d65207c183930ff953dc/19/anmebl6m/xhr_streaming?protocol=7&client=js&version=8.3.0&t=1778971034514&n=3:0
[  821082ms] [ERROR] Failed to load resource: net::ERR_INTERNET_DISCONNECTED @ https://sockjs-mt1.pusher.com/pusher/app/d65207c183930ff953dc/635/kl9nb7ft/xhr?protocol=7&client=js&version=8.3.0&t=1778971038518&n=4:0
[  825347ms] [ERROR] Failed to load resource: net::ERR_INTERNET_DISCONNECTED @ https://api.radar.io/v1/ping:0
[  825347ms] [ERROR] Radar SDK: Error checking IP: RadarNetworkError: Request timed out. @ https://app.underdogsports.com/critical.31f216b47b46f64b.js:0
[  832076ms] [ERROR] Failed to load resource: net::ERR_INTERNET_DISCONNECTED @ https://sockjs-mt1.pusher.com/pusher/app/d65207c183930ff953dc/716/70jb6nrg/xhr_streaming?protocol=7&client=js&version=8.3.0&t=1778971049515&n=5:0
[  835346ms] [ERROR] Failed to load resource: net::ERR_INTERNET_DISCONNECTED @ https://api.radar.io/v1/ping:0
[  835346ms] [ERROR] Radar SDK: Error checking IP: RadarNetworkError: Request timed out. @ https://app.underdogsports.com/critical.31f216b47b46f64b.js:0
[  836081ms] [ERROR] Failed to load resource: net::ERR_INTERNET_DISCONNECTED @ https://sockjs-mt1.pusher.com/pusher/app/d65207c183930ff953dc/198/gmd7puso/xhr?protocol=7&client=js&version=8.3.0&t=1778971053519&n=6:0
[  844862ms] [ERROR] Failed to load resource: net::ERR_INTERNET_DISCONNECTED @ https://browser-intake-datadoghq.com/api/v2/rum?ddsource=browser&ddtags=sdk_version%3A6.6.4%2Capi%3Afetch-keepalive%2Cenv%3Aproduction%2Cservice%3Aweb-app%2Cversion%3A20260515173009%2Cretry_count%3A6%2Cretry_after%3A0&dd-api-key=pubd3c63a4b58fa5f1c43894daefa6a606c&dd-evp-origin-version=6.6.4&dd-evp-origin=browser&dd-request-id=480352a7-70de-47a8-9bc3-1e1485ccf3df&batch_time=1778971062301:0
[  844865ms] [ERROR] Failed to load resource: net::ERR_INTERNET_DISCONNECTED @ https://browser-intake-datadoghq.com/api/v2/rum?ddsource=browser&ddtags=sdk_version%3A6.6.4%2Capi%3Afetch%2Cenv%3Aproduction%2Cservice%3Aweb-app%2Cversion%3A20260515173009%2Cretry_count%3A6%2Cretry_after%3A0&dd-api-key=pubd3c63a4b58fa5f1c43894daefa6a606c&dd-evp-origin-version=6.6.4&dd-evp-origin=browser&dd-request-id=8e948668-e2ac-458a-9568-db8a473dfc6a&batch_time=1778971062307:0
[  845071ms] [ERROR] WebSocket connection to 'wss://ws-mt1.pusher.com/app/d65207c183930ff953dc?protocol=7&client=js&version=8.3.0&flash=false' failed: Error in connection establishment: net::ERR_INTERNET_DISCONNECTED @ https://app.underdogsports.com/npm..pnpm.6ed3d1c3a62b8914.js:1
[  845347ms] [ERROR] Failed to load resource: net::ERR_INTERNET_DISCONNECTED @ https://api.radar.io/v1/ping:0
[  845348ms] [ERROR] Radar SDK: Error checking IP: RadarNetworkError: Request timed out. @ https://app.underdogsports.com/critical.31f216b47b46f64b.js:0
[  847076ms] [ERROR] Failed to load resource: net::ERR_INTERNET_DISCONNECTED @ https://sockjs-mt1.pusher.com/pusher/app/d65207c183930ff953dc/381/m47he1g2/xhr_streaming?protocol=7&client=js&version=8.3.0&t=1778971064516&n=7:0
[  851080ms] [ERROR] Failed to load resource: net::ERR_INTERNET_DISCONNECTED @ https://sockjs-mt1.pusher.com/pusher/app/d65207c183930ff953dc/830/e7h727ui/xhr?protocol=7&client=js&version=8.3.0&t=1778971068520&n=8:0
[  855346ms] [ERROR] Failed to load resource: net::ERR_INTERNET_DISCONNECTED @ https://api.radar.io/v1/ping:0
[  855346ms] [ERROR] Radar SDK: Error checking IP: RadarNetworkError: Request timed out. @ https://app.underdogsports.com/critical.31f216b47b46f64b.js:0
[  862077ms] [ERROR] Failed to load resource: net::ERR_INTERNET_DISCONNECTED @ https://sockjs-mt1.pusher.com/pusher/app/d65207c183930ff953dc/977/b87hm0qo/xhr_streaming?protocol=7&client=js&version=8.3.0&t=1778971079517&n=9:0
[  865346ms] [ERROR] Failed to load resource: net::ERR_INTERNET_DISCONNECTED @ https://api.radar.io/v1/ping:0
[  865346ms] [ERROR] Radar SDK: Error checking IP: RadarNetworkError: Request timed out. @ https://app.underdogsports.com/critical.31f216b47b46f64b.js:0
[  866081ms] [ERROR] Failed to load resource: net::ERR_INTERNET_DISCONNECTED @ https://sockjs-mt1.pusher.com/pusher/app/d65207c183930ff953dc/38/s5skdcto/xhr?protocol=7&client=js&version=8.3.0&t=1778971083522&n=10:0
[  875346ms] [ERROR] Failed to load resource: net::ERR_INTERNET_DISCONNECTED @ https://api.radar.io/v1/ping:0
[  875346ms] [ERROR] Radar SDK: Error checking IP: RadarNetworkError: Request timed out. @ https://app.underdogsports.com/critical.31f216b47b46f64b.js:0
[  885345ms] [ERROR] Failed to load resource: net::ERR_INTERNET_DISCONNECTED @ https://api.radar.io/v1/ping:0
[  885346ms] [ERROR] Radar SDK: Error checking IP: RadarNetworkError: Request timed out. @ https://app.underdogsports.com/critical.31f216b47b46f64b.js:0
[  892080ms] [ERROR] Failed to load resource: net::ERR_INTERNET_DISCONNECTED @ https://sockjs-mt1.pusher.com/pusher/app/d65207c183930ff953dc/248/utcnqecg/xhr_streaming?protocol=7&client=js&version=8.3.0&t=1778971109520&n=11:0
[  895346ms] [ERROR] Failed to load resource: net::ERR_INTERNET_DISCONNECTED @ https://api.radar.io/v1/ping:0
[  895346ms] [ERROR] Radar SDK: Error checking IP: RadarNetworkError: Request timed out. @ https://app.underdogsports.com/critical.31f216b47b46f64b.js:0
[  896083ms] [ERROR] Failed to load resource: net::ERR_INTERNET_DISCONNECTED @ https://sockjs-mt1.pusher.com/pusher/app/d65207c183930ff953dc/510/59rhbegp/xhr?protocol=7&client=js&version=8.3.0&t=1778971113523&n=12:0
[  904872ms] [ERROR] Failed to load resource: net::ERR_INTERNET_DISCONNECTED @ https://browser-intake-datadoghq.com/api/v2/rum?ddsource=browser&ddtags=sdk_version%3A6.6.4%2Capi%3Afetch-keepalive%2Cenv%3Aproduction%2Cservice%3Aweb-app%2Cversion%3A20260515173009%2Cretry_count%3A7%2Cretry_after%3A0&dd-api-key=pubd3c63a4b58fa5f1c43894daefa6a606c&dd-evp-origin-version=6.6.4&dd-evp-origin=browser&dd-request-id=dbc98d79-660a-4d64-aafa-8cd2e8959169&batch_time=1778971122312:0
[  904875ms] [ERROR] Failed to load resource: net::ERR_INTERNET_DISCONNECTED @ https://browser-intake-datadoghq.com/api/v2/rum?ddsource=browser&ddtags=sdk_version%3A6.6.4%2Capi%3Afetch%2Cenv%3Aproduction%2Cservice%3Aweb-app%2Cversion%3A20260515173009%2Cretry_count%3A7%2Cretry_after%3A0&dd-api-key=pubd3c63a4b58fa5f1c43894daefa6a606c&dd-evp-origin-version=6.6.4&dd-evp-origin=browser&dd-request-id=1461b1ec-1cb6-4bfa-bda7-10d2c0d77d15&batch_time=1778971122318:0
[  905071ms] [ERROR] WebSocket connection to 'wss://ws-mt1.pusher.com/app/d65207c183930ff953dc?protocol=7&client=js&version=8.3.0&flash=false' failed: Error in connection establishment: net::ERR_INTERNET_DISCONNECTED @ https://app.underdogsports.com/npm..pnpm.6ed3d1c3a62b8914.js:1
[  905346ms] [ERROR] Failed to load resource: net::ERR_INTERNET_DISCONNECTED @ https://api.radar.io/v1/ping:0
[  905346ms] [ERROR] Radar SDK: Error checking IP: RadarNetworkError: Request timed out. @ https://app.underdogsports.com/critical.31f216b47b46f64b.js:0
[  907077ms] [ERROR] Failed to load resource: net::ERR_INTERNET_DISCONNECTED @ https://sockjs-mt1.pusher.com/pusher/app/d65207c183930ff953dc/847/cgoe8b7g/xhr_streaming?protocol=7&client=js&version=8.3.0&t=1778971124517&n=13:0
[  911079ms] [ERROR] Failed to load resource: net::ERR_INTERNET_DISCONNECTED @ https://sockjs-mt1.pusher.com/pusher/app/d65207c183930ff953dc/389/14b160cb/xhr?protocol=7&client=js&version=8.3.0&t=1778971128520&n=14:0
[  915347ms] [ERROR] Failed to load resource: net::ERR_INTERNET_DISCONNECTED @ https://api.radar.io/v1/ping:0
[  915348ms] [ERROR] Radar SDK: Error checking IP: RadarNetworkError: Request timed out. @ https://app.underdogsports.com/critical.31f216b47b46f64b.js:0
[  922079ms] [ERROR] Failed to load resource: net::ERR_INTERNET_DISCONNECTED @ https://sockjs-mt1.pusher.com/pusher/app/d65207c183930ff953dc/216/gvv36mir/xhr_streaming?protocol=7&client=js&version=8.3.0&t=1778971139519&n=15:0
[  925347ms] [ERROR] Failed to load resource: net::ERR_INTERNET_DISCONNECTED @ https://api.radar.io/v1/ping:0
[  925348ms] [ERROR] Radar SDK: Error checking IP: RadarNetworkError: Request timed out. @ https://app.underdogsports.com/critical.31f216b47b46f64b.js:0
[  926081ms] [ERROR] Failed to load resource: net::ERR_INTERNET_DISCONNECTED @ https://sockjs-mt1.pusher.com/pusher/app/d65207c183930ff953dc/750/r52u3tru/xhr?protocol=7&client=js&version=8.3.0&t=1778971143521&n=16:0
[  935347ms] [ERROR] Failed to load resource: net::ERR_INTERNET_DISCONNECTED @ https://api.radar.io/v1/ping:0
[  935347ms] [ERROR] Radar SDK: Error checking IP: RadarNetworkError: Request timed out. @ https://app.underdogsports.com/critical.31f216b47b46f64b.js:0
[  945346ms] [ERROR] Failed to load resource: net::ERR_INTERNET_DISCONNECTED @ https://api.radar.io/v1/ping:0
[  945346ms] [ERROR] Radar SDK: Error checking IP: RadarNetworkError: Request timed out. @ https://app.underdogsports.com/critical.31f216b47b46f64b.js:0
[  952081ms] [ERROR] Failed to load resource: net::ERR_INTERNET_DISCONNECTED @ https://sockjs-mt1.pusher.com/pusher/app/d65207c183930ff953dc/380/u9cb50ck/xhr_streaming?protocol=7&client=js&version=8.3.0&t=1778971169520&n=17:0
[  955345ms] [ERROR] Failed to load resource: net::ERR_INTERNET_DISCONNECTED @ https://api.radar.io/v1/ping:0
[  955345ms] [ERROR] Radar SDK: Error checking IP: RadarNetworkError: Request timed out. @ https://app.underdogsports.com/critical.31f216b47b46f64b.js:0
[  956082ms] [ERROR] Failed to load resource: net::ERR_INTERNET_DISCONNECTED @ https://sockjs-mt1.pusher.com/pusher/app/d65207c183930ff953dc/420/8usaj0ln/xhr?protocol=7&client=js&version=8.3.0&t=1778971173522&n=18:0
[  964883ms] [ERROR] Failed to load resource: net::ERR_INTERNET_DISCONNECTED @ https://browser-intake-datadoghq.com/api/v2/rum?ddsource=browser&ddtags=sdk_version%3A6.6.4%2Capi%3Afetch-keepalive%2Cenv%3Aproduction%2Cservice%3Aweb-app%2Cversion%3A20260515173009%2Cretry_count%3A8%2Cretry_after%3A0&dd-api-key=pubd3c63a4b58fa5f1c43894daefa6a606c&dd-evp-origin-version=6.6.4&dd-evp-origin=browser&dd-request-id=aa2fd526-2531-4357-a012-990889472a6b&batch_time=1778971182323:0
[  964887ms] [ERROR] Failed to load resource: net::ERR_INTERNET_DISCONNECTED @ https://browser-intake-datadoghq.com/api/v2/rum?ddsource=browser&ddtags=sdk_version%3A6.6.4%2Capi%3Afetch%2Cenv%3Aproduction%2Cservice%3Aweb-app%2Cversion%3A20260515173009%2Cretry_count%3A8%2Cretry_after%3A0&dd-api-key=pubd3c63a4b58fa5f1c43894daefa6a606c&dd-evp-origin-version=6.6.4&dd-evp-origin=browser&dd-request-id=7f5ff4a1-3e83-4a8f-90e2-a9263e4a263d&batch_time=1778971182329:0
[  965072ms] [ERROR] WebSocket connection to 'wss://ws-mt1.pusher.com/app/d65207c183930ff953dc?protocol=7&client=js&version=8.3.0&flash=false' failed: Error in connection establishment: net::ERR_INTERNET_DISCONNECTED @ https://app.underdogsports.com/npm..pnpm.6ed3d1c3a62b8914.js:1
[  965345ms] [ERROR] Failed to load resource: net::ERR_INTERNET_DISCONNECTED @ https://api.radar.io/v1/ping:0
[  965346ms] [ERROR] Radar SDK: Error checking IP: RadarNetworkError: Request timed out. @ https://app.underdogsports.com/critical.31f216b47b46f64b.js:0
[  967078ms] [ERROR] Failed to load resource: net::ERR_INTERNET_DISCONNECTED @ https://sockjs-mt1.pusher.com/pusher/app/d65207c183930ff953dc/33/r1rhgb3p/xhr_streaming?protocol=7&client=js&version=8.3.0&t=1778971184518&n=19:0
[  971082ms] [ERROR] Failed to load resource: net::ERR_INTERNET_DISCONNECTED @ https://sockjs-mt1.pusher.com/pusher/app/d65207c183930ff953dc/564/5n7a8jcq/xhr?protocol=7&client=js&version=8.3.0&t=1778971188522&n=20:0
[  975345ms] [ERROR] Failed to load resource: net::ERR_INTERNET_DISCONNECTED @ https://api.radar.io/v1/ping:0
[  975346ms] [ERROR] Radar SDK: Error checking IP: RadarNetworkError: Request timed out. @ https://app.underdogsports.com/critical.31f216b47b46f64b.js:0
[  982080ms] [ERROR] Failed to load resource: net::ERR_INTERNET_DISCONNECTED @ https://sockjs-mt1.pusher.com/pusher/app/d65207c183930ff953dc/438/1vepkc0a/xhr_streaming?protocol=7&client=js&version=8.3.0&t=1778971199519&n=21:0
[  985347ms] [ERROR] Failed to load resource: net::ERR_INTERNET_DISCONNECTED @ https://api.radar.io/v1/ping:0
[  985347ms] [ERROR] Radar SDK: Error checking IP: RadarNetworkError: Request timed out. @ https://app.underdogsports.com/critical.31f216b47b46f64b.js:0
[  986083ms] [ERROR] Failed to load resource: net::ERR_INTERNET_DISCONNECTED @ https://sockjs-mt1.pusher.com/pusher/app/d65207c183930ff953dc/213/oafm2q7g/xhr?protocol=7&client=js&version=8.3.0&t=1778971203523&n=22:0
[  995346ms] [ERROR] Failed to load resource: net::ERR_INTERNET_DISCONNECTED @ https://api.radar.io/v1/ping:0
[  995346ms] [ERROR] Radar SDK: Error checking IP: RadarNetworkError: Request timed out. @ https://app.underdogsports.com/critical.31f216b47b46f64b.js:0
[ 1005347ms] [ERROR] Failed to load resource: net::ERR_INTERNET_DISCONNECTED @ https://api.radar.io/v1/ping:0
[ 1005348ms] [ERROR] Radar SDK: Error checking IP: RadarNetworkError: Request timed out. @ https://app.underdogsports.com/critical.31f216b47b46f64b.js:0
[ 1012081ms] [ERROR] Failed to load resource: net::ERR_INTERNET_DISCONNECTED @ https://sockjs-mt1.pusher.com/pusher/app/d65207c183930ff953dc/233/88ebgb2j/xhr_streaming?protocol=7&client=js&version=8.3.0&t=1778971229521&n=23:0
[ 1015346ms] [ERROR] Failed to load resource: net::ERR_INTERNET_DISCONNECTED @ https://api.radar.io/v1/ping:0
[ 1015346ms] [ERROR] Radar SDK: Error checking IP: RadarNetworkError: Request timed out. @ https://app.underdogsports.com/critical.31f216b47b46f64b.js:0
[ 1016085ms] [ERROR] Failed to load resource: net::ERR_INTERNET_DISCONNECTED @ https://sockjs-mt1.pusher.com/pusher/app/d65207c183930ff953dc/814/74homdbt/xhr?protocol=7&client=js&version=8.3.0&t=1778971233525&n=24:0
[ 1024895ms] [ERROR] Failed to load resource: net::ERR_INTERNET_DISCONNECTED @ https://browser-intake-datadoghq.com/api/v2/rum?ddsource=browser&ddtags=sdk_version%3A6.6.4%2Capi%3Afetch-keepalive%2Cenv%3Aproduction%2Cservice%3Aweb-app%2Cversion%3A20260515173009%2Cretry_count%3A9%2Cretry_after%3A0&dd-api-key=pubd3c63a4b58fa5f1c43894daefa6a606c&dd-evp-origin-version=6.6.4&dd-evp-origin=browser&dd-request-id=07ba2828-5d7c-4d3f-be4a-df36ef1f6cd7&batch_time=1778971242334:0
[ 1024898ms] [ERROR] Failed to load resource: net::ERR_INTERNET_DISCONNECTED @ https://browser-intake-datadoghq.com/api/v2/rum?ddsource=browser&ddtags=sdk_version%3A6.6.4%2Capi%3Afetch%2Cenv%3Aproduction%2Cservice%3Aweb-app%2Cversion%3A20260515173009%2Cretry_count%3A9%2Cretry_after%3A0&dd-api-key=pubd3c63a4b58fa5f1c43894daefa6a606c&dd-evp-origin-version=6.6.4&dd-evp-origin=browser&dd-request-id=a4dc9bf7-bc51-4caa-8193-a479b5f4c126&batch_time=1778971242341:0
[ 1025072ms] [ERROR] WebSocket connection to 'wss://ws-mt1.pusher.com/app/d65207c183930ff953dc?protocol=7&client=js&version=8.3.0&flash=false' failed: Error in connection establishment: net::ERR_INTERNET_DISCONNECTED @ https://app.underdogsports.com/npm..pnpm.6ed3d1c3a62b8914.js:1
[ 1025344ms] [ERROR] Failed to load resource: net::ERR_INTERNET_DISCONNECTED @ https://api.radar.io/v1/ping:0
[ 1025344ms] [ERROR] Radar SDK: Error checking IP: RadarNetworkError: Request timed out. @ https://app.underdogsports.com/critical.31f216b47b46f64b.js:0
[ 1027080ms] [ERROR] Failed to load resource: net::ERR_INTERNET_DISCONNECTED @ https://sockjs-mt1.pusher.com/pusher/app/d65207c183930ff953dc/863/eii86958/xhr_streaming?protocol=7&client=js&version=8.3.0&t=1778971244520&n=25:0
[ 1031084ms] [ERROR] Failed to load resource: net::ERR_INTERNET_DISCONNECTED @ https://sockjs-mt1.pusher.com/pusher/app/d65207c183930ff953dc/587/k6tsthu1/xhr?protocol=7&client=js&version=8.3.0&t=1778971248524&n=26:0
[ 1035345ms] [ERROR] Failed to load resource: net::ERR_INTERNET_DISCONNECTED @ https://api.radar.io/v1/ping:0
[ 1035345ms] [ERROR] Radar SDK: Error checking IP: RadarNetworkError: Request timed out. @ https://app.underdogsports.com/critical.31f216b47b46f64b.js:0
[ 1042083ms] [ERROR] Failed to load resource: net::ERR_INTERNET_DISCONNECTED @ https://sockjs-mt1.pusher.com/pusher/app/d65207c183930ff953dc/640/7tqe9eu6/xhr_streaming?protocol=7&client=js&version=8.3.0&t=1778971259522&n=27:0
[ 1045345ms] [ERROR] Failed to load resource: net::ERR_INTERNET_DISCONNECTED @ https://api.radar.io/v1/ping:0
[ 1045345ms] [ERROR] Radar SDK: Error checking IP: RadarNetworkError: Request timed out. @ https://app.underdogsports.com/critical.31f216b47b46f64b.js:0
[ 1046085ms] [ERROR] Failed to load resource: net::ERR_INTERNET_DISCONNECTED @ https://sockjs-mt1.pusher.com/pusher/app/d65207c183930ff953dc/751/8seg1r4o/xhr?protocol=7&client=js&version=8.3.0&t=1778971263525&n=28:0
[ 1055347ms] [ERROR] Failed to load resource: net::ERR_INTERNET_DISCONNECTED @ https://api.radar.io/v1/ping:0
[ 1055347ms] [ERROR] Radar SDK: Error checking IP: RadarNetworkError: Request timed out. @ https://app.underdogsports.com/critical.31f216b47b46f64b.js:0
[ 1065346ms] [ERROR] Failed to load resource: net::ERR_INTERNET_DISCONNECTED @ https://api.radar.io/v1/ping:0
[ 1065346ms] [ERROR] Radar SDK: Error checking IP: RadarNetworkError: Request timed out. @ https://app.underdogsports.com/critical.31f216b47b46f64b.js:0
[ 1067091ms] [ERROR] Failed to load resource: net::ERR_INTERNET_DISCONNECTED @ https://api-verified.radar.io/v1/config?deviceId=09b4eec0-f45b-4d32-bef7-306cf502e749&installId=d97885b5-bb50-467d-a844-f5274061b7fa&sessionId=1778971284&locationAuthorization=GRANTED_FOREGROUND:0
[ 1067091ms] [ERROR] Radar SDK: trackVerified error: Request timed out. @ https://app.underdogsports.com/critical.31f216b47b46f64b.js:0
[ 1072084ms] [ERROR] Failed to load resource: net::ERR_INTERNET_DISCONNECTED @ https://sockjs-mt1.pusher.com/pusher/app/d65207c183930ff953dc/559/rr3l5q40/xhr_streaming?protocol=7&client=js&version=8.3.0&t=1778971289523&n=29:0
[ 1075346ms] [ERROR] Failed to load resource: net::ERR_INTERNET_DISCONNECTED @ https://api.radar.io/v1/ping:0
[ 1075346ms] [ERROR] Radar SDK: Error checking IP: RadarNetworkError: Request timed out. @ https://app.underdogsports.com/critical.31f216b47b46f64b.js:0
[ 1076086ms] [ERROR] Failed to load resource: net::ERR_INTERNET_DISCONNECTED @ https://sockjs-mt1.pusher.com/pusher/app/d65207c183930ff953dc/538/pn00icuj/xhr?protocol=7&client=js&version=8.3.0&t=1778971293526&n=30:0
[ 1084905ms] [ERROR] Failed to load resource: net::ERR_INTERNET_DISCONNECTED @ https://browser-intake-datadoghq.com/api/v2/rum?ddsource=browser&ddtags=sdk_version%3A6.6.4%2Capi%3Afetch-keepalive%2Cenv%3Aproduction%2Cservice%3Aweb-app%2Cversion%3A20260515173009%2Cretry_count%3A10%2Cretry_after%3A0&dd-api-key=pubd3c63a4b58fa5f1c43894daefa6a606c&dd-evp-origin-version=6.6.4&dd-evp-origin=browser&dd-request-id=ecf968c0-c554-4592-b6b3-acf8dc1f9615&batch_time=1778971302345:0
[ 1084908ms] [ERROR] Failed to load resource: net::ERR_INTERNET_DISCONNECTED @ https://browser-intake-datadoghq.com/api/v2/rum?ddsource=browser&ddtags=sdk_version%3A6.6.4%2Capi%3Afetch%2Cenv%3Aproduction%2Cservice%3Aweb-app%2Cversion%3A20260515173009%2Cretry_count%3A10%2Cretry_after%3A0&dd-api-key=pubd3c63a4b58fa5f1c43894daefa6a606c&dd-evp-origin-version=6.6.4&dd-evp-origin=browser&dd-request-id=0fb3a586-b343-48cc-8a9a-c21f31fbb8a8&batch_time=1778971302351:0
[ 1085075ms] [ERROR] WebSocket connection to 'wss://ws-mt1.pusher.com/app/d65207c183930ff953dc?protocol=7&client=js&version=8.3.0&flash=false' failed: Error in connection establishment: net::ERR_INTERNET_DISCONNECTED @ https://app.underdogsports.com/npm..pnpm.6ed3d1c3a62b8914.js:1
[ 1085346ms] [ERROR] Failed to load resource: net::ERR_INTERNET_DISCONNECTED @ https://api.radar.io/v1/ping:0
[ 1085346ms] [ERROR] Radar SDK: Error checking IP: RadarNetworkError: Request timed out. @ https://app.underdogsports.com/critical.31f216b47b46f64b.js:0
[ 1087082ms] [ERROR] Failed to load resource: net::ERR_INTERNET_DISCONNECTED @ https://sockjs-mt1.pusher.com/pusher/app/d65207c183930ff953dc/933/pgfr1hlr/xhr_streaming?protocol=7&client=js&version=8.3.0&t=1778971304522&n=31:0
[ 1091085ms] [ERROR] Failed to load resource: net::ERR_INTERNET_DISCONNECTED @ https://sockjs-mt1.pusher.com/pusher/app/d65207c183930ff953dc/471/va5p0pv7/xhr?protocol=7&client=js&version=8.3.0&t=1778971308525&n=32:0
[ 1095347ms] [ERROR] Failed to load resource: net::ERR_INTERNET_DISCONNECTED @ https://api.radar.io/v1/ping:0
[ 1095347ms] [ERROR] Radar SDK: Error checking IP: RadarNetworkError: Request timed out. @ https://app.underdogsports.com/critical.31f216b47b46f64b.js:0
[ 1102083ms] [ERROR] Failed to load resource: net::ERR_INTERNET_DISCONNECTED @ https://sockjs-mt1.pusher.com/pusher/app/d65207c183930ff953dc/808/4qo3guvd/xhr_streaming?protocol=7&client=js&version=8.3.0&t=1778971319523&n=33:0
[ 1105346ms] [ERROR] Failed to load resource: net::ERR_INTERNET_DISCONNECTED @ https://api.radar.io/v1/ping:0
[ 1105347ms] [ERROR] Radar SDK: Error checking IP: RadarNetworkError: Request timed out. @ https://app.underdogsports.com/critical.31f216b47b46f64b.js:0
[ 1106086ms] [ERROR] Failed to load resource: net::ERR_INTERNET_DISCONNECTED @ https://sockjs-mt1.pusher.com/pusher/app/d65207c183930ff953dc/646/92df3rki/xhr?protocol=7&client=js&version=8.3.0&t=1778971323526&n=34:0
[ 1115346ms] [ERROR] Failed to load resource: net::ERR_INTERNET_DISCONNECTED @ https://api.radar.io/v1/ping:0
[ 1115346ms] [ERROR] Radar SDK: Error checking IP: RadarNetworkError: Request timed out. @ https://app.underdogsports.com/critical.31f216b47b46f64b.js:0
[ 1125346ms] [ERROR] Failed to load resource: net::ERR_INTERNET_DISCONNECTED @ https://api.radar.io/v1/ping:0
[ 1125347ms] [ERROR] Radar SDK: Error checking IP: RadarNetworkError: Request timed out. @ https://app.underdogsports.com/critical.31f216b47b46f64b.js:0
[ 1132085ms] [ERROR] Failed to load resource: net::ERR_INTERNET_DISCONNECTED @ https://sockjs-mt1.pusher.com/pusher/app/d65207c183930ff953dc/22/3jthge6h/xhr_streaming?protocol=7&client=js&version=8.3.0&t=1778971349525&n=35:0
[ 1135346ms] [ERROR] Failed to load resource: net::ERR_INTERNET_DISCONNECTED @ https://api.radar.io/v1/ping:0
[ 1135347ms] [ERROR] Radar SDK: Error checking IP: RadarNetworkError: Request timed out. @ https://app.underdogsports.com/critical.31f216b47b46f64b.js:0
[ 1136087ms] [ERROR] Failed to load resource: net::ERR_INTERNET_DISCONNECTED @ https://sockjs-mt1.pusher.com/pusher/app/d65207c183930ff953dc/248/s8lna0lu/xhr?protocol=7&client=js&version=8.3.0&t=1778971353527&n=36:0
[ 1144917ms] [ERROR] Failed to load resource: net::ERR_INTERNET_DISCONNECTED @ https://browser-intake-datadoghq.com/api/v2/rum?ddsource=browser&ddtags=sdk_version%3A6.6.4%2Capi%3Afetch-keepalive%2Cenv%3Aproduction%2Cservice%3Aweb-app%2Cversion%3A20260515173009%2Cretry_count%3A11%2Cretry_after%3A0&dd-api-key=pubd3c63a4b58fa5f1c43894daefa6a606c&dd-evp-origin-version=6.6.4&dd-evp-origin=browser&dd-request-id=56830ca0-eaa0-4057-bd06-b7b9b5a532b5&batch_time=1778971362356:0
[ 1144920ms] [ERROR] Failed to load resource: net::ERR_INTERNET_DISCONNECTED @ https://browser-intake-datadoghq.com/api/v2/rum?ddsource=browser&ddtags=sdk_version%3A6.6.4%2Capi%3Afetch%2Cenv%3Aproduction%2Cservice%3Aweb-app%2Cversion%3A20260515173009%2Cretry_count%3A11%2Cretry_after%3A0&dd-api-key=pubd3c63a4b58fa5f1c43894daefa6a606c&dd-evp-origin-version=6.6.4&dd-evp-origin=browser&dd-request-id=870e7798-1b27-4da4-9ef4-545722775282&batch_time=1778971362363:0
[ 1145078ms] [ERROR] WebSocket connection to 'wss://ws-mt1.pusher.com/app/d65207c183930ff953dc?protocol=7&client=js&version=8.3.0&flash=false' failed: Error in connection establishment: net::ERR_INTERNET_DISCONNECTED @ https://app.underdogsports.com/npm..pnpm.6ed3d1c3a62b8914.js:1
[ 1145346ms] [ERROR] Failed to load resource: net::ERR_INTERNET_DISCONNECTED @ https://api.radar.io/v1/ping:0
[ 1145346ms] [ERROR] Radar SDK: Error checking IP: RadarNetworkError: Request timed out. @ https://app.underdogsports.com/critical.31f216b47b46f64b.js:0
[ 1147084ms] [ERROR] Failed to load resource: net::ERR_INTERNET_DISCONNECTED @ https://sockjs-mt1.pusher.com/pusher/app/d65207c183930ff953dc/571/lootf7uj/xhr_streaming?protocol=7&client=js&version=8.3.0&t=1778971364524&n=37:0
[ 1151087ms] [ERROR] Failed to load resource: net::ERR_INTERNET_DISCONNECTED @ https://sockjs-mt1.pusher.com/pusher/app/d65207c183930ff953dc/525/9noffbte/xhr?protocol=7&client=js&version=8.3.0&t=1778971368527&n=38:0
[ 1155347ms] [ERROR] Failed to load resource: net::ERR_INTERNET_DISCONNECTED @ https://api.radar.io/v1/ping:0
[ 1155347ms] [ERROR] Radar SDK: Error checking IP: RadarNetworkError: Request timed out. @ https://app.underdogsports.com/critical.31f216b47b46f64b.js:0
[ 1162086ms] [ERROR] Failed to load resource: net::ERR_INTERNET_DISCONNECTED @ https://sockjs-mt1.pusher.com/pusher/app/d65207c183930ff953dc/704/67c8j23p/xhr_streaming?protocol=7&client=js&version=8.3.0&t=1778971379526&n=39:0
[ 1165347ms] [ERROR] Failed to load resource: net::ERR_INTERNET_DISCONNECTED @ https://api.radar.io/v1/ping:0
[ 1165347ms] [ERROR] Radar SDK: Error checking IP: RadarNetworkError: Request timed out. @ https://app.underdogsports.com/critical.31f216b47b46f64b.js:0
[ 1166089ms] [ERROR] Failed to load resource: net::ERR_INTERNET_DISCONNECTED @ https://sockjs-mt1.pusher.com/pusher/app/d65207c183930ff953dc/690/oan5ha7b/xhr?protocol=7&client=js&version=8.3.0&t=1778971383529&n=40:0
[ 1175348ms] [ERROR] Failed to load resource: net::ERR_INTERNET_DISCONNECTED @ https://api.radar.io/v1/ping:0
[ 1175348ms] [ERROR] Radar SDK: Error checking IP: RadarNetworkError: Request timed out. @ https://app.underdogsports.com/critical.31f216b47b46f64b.js:0
[ 1185348ms] [ERROR] Failed to load resource: net::ERR_INTERNET_DISCONNECTED @ https://api.radar.io/v1/ping:0
[ 1185348ms] [ERROR] Radar SDK: Error checking IP: RadarNetworkError: Request timed out. @ https://app.underdogsports.com/critical.31f216b47b46f64b.js:0
[ 1192085ms] [ERROR] Failed to load resource: net::ERR_INTERNET_DISCONNECTED @ https://sockjs-mt1.pusher.com/pusher/app/d65207c183930ff953dc/722/l4brih9o/xhr_streaming?protocol=7&client=js&version=8.3.0&t=1778971409526&n=41:0
[ 1195344ms] [ERROR] Failed to load resource: net::ERR_INTERNET_DISCONNECTED @ https://api.radar.io/v1/ping:0
[ 1195345ms] [ERROR] Radar SDK: Error checking IP: RadarNetworkError: Request timed out. @ https://app.underdogsports.com/critical.31f216b47b46f64b.js:0
[ 1196092ms] [ERROR] Failed to load resource: net::ERR_INTERNET_DISCONNECTED @ https://sockjs-mt1.pusher.com/pusher/app/d65207c183930ff953dc/911/2vod7lin/xhr?protocol=7&client=js&version=8.3.0&t=1778971413532&n=42:0
[ 1204928ms] [ERROR] Failed to load resource: net::ERR_INTERNET_DISCONNECTED @ https://browser-intake-datadoghq.com/api/v2/rum?ddsource=browser&ddtags=sdk_version%3A6.6.4%2Capi%3Afetch-keepalive%2Cenv%3Aproduction%2Cservice%3Aweb-app%2Cversion%3A20260515173009%2Cretry_count%3A12%2Cretry_after%3A0&dd-api-key=pubd3c63a4b58fa5f1c43894daefa6a606c&dd-evp-origin-version=6.6.4&dd-evp-origin=browser&dd-request-id=e0c60fc5-473a-423d-9af3-4185f8944a27&batch_time=1778971422367:0
[ 1204931ms] [ERROR] Failed to load resource: net::ERR_INTERNET_DISCONNECTED @ https://browser-intake-datadoghq.com/api/v2/rum?ddsource=browser&ddtags=sdk_version%3A6.6.4%2Capi%3Afetch%2Cenv%3Aproduction%2Cservice%3Aweb-app%2Cversion%3A20260515173009%2Cretry_count%3A12%2Cretry_after%3A0&dd-api-key=pubd3c63a4b58fa5f1c43894daefa6a606c&dd-evp-origin-version=6.6.4&dd-evp-origin=browser&dd-request-id=cba17737-2ac9-48f6-855b-d20caea0a7d1&batch_time=1778971422373:0
[ 1205081ms] [ERROR] WebSocket connection to 'wss://ws-mt1.pusher.com/app/d65207c183930ff953dc?protocol=7&client=js&version=8.3.0&flash=false' failed: Error in connection establishment: net::ERR_INTERNET_DISCONNECTED @ https://app.underdogsports.com/npm..pnpm.6ed3d1c3a62b8914.js:1
[ 1205347ms] [ERROR] Failed to load resource: net::ERR_INTERNET_DISCONNECTED @ https://api.radar.io/v1/ping:0
[ 1205347ms] [ERROR] Radar SDK: Error checking IP: RadarNetworkError: Request timed out. @ https://app.underdogsports.com/critical.31f216b47b46f64b.js:0
[ 1207085ms] [ERROR] Failed to load resource: net::ERR_INTERNET_DISCONNECTED @ https://sockjs-mt1.pusher.com/pusher/app/d65207c183930ff953dc/181/gq3ma42n/xhr_streaming?protocol=7&client=js&version=8.3.0&t=1778971424526&n=43:0
[ 1211090ms] [ERROR] Failed to load resource: net::ERR_INTERNET_DISCONNECTED @ https://sockjs-mt1.pusher.com/pusher/app/d65207c183930ff953dc/491/mk8je8jt/xhr?protocol=7&client=js&version=8.3.0&t=1778971428529&n=44:0
[ 1215347ms] [ERROR] Failed to load resource: net::ERR_INTERNET_DISCONNECTED @ https://api.radar.io/v1/ping:0
[ 1215347ms] [ERROR] Radar SDK: Error checking IP: RadarNetworkError: Request timed out. @ https://app.underdogsports.com/critical.31f216b47b46f64b.js:0
[ 1222087ms] [ERROR] Failed to load resource: net::ERR_INTERNET_DISCONNECTED @ https://sockjs-mt1.pusher.com/pusher/app/d65207c183930ff953dc/931/fcdl9o3a/xhr_streaming?protocol=7&client=js&version=8.3.0&t=1778971439527&n=45:0
[ 1225347ms] [ERROR] Failed to load resource: net::ERR_INTERNET_DISCONNECTED @ https://api.radar.io/v1/ping:0
[ 1225347ms] [ERROR] Radar SDK: Error checking IP: RadarNetworkError: Request timed out. @ https://app.underdogsports.com/critical.31f216b47b46f64b.js:0
[ 1226092ms] [ERROR] Failed to load resource: net::ERR_INTERNET_DISCONNECTED @ https://sockjs-mt1.pusher.com/pusher/app/d65207c183930ff953dc/853/40tg79u9/xhr?protocol=7&client=js&version=8.3.0&t=1778971443532&n=46:0
[ 1235345ms] [ERROR] Failed to load resource: net::ERR_INTERNET_DISCONNECTED @ https://api.radar.io/v1/ping:0
[ 1235346ms] [ERROR] Radar SDK: Error checking IP: RadarNetworkError: Request timed out. @ https://app.underdogsports.com/critical.31f216b47b46f64b.js:0
[ 1245345ms] [ERROR] Failed to load resource: net::ERR_INTERNET_DISCONNECTED @ https://api.radar.io/v1/ping:0
[ 1245345ms] [ERROR] Radar SDK: Error checking IP: RadarNetworkError: Request timed out. @ https://app.underdogsports.com/critical.31f216b47b46f64b.js:0
[ 1252089ms] [ERROR] Failed to load resource: net::ERR_INTERNET_DISCONNECTED @ https://sockjs-mt1.pusher.com/pusher/app/d65207c183930ff953dc/829/0ta83qaa/xhr_streaming?protocol=7&client=js&version=8.3.0&t=1778971469529&n=47:0
[ 1255346ms] [ERROR] Failed to load resource: net::ERR_INTERNET_DISCONNECTED @ https://api.radar.io/v1/ping:0
[ 1255346ms] [ERROR] Radar SDK: Error checking IP: RadarNetworkError: Request timed out. @ https://app.underdogsports.com/critical.31f216b47b46f64b.js:0
[ 1256092ms] [ERROR] Failed to load resource: net::ERR_INTERNET_DISCONNECTED @ https://sockjs-mt1.pusher.com/pusher/app/d65207c183930ff953dc/369/529kjvbi/xhr?protocol=7&client=js&version=8.3.0&t=1778971473533&n=48:0
[ 1264937ms] [ERROR] Failed to load resource: net::ERR_INTERNET_DISCONNECTED @ https://browser-intake-datadoghq.com/api/v2/rum?ddsource=browser&ddtags=sdk_version%3A6.6.4%2Capi%3Afetch-keepalive%2Cenv%3Aproduction%2Cservice%3Aweb-app%2Cversion%3A20260515173009%2Cretry_count%3A13%2Cretry_after%3A0&dd-api-key=pubd3c63a4b58fa5f1c43894daefa6a606c&dd-evp-origin-version=6.6.4&dd-evp-origin=browser&dd-request-id=380e665f-ae41-46be-b9b8-b71a01e7479a&batch_time=1778971482378:0
[ 1264941ms] [ERROR] Failed to load resource: net::ERR_INTERNET_DISCONNECTED @ https://browser-intake-datadoghq.com/api/v2/rum?ddsource=browser&ddtags=sdk_version%3A6.6.4%2Capi%3Afetch%2Cenv%3Aproduction%2Cservice%3Aweb-app%2Cversion%3A20260515173009%2Cretry_count%3A13%2Cretry_after%3A0&dd-api-key=pubd3c63a4b58fa5f1c43894daefa6a606c&dd-evp-origin-version=6.6.4&dd-evp-origin=browser&dd-request-id=4882a736-1370-427a-a312-1bfe9b2206b3&batch_time=1778971482383:0
[ 1265081ms] [ERROR] WebSocket connection to 'wss://ws-mt1.pusher.com/app/d65207c183930ff953dc?protocol=7&client=js&version=8.3.0&flash=false' failed: Error in connection establishment: net::ERR_INTERNET_DISCONNECTED @ https://app.underdogsports.com/npm..pnpm.6ed3d1c3a62b8914.js:1
[ 1265344ms] [ERROR] Failed to load resource: net::ERR_INTERNET_DISCONNECTED @ https://api.radar.io/v1/ping:0
[ 1265344ms] [ERROR] Radar SDK: Error checking IP: RadarNetworkError: Request timed out. @ https://app.underdogsports.com/critical.31f216b47b46f64b.js:0
[ 1267086ms] [ERROR] Failed to load resource: net::ERR_INTERNET_DISCONNECTED @ https://sockjs-mt1.pusher.com/pusher/app/d65207c183930ff953dc/640/6fogq393/xhr_streaming?protocol=7&client=js&version=8.3.0&t=1778971484527&n=49:0
[ 1271089ms] [ERROR] Failed to load resource: net::ERR_INTERNET_DISCONNECTED @ https://sockjs-mt1.pusher.com/pusher/app/d65207c183930ff953dc/269/m02mg0q8/xhr?protocol=7&client=js&version=8.3.0&t=1778971488530&n=50:0
[ 1275345ms] [ERROR] Failed to load resource: net::ERR_INTERNET_DISCONNECTED @ https://api.radar.io/v1/ping:0
[ 1275346ms] [ERROR] Radar SDK: Error checking IP: RadarNetworkError: Request timed out. @ https://app.underdogsports.com/critical.31f216b47b46f64b.js:0
[ 1282088ms] [ERROR] Failed to load resource: net::ERR_INTERNET_DISCONNECTED @ https://sockjs-mt1.pusher.com/pusher/app/d65207c183930ff953dc/734/qvkghugt/xhr_streaming?protocol=7&client=js&version=8.3.0&t=1778971499529&n=51:0
[ 1285346ms] [ERROR] Failed to load resource: net::ERR_INTERNET_DISCONNECTED @ https://api.radar.io/v1/ping:0
[ 1285346ms] [ERROR] Radar SDK: Error checking IP: RadarNetworkError: Request timed out. @ https://app.underdogsports.com/critical.31f216b47b46f64b.js:0
[ 1286092ms] [ERROR] Failed to load resource: net::ERR_INTERNET_DISCONNECTED @ https://sockjs-mt1.pusher.com/pusher/app/d65207c183930ff953dc/168/el1t8rf2/xhr?protocol=7&client=js&version=8.3.0&t=1778971503531&n=52:0
[ 1295345ms] [ERROR] Failed to load resource: net::ERR_INTERNET_DISCONNECTED @ https://api.radar.io/v1/ping:0
[ 1295345ms] [ERROR] Radar SDK: Error checking IP: RadarNetworkError: Request timed out. @ https://app.underdogsports.com/critical.31f216b47b46f64b.js:0
[ 1305345ms] [ERROR] Failed to load resource: net::ERR_INTERNET_DISCONNECTED @ https://api.radar.io/v1/ping:0
[ 1305346ms] [ERROR] Radar SDK: Error checking IP: RadarNetworkError: Request timed out. @ https://app.underdogsports.com/critical.31f216b47b46f64b.js:0
[ 1312090ms] [ERROR] Failed to load resource: net::ERR_INTERNET_DISCONNECTED @ https://sockjs-mt1.pusher.com/pusher/app/d65207c183930ff953dc/230/26pomppj/xhr_streaming?protocol=7&client=js&version=8.3.0&t=1778971529530&n=53:0
[ 1315345ms] [ERROR] Failed to load resource: net::ERR_INTERNET_DISCONNECTED @ https://api.radar.io/v1/ping:0
[ 1315346ms] [ERROR] Radar SDK: Error checking IP: RadarNetworkError: Request timed out. @ https://app.underdogsports.com/critical.31f216b47b46f64b.js:0
[ 1316092ms] [ERROR] Failed to load resource: net::ERR_INTERNET_DISCONNECTED @ https://sockjs-mt1.pusher.com/pusher/app/d65207c183930ff953dc/694/6kesj2ql/xhr?protocol=7&client=js&version=8.3.0&t=1778971533532&n=54:0
[ 1324949ms] [ERROR] Failed to load resource: net::ERR_INTERNET_DISCONNECTED @ https://browser-intake-datadoghq.com/api/v2/rum?ddsource=browser&ddtags=sdk_version%3A6.6.4%2Capi%3Afetch-keepalive%2Cenv%3Aproduction%2Cservice%3Aweb-app%2Cversion%3A20260515173009%2Cretry_count%3A14%2Cretry_after%3A0&dd-api-key=pubd3c63a4b58fa5f1c43894daefa6a606c&dd-evp-origin-version=6.6.4&dd-evp-origin=browser&dd-request-id=c0cdd6d1-5e42-4a3b-86b2-45ec4c72eb74&batch_time=1778971542388:0
[ 1324952ms] [ERROR] Failed to load resource: net::ERR_INTERNET_DISCONNECTED @ https://browser-intake-datadoghq.com/api/v2/rum?ddsource=browser&ddtags=sdk_version%3A6.6.4%2Capi%3Afetch%2Cenv%3Aproduction%2Cservice%3Aweb-app%2Cversion%3A20260515173009%2Cretry_count%3A14%2Cretry_after%3A0&dd-api-key=pubd3c63a4b58fa5f1c43894daefa6a606c&dd-evp-origin-version=6.6.4&dd-evp-origin=browser&dd-request-id=0935644c-386d-44d8-aac8-39bf2c2802bd&batch_time=1778971542395:0
[ 1325081ms] [ERROR] WebSocket connection to 'wss://ws-mt1.pusher.com/app/d65207c183930ff953dc?protocol=7&client=js&version=8.3.0&flash=false' failed: Error in connection establishment: net::ERR_INTERNET_DISCONNECTED @ https://app.underdogsports.com/npm..pnpm.6ed3d1c3a62b8914.js:1
[ 1325345ms] [ERROR] Failed to load resource: net::ERR_INTERNET_DISCONNECTED @ https://api.radar.io/v1/ping:0
[ 1325345ms] [ERROR] Radar SDK: Error checking IP: RadarNetworkError: Request timed out. @ https://app.underdogsports.com/critical.31f216b47b46f64b.js:0
[ 1327089ms] [ERROR] Failed to load resource: net::ERR_INTERNET_DISCONNECTED @ https://sockjs-mt1.pusher.com/pusher/app/d65207c183930ff953dc/53/rvqll10k/xhr_streaming?protocol=7&client=js&version=8.3.0&t=1778971544529&n=55:0
[ 1331093ms] [ERROR] Failed to load resource: net::ERR_INTERNET_DISCONNECTED @ https://sockjs-mt1.pusher.com/pusher/app/d65207c183930ff953dc/936/6skr79sh/xhr?protocol=7&client=js&version=8.3.0&t=1778971548533&n=56:0
[ 1335344ms] [ERROR] Failed to load resource: net::ERR_INTERNET_DISCONNECTED @ https://api.radar.io/v1/ping:0
[ 1335345ms] [ERROR] Radar SDK: Error checking IP: RadarNetworkError: Request timed out. @ https://app.underdogsports.com/critical.31f216b47b46f64b.js:0
[ 1342091ms] [ERROR] Failed to load resource: net::ERR_INTERNET_DISCONNECTED @ https://sockjs-mt1.pusher.com/pusher/app/d65207c183930ff953dc/732/56q7qmvm/xhr_streaming?protocol=7&client=js&version=8.3.0&t=1778971559531&n=57:0
[ 1345346ms] [ERROR] Failed to load resource: net::ERR_INTERNET_DISCONNECTED @ https://api.radar.io/v1/ping:0
[ 1345346ms] [ERROR] Radar SDK: Error checking IP: RadarNetworkError: Request timed out. @ https://app.underdogsports.com/critical.31f216b47b46f64b.js:0
[ 1346094ms] [ERROR] Failed to load resource: net::ERR_INTERNET_DISCONNECTED @ https://sockjs-mt1.pusher.com/pusher/app/d65207c183930ff953dc/804/e3fgschn/xhr?protocol=7&client=js&version=8.3.0&t=1778971563535&n=58:0
[ 1355345ms] [ERROR] Failed to load resource: net::ERR_INTERNET_DISCONNECTED @ https://api.radar.io/v1/ping:0
[ 1355345ms] [ERROR] Radar SDK: Error checking IP: RadarNetworkError: Request timed out. @ https://app.underdogsports.com/critical.31f216b47b46f64b.js:0
[ 1357115ms] [ERROR] Failed to load resource: net::ERR_INTERNET_DISCONNECTED @ https://api-verified.radar.io/v1/config?deviceId=09b4eec0-f45b-4d32-bef7-306cf502e749&installId=d97885b5-bb50-467d-a844-f5274061b7fa&sessionId=1778971284&locationAuthorization=GRANTED_FOREGROUND:0
[ 1357115ms] [ERROR] Radar SDK: trackVerified error: Request timed out. @ https://app.underdogsports.com/critical.31f216b47b46f64b.js:0
[ 1365346ms] [ERROR] Failed to load resource: net::ERR_INTERNET_DISCONNECTED @ https://api.radar.io/v1/ping:0
[ 1365346ms] [ERROR] Radar SDK: Error checking IP: RadarNetworkError: Request timed out. @ https://app.underdogsports.com/critical.31f216b47b46f64b.js:0
[ 1372093ms] [ERROR] Failed to load resource: net::ERR_INTERNET_DISCONNECTED @ https://sockjs-mt1.pusher.com/pusher/app/d65207c183930ff953dc/146/njie4pab/xhr_streaming?protocol=7&client=js&version=8.3.0&t=1778971589532&n=59:0
[ 1375346ms] [ERROR] Failed to load resource: net::ERR_INTERNET_DISCONNECTED @ https://api.radar.io/v1/ping:0
[ 1375346ms] [ERROR] Radar SDK: Error checking IP: RadarNetworkError: Request timed out. @ https://app.underdogsports.com/critical.31f216b47b46f64b.js:0
[ 1376095ms] [ERROR] Failed to load resource: net::ERR_INTERNET_DISCONNECTED @ https://sockjs-mt1.pusher.com/pusher/app/d65207c183930ff953dc/403/nhqhp2pa/xhr?protocol=7&client=js&version=8.3.0&t=1778971593536&n=60:0
[ 1384961ms] [ERROR] Failed to load resource: net::ERR_INTERNET_DISCONNECTED @ https://browser-intake-datadoghq.com/api/v2/rum?ddsource=browser&ddtags=sdk_version%3A6.6.4%2Capi%3Afetch-keepalive%2Cenv%3Aproduction%2Cservice%3Aweb-app%2Cversion%3A20260515173009%2Cretry_count%3A15%2Cretry_after%3A0&dd-api-key=pubd3c63a4b58fa5f1c43894daefa6a606c&dd-evp-origin-version=6.6.4&dd-evp-origin=browser&dd-request-id=9d44693f-247a-41aa-910f-5f1ef9a9a1bf&batch_time=1778971602400:0
[ 1384964ms] [ERROR] Failed to load resource: net::ERR_INTERNET_DISCONNECTED @ https://browser-intake-datadoghq.com/api/v2/rum?ddsource=browser&ddtags=sdk_version%3A6.6.4%2Capi%3Afetch%2Cenv%3Aproduction%2Cservice%3Aweb-app%2Cversion%3A20260515173009%2Cretry_count%3A15%2Cretry_after%3A0&dd-api-key=pubd3c63a4b58fa5f1c43894daefa6a606c&dd-evp-origin-version=6.6.4&dd-evp-origin=browser&dd-request-id=e526d6b9-79fb-445c-97fa-0377945aabaf&batch_time=1778971602406:0
[ 1385082ms] [ERROR] WebSocket connection to 'wss://ws-mt1.pusher.com/app/d65207c183930ff953dc?protocol=7&client=js&version=8.3.0&flash=false' failed: Error in connection establishment: net::ERR_INTERNET_DISCONNECTED @ https://app.underdogsports.com/npm..pnpm.6ed3d1c3a62b8914.js:1
[ 1385345ms] [ERROR] Failed to load resource: net::ERR_INTERNET_DISCONNECTED @ https://api.radar.io/v1/ping:0
[ 1385346ms] [ERROR] Radar SDK: Error checking IP: RadarNetworkError: Request timed out. @ https://app.underdogsports.com/critical.31f216b47b46f64b.js:0
[ 1387090ms] [ERROR] Failed to load resource: net::ERR_INTERNET_DISCONNECTED @ https://sockjs-mt1.pusher.com/pusher/app/d65207c183930ff953dc/348/19qhcanl/xhr_streaming?protocol=7&client=js&version=8.3.0&t=1778971604531&n=61:0
[ 1391094ms] [ERROR] Failed to load resource: net::ERR_INTERNET_DISCONNECTED @ https://sockjs-mt1.pusher.com/pusher/app/d65207c183930ff953dc/808/i8hn51vt/xhr?protocol=7&client=js&version=8.3.0&t=1778971608534&n=62:0
[ 1395345ms] [ERROR] Failed to load resource: net::ERR_INTERNET_DISCONNECTED @ https://api.radar.io/v1/ping:0
[ 1395345ms] [ERROR] Radar SDK: Error checking IP: RadarNetworkError: Request timed out. @ https://app.underdogsports.com/critical.31f216b47b46f64b.js:0
[ 1402094ms] [ERROR] Failed to load resource: net::ERR_INTERNET_DISCONNECTED @ https://sockjs-mt1.pusher.com/pusher/app/d65207c183930ff953dc/416/oli578l6/xhr_streaming?protocol=7&client=js&version=8.3.0&t=1778971619532&n=63:0
[ 1405344ms] [ERROR] Failed to load resource: net::ERR_INTERNET_DISCONNECTED @ https://api.radar.io/v1/ping:0
[ 1405345ms] [ERROR] Radar SDK: Error checking IP: RadarNetworkError: Request timed out. @ https://app.underdogsports.com/critical.31f216b47b46f64b.js:0
[ 1406095ms] [ERROR] Failed to load resource: net::ERR_INTERNET_DISCONNECTED @ https://sockjs-mt1.pusher.com/pusher/app/d65207c183930ff953dc/90/n7gcuahr/xhr?protocol=7&client=js&version=8.3.0&t=1778971623535&n=64:0
[ 1415346ms] [ERROR] Failed to load resource: net::ERR_INTERNET_DISCONNECTED @ https://api.radar.io/v1/ping:0
[ 1415347ms] [ERROR] Radar SDK: Error checking IP: RadarNetworkError: Request timed out. @ https://app.underdogsports.com/critical.31f216b47b46f64b.js:0
[ 1425346ms] [ERROR] Failed to load resource: net::ERR_INTERNET_DISCONNECTED @ https://api.radar.io/v1/ping:0
[ 1425346ms] [ERROR] Radar SDK: Error checking IP: RadarNetworkError: Request timed out. @ https://app.underdogsports.com/critical.31f216b47b46f64b.js:0
[ 1432094ms] [ERROR] Failed to load resource: net::ERR_INTERNET_DISCONNECTED @ https://sockjs-mt1.pusher.com/pusher/app/d65207c183930ff953dc/426/hdj5pk3i/xhr_streaming?protocol=7&client=js&version=8.3.0&t=1778971649534&n=65:0
[ 1435346ms] [ERROR] Failed to load resource: net::ERR_INTERNET_DISCONNECTED @ https://api.radar.io/v1/ping:0
[ 1435346ms] [ERROR] Radar SDK: Error checking IP: RadarNetworkError: Request timed out. @ https://app.underdogsports.com/critical.31f216b47b46f64b.js:0
[ 1436097ms] [ERROR] Failed to load resource: net::ERR_INTERNET_DISCONNECTED @ https://sockjs-mt1.pusher.com/pusher/app/d65207c183930ff953dc/880/scsau0ne/xhr?protocol=7&client=js&version=8.3.0&t=1778971653537&n=66:0
[ 1444971ms] [ERROR] Failed to load resource: net::ERR_INTERNET_DISCONNECTED @ https://browser-intake-datadoghq.com/api/v2/rum?ddsource=browser&ddtags=sdk_version%3A6.6.4%2Capi%3Afetch-keepalive%2Cenv%3Aproduction%2Cservice%3Aweb-app%2Cversion%3A20260515173009%2Cretry_count%3A16%2Cretry_after%3A0&dd-api-key=pubd3c63a4b58fa5f1c43894daefa6a606c&dd-evp-origin-version=6.6.4&dd-evp-origin=browser&dd-request-id=430939b7-e93b-4a44-bad3-cc45680ba297&batch_time=1778971662411:0
[ 1444975ms] [ERROR] Failed to load resource: net::ERR_INTERNET_DISCONNECTED @ https://browser-intake-datadoghq.com/api/v2/rum?ddsource=browser&ddtags=sdk_version%3A6.6.4%2Capi%3Afetch%2Cenv%3Aproduction%2Cservice%3Aweb-app%2Cversion%3A20260515173009%2Cretry_count%3A16%2Cretry_after%3A0&dd-api-key=pubd3c63a4b58fa5f1c43894daefa6a606c&dd-evp-origin-version=6.6.4&dd-evp-origin=browser&dd-request-id=da34da35-2d69-42fa-8f52-66e39de20708&batch_time=1778971662417:0
[ 1445084ms] [ERROR] WebSocket connection to 'wss://ws-mt1.pusher.com/app/d65207c183930ff953dc?protocol=7&client=js&version=8.3.0&flash=false' failed: Error in connection establishment: net::ERR_INTERNET_DISCONNECTED @ https://app.underdogsports.com/npm..pnpm.6ed3d1c3a62b8914.js:1
[ 1445346ms] [ERROR] Failed to load resource: net::ERR_INTERNET_DISCONNECTED @ https://api.radar.io/v1/ping:0
[ 1445346ms] [ERROR] Radar SDK: Error checking IP: RadarNetworkError: Request timed out. @ https://app.underdogsports.com/critical.31f216b47b46f64b.js:0
[ 1447091ms] [ERROR] Failed to load resource: net::ERR_INTERNET_DISCONNECTED @ https://sockjs-mt1.pusher.com/pusher/app/d65207c183930ff953dc/899/udq8i8ur/xhr_streaming?protocol=7&client=js&version=8.3.0&t=1778971664531&n=67:0
[ 1451094ms] [ERROR] Failed to load resource: net::ERR_INTERNET_DISCONNECTED @ https://sockjs-mt1.pusher.com/pusher/app/d65207c183930ff953dc/155/8k9l1gh3/xhr?protocol=7&client=js&version=8.3.0&t=1778971668534&n=68:0
[ 1455346ms] [ERROR] Failed to load resource: net::ERR_INTERNET_DISCONNECTED @ https://api.radar.io/v1/ping:0
[ 1455347ms] [ERROR] Radar SDK: Error checking IP: RadarNetworkError: Request timed out. @ https://app.underdogsports.com/critical.31f216b47b46f64b.js:0
[ 1462092ms] [ERROR] Failed to load resource: net::ERR_INTERNET_DISCONNECTED @ https://sockjs-mt1.pusher.com/pusher/app/d65207c183930ff953dc/213/o1m4f1ci/xhr_streaming?protocol=7&client=js&version=8.3.0&t=1778971679533&n=69:0
[ 1465344ms] [ERROR] Failed to load resource: net::ERR_INTERNET_DISCONNECTED @ https://api.radar.io/v1/ping:0
[ 1465345ms] [ERROR] Radar SDK: Error checking IP: RadarNetworkError: Request timed out. @ https://app.underdogsports.com/critical.31f216b47b46f64b.js:0
[ 1466095ms] [ERROR] Failed to load resource: net::ERR_INTERNET_DISCONNECTED @ https://sockjs-mt1.pusher.com/pusher/app/d65207c183930ff953dc/96/6vs09n5n/xhr?protocol=7&client=js&version=8.3.0&t=1778971683535&n=70:0
[ 1475345ms] [ERROR] Failed to load resource: net::ERR_INTERNET_DISCONNECTED @ https://api.radar.io/v1/ping:0
[ 1475346ms] [ERROR] Radar SDK: Error checking IP: RadarNetworkError: Request timed out. @ https://app.underdogsports.com/critical.31f216b47b46f64b.js:0
[ 1485345ms] [ERROR] Failed to load resource: net::ERR_INTERNET_DISCONNECTED @ https://api.radar.io/v1/ping:0
[ 1485346ms] [ERROR] Radar SDK: Error checking IP: RadarNetworkError: Request timed out. @ https://app.underdogsports.com/critical.31f216b47b46f64b.js:0
[ 1492095ms] [ERROR] Failed to load resource: net::ERR_INTERNET_DISCONNECTED @ https://sockjs-mt1.pusher.com/pusher/app/d65207c183930ff953dc/616/48fr2mlc/xhr_streaming?protocol=7&client=js&version=8.3.0&t=1778971709535&n=71:0
[ 1495345ms] [ERROR] Failed to load resource: net::ERR_INTERNET_DISCONNECTED @ https://api.radar.io/v1/ping:0
[ 1495345ms] [ERROR] Radar SDK: Error checking IP: RadarNetworkError: Request timed out. @ https://app.underdogsports.com/critical.31f216b47b46f64b.js:0
[ 1496097ms] [ERROR] Failed to load resource: net::ERR_INTERNET_DISCONNECTED @ https://sockjs-mt1.pusher.com/pusher/app/d65207c183930ff953dc/611/8k59e378/xhr?protocol=7&client=js&version=8.3.0&t=1778971713538&n=72:0
[ 1504979ms] [ERROR] Failed to load resource: net::ERR_INTERNET_DISCONNECTED @ https://browser-intake-datadoghq.com/api/v2/rum?ddsource=browser&ddtags=sdk_version%3A6.6.4%2Capi%3Afetch-keepalive%2Cenv%3Aproduction%2Cservice%3Aweb-app%2Cversion%3A20260515173009%2Cretry_count%3A17%2Cretry_after%3A0&dd-api-key=pubd3c63a4b58fa5f1c43894daefa6a606c&dd-evp-origin-version=6.6.4&dd-evp-origin=browser&dd-request-id=04813284-09d8-43b1-a0a8-04509800175e&batch_time=1778971722420:0
[ 1504982ms] [ERROR] Failed to load resource: net::ERR_INTERNET_DISCONNECTED @ https://browser-intake-datadoghq.com/api/v2/rum?ddsource=browser&ddtags=sdk_version%3A6.6.4%2Capi%3Afetch%2Cenv%3Aproduction%2Cservice%3Aweb-app%2Cversion%3A20260515173009%2Cretry_count%3A17%2Cretry_after%3A0&dd-api-key=pubd3c63a4b58fa5f1c43894daefa6a606c&dd-evp-origin-version=6.6.4&dd-evp-origin=browser&dd-request-id=766b921b-9449-4609-9682-afdd331f3b2e&batch_time=1778971722425:0
[ 1505085ms] [ERROR] WebSocket connection to 'wss://ws-mt1.pusher.com/app/d65207c183930ff953dc?protocol=7&client=js&version=8.3.0&flash=false' failed: Error in connection establishment: net::ERR_INTERNET_DISCONNECTED @ https://app.underdogsports.com/npm..pnpm.6ed3d1c3a62b8914.js:1
[ 1505345ms] [ERROR] Failed to load resource: net::ERR_INTERNET_DISCONNECTED @ https://api.radar.io/v1/ping:0
[ 1505346ms] [ERROR] Radar SDK: Error checking IP: RadarNetworkError: Request timed out. @ https://app.underdogsports.com/critical.31f216b47b46f64b.js:0
[ 1507093ms] [ERROR] Failed to load resource: net::ERR_INTERNET_DISCONNECTED @ https://sockjs-mt1.pusher.com/pusher/app/d65207c183930ff953dc/220/t1k56j9b/xhr_streaming?protocol=7&client=js&version=8.3.0&t=1778971724533&n=73:0
[ 1511097ms] [ERROR] Failed to load resource: net::ERR_INTERNET_DISCONNECTED @ https://sockjs-mt1.pusher.com/pusher/app/d65207c183930ff953dc/431/ellkmtro/xhr?protocol=7&client=js&version=8.3.0&t=1778971728536&n=74:0
[ 1515345ms] [ERROR] Failed to load resource: net::ERR_INTERNET_DISCONNECTED @ https://api.radar.io/v1/ping:0
[ 1515345ms] [ERROR] Radar SDK: Error checking IP: RadarNetworkError: Request timed out. @ https://app.underdogsports.com/critical.31f216b47b46f64b.js:0
[ 1522095ms] [ERROR] Failed to load resource: net::ERR_INTERNET_DISCONNECTED @ https://sockjs-mt1.pusher.com/pusher/app/d65207c183930ff953dc/186/4u908er8/xhr_streaming?protocol=7&client=js&version=8.3.0&t=1778971739534&n=75:0
[ 1525346ms] [ERROR] Failed to load resource: net::ERR_INTERNET_DISCONNECTED @ https://api.radar.io/v1/ping:0
[ 1525346ms] [ERROR] Radar SDK: Error checking IP: RadarNetworkError: Request timed out. @ https://app.underdogsports.com/critical.31f216b47b46f64b.js:0
[ 1526096ms] [ERROR] Failed to load resource: net::ERR_INTERNET_DISCONNECTED @ https://sockjs-mt1.pusher.com/pusher/app/d65207c183930ff953dc/614/me3fkrbv/xhr?protocol=7&client=js&version=8.3.0&t=1778971743536&n=76:0
[ 1535346ms] [ERROR] Failed to load resource: net::ERR_INTERNET_DISCONNECTED @ https://api.radar.io/v1/ping:0
[ 1535346ms] [ERROR] Radar SDK: Error checking IP: RadarNetworkError: Request timed out. @ https://app.underdogsports.com/critical.31f216b47b46f64b.js:0
[ 1545346ms] [ERROR] Failed to load resource: net::ERR_INTERNET_DISCONNECTED @ https://api.radar.io/v1/ping:0
[ 1545346ms] [ERROR] Radar SDK: Error checking IP: RadarNetworkError: Request timed out. @ https://app.underdogsports.com/critical.31f216b47b46f64b.js:0
[ 1552097ms] [ERROR] Failed to load resource: net::ERR_INTERNET_DISCONNECTED @ https://sockjs-mt1.pusher.com/pusher/app/d65207c183930ff953dc/361/9kad02e1/xhr_streaming?protocol=7&client=js&version=8.3.0&t=1778971769536&n=77:0
[ 1555346ms] [ERROR] Failed to load resource: net::ERR_INTERNET_DISCONNECTED @ https://api.radar.io/v1/ping:0
[ 1555346ms] [ERROR] Radar SDK: Error checking IP: RadarNetworkError: Request timed out. @ https://app.underdogsports.com/critical.31f216b47b46f64b.js:0
[ 1556097ms] [ERROR] Failed to load resource: net::ERR_INTERNET_DISCONNECTED @ https://sockjs-mt1.pusher.com/pusher/app/d65207c183930ff953dc/649/7vhbfair/xhr?protocol=7&client=js&version=8.3.0&t=1778971773537&n=78:0
[ 1564998ms] [ERROR] Failed to load resource: net::ERR_INTERNET_DISCONNECTED @ https://browser-intake-datadoghq.com/api/v2/rum?ddsource=browser&ddtags=sdk_version%3A6.6.4%2Capi%3Afetch-keepalive%2Cenv%3Aproduction%2Cservice%3Aweb-app%2Cversion%3A20260515173009%2Cretry_count%3A18%2Cretry_after%3A0&dd-api-key=pubd3c63a4b58fa5f1c43894daefa6a606c&dd-evp-origin-version=6.6.4&dd-evp-origin=browser&dd-request-id=43210074-050e-4c27-83fa-db470d7d2b27&batch_time=1778971782428:0
[ 1565002ms] [ERROR] Failed to load resource: net::ERR_INTERNET_DISCONNECTED @ https://browser-intake-datadoghq.com/api/v2/rum?ddsource=browser&ddtags=sdk_version%3A6.6.4%2Capi%3Afetch%2Cenv%3Aproduction%2Cservice%3Aweb-app%2Cversion%3A20260515173009%2Cretry_count%3A18%2Cretry_after%3A0&dd-api-key=pubd3c63a4b58fa5f1c43894daefa6a606c&dd-evp-origin-version=6.6.4&dd-evp-origin=browser&dd-request-id=84c31df9-a367-4288-b546-06f2c77a908f&batch_time=1778971782444:0
[ 1565086ms] [ERROR] WebSocket connection to 'wss://ws-mt1.pusher.com/app/d65207c183930ff953dc?protocol=7&client=js&version=8.3.0&flash=false' failed: Error in connection establishment: net::ERR_INTERNET_DISCONNECTED @ https://app.underdogsports.com/npm..pnpm.6ed3d1c3a62b8914.js:1
[ 1565344ms] [ERROR] Failed to load resource: net::ERR_INTERNET_DISCONNECTED @ https://api.radar.io/v1/ping:0
[ 1565344ms] [ERROR] Radar SDK: Error checking IP: RadarNetworkError: Request timed out. @ https://app.underdogsports.com/critical.31f216b47b46f64b.js:0
[ 1567094ms] [ERROR] Failed to load resource: net::ERR_INTERNET_DISCONNECTED @ https://sockjs-mt1.pusher.com/pusher/app/d65207c183930ff953dc/222/vptuje5u/xhr_streaming?protocol=7&client=js&version=8.3.0&t=1778971784535&n=79:0
[ 1571097ms] [ERROR] Failed to load resource: net::ERR_INTERNET_DISCONNECTED @ https://sockjs-mt1.pusher.com/pusher/app/d65207c183930ff953dc/180/3s1ibo5v/xhr?protocol=7&client=js&version=8.3.0&t=1778971788538&n=80:0
[ 1575345ms] [ERROR] Failed to load resource: net::ERR_INTERNET_DISCONNECTED @ https://api.radar.io/v1/ping:0
[ 1575346ms] [ERROR] Radar SDK: Error checking IP: RadarNetworkError: Request timed out. @ https://app.underdogsports.com/critical.31f216b47b46f64b.js:0
[ 1582096ms] [ERROR] Failed to load resource: net::ERR_INTERNET_DISCONNECTED @ https://sockjs-mt1.pusher.com/pusher/app/d65207c183930ff953dc/876/hcla8ike/xhr_streaming?protocol=7&client=js&version=8.3.0&t=1778971799537&n=81:0
[ 1585345ms] [ERROR] Failed to load resource: net::ERR_INTERNET_DISCONNECTED @ https://api.radar.io/v1/ping:0
[ 1585345ms] [ERROR] Radar SDK: Error checking IP: RadarNetworkError: Request timed out. @ https://app.underdogsports.com/critical.31f216b47b46f64b.js:0
[ 1586100ms] [ERROR] Failed to load resource: net::ERR_INTERNET_DISCONNECTED @ https://sockjs-mt1.pusher.com/pusher/app/d65207c183930ff953dc/674/cftbq1f6/xhr?protocol=7&client=js&version=8.3.0&t=1778971803539&n=82:0
[ 1595346ms] [ERROR] Failed to load resource: net::ERR_INTERNET_DISCONNECTED @ https://api.radar.io/v1/ping:0
[ 1595347ms] [ERROR] Radar SDK: Error checking IP: RadarNetworkError: Request timed out. @ https://app.underdogsports.com/critical.31f216b47b46f64b.js:0
[ 1605344ms] [ERROR] Failed to load resource: net::ERR_INTERNET_DISCONNECTED @ https://api.radar.io/v1/ping:0
[ 1605345ms] [ERROR] Radar SDK: Error checking IP: RadarNetworkError: Request timed out. @ https://app.underdogsports.com/critical.31f216b47b46f64b.js:0
[ 1612099ms] [ERROR] Failed to load resource: net::ERR_INTERNET_DISCONNECTED @ https://sockjs-mt1.pusher.com/pusher/app/d65207c183930ff953dc/870/hafoqi31/xhr_streaming?protocol=7&client=js&version=8.3.0&t=1778971829539&n=83:0
[ 1615346ms] [ERROR] Failed to load resource: net::ERR_INTERNET_DISCONNECTED @ https://api.radar.io/v1/ping:0
[ 1615346ms] [ERROR] Radar SDK: Error checking IP: RadarNetworkError: Request timed out. @ https://app.underdogsports.com/critical.31f216b47b46f64b.js:0
[ 1616100ms] [ERROR] Failed to load resource: net::ERR_INTERNET_DISCONNECTED @ https://sockjs-mt1.pusher.com/pusher/app/d65207c183930ff953dc/904/d1giqigl/xhr?protocol=7&client=js&version=8.3.0&t=1778971833540&n=84:0
[ 1625012ms] [ERROR] Failed to load resource: net::ERR_INTERNET_DISCONNECTED @ https://browser-intake-datadoghq.com/api/v2/rum?ddsource=browser&ddtags=sdk_version%3A6.6.4%2Capi%3Afetch-keepalive%2Cenv%3Aproduction%2Cservice%3Aweb-app%2Cversion%3A20260515173009%2Cretry_count%3A19%2Cretry_after%3A0&dd-api-key=pubd3c63a4b58fa5f1c43894daefa6a606c&dd-evp-origin-version=6.6.4&dd-evp-origin=browser&dd-request-id=f7872941-d4d8-44f4-b8aa-2f3b62ae94b1&batch_time=1778971842451:0
[ 1625015ms] [ERROR] Failed to load resource: net::ERR_INTERNET_DISCONNECTED @ https://browser-intake-datadoghq.com/api/v2/rum?ddsource=browser&ddtags=sdk_version%3A6.6.4%2Capi%3Afetch%2Cenv%3Aproduction%2Cservice%3Aweb-app%2Cversion%3A20260515173009%2Cretry_count%3A19%2Cretry_after%3A0&dd-api-key=pubd3c63a4b58fa5f1c43894daefa6a606c&dd-evp-origin-version=6.6.4&dd-evp-origin=browser&dd-request-id=d682a66a-7eff-4c52-8f8c-d50cb22faeee&batch_time=1778971842457:0
[ 1625086ms] [ERROR] WebSocket connection to 'wss://ws-mt1.pusher.com/app/d65207c183930ff953dc?protocol=7&client=js&version=8.3.0&flash=false' failed: Error in connection establishment: net::ERR_INTERNET_DISCONNECTED @ https://app.underdogsports.com/npm..pnpm.6ed3d1c3a62b8914.js:1
[ 1625346ms] [ERROR] Failed to load resource: net::ERR_INTERNET_DISCONNECTED @ https://api.radar.io/v1/ping:0
[ 1625346ms] [ERROR] Radar SDK: Error checking IP: RadarNetworkError: Request timed out. @ https://app.underdogsports.com/critical.31f216b47b46f64b.js:0
[ 1627097ms] [ERROR] Failed to load resource: net::ERR_INTERNET_DISCONNECTED @ https://sockjs-mt1.pusher.com/pusher/app/d65207c183930ff953dc/892/jl3ochck/xhr_streaming?protocol=7&client=js&version=8.3.0&t=1778971844538&n=85:0
[ 1631101ms] [ERROR] Failed to load resource: net::ERR_INTERNET_DISCONNECTED @ https://sockjs-mt1.pusher.com/pusher/app/d65207c183930ff953dc/847/04v9he9h/xhr?protocol=7&client=js&version=8.3.0&t=1778971848540&n=86:0
[ 1635345ms] [ERROR] Failed to load resource: net::ERR_INTERNET_DISCONNECTED @ https://api.radar.io/v1/ping:0
[ 1635346ms] [ERROR] Radar SDK: Error checking IP: RadarNetworkError: Request timed out. @ https://app.underdogsports.com/critical.31f216b47b46f64b.js:0
[ 1642099ms] [ERROR] Failed to load resource: net::ERR_INTERNET_DISCONNECTED @ https://sockjs-mt1.pusher.com/pusher/app/d65207c183930ff953dc/22/798hc9k4/xhr_streaming?protocol=7&client=js&version=8.3.0&t=1778971859539&n=87:0
[ 1645345ms] [ERROR] Failed to load resource: net::ERR_INTERNET_DISCONNECTED @ https://api.radar.io/v1/ping:0
[ 1645346ms] [ERROR] Radar SDK: Error checking IP: RadarNetworkError: Request timed out. @ https://app.underdogsports.com/critical.31f216b47b46f64b.js:0
[ 1646100ms] [ERROR] Failed to load resource: net::ERR_INTERNET_DISCONNECTED @ https://sockjs-mt1.pusher.com/pusher/app/d65207c183930ff953dc/438/t938oqd9/xhr?protocol=7&client=js&version=8.3.0&t=1778971863541&n=88:0
[ 1647136ms] [ERROR] Failed to load resource: net::ERR_INTERNET_DISCONNECTED @ https://api-verified.radar.io/v1/config?deviceId=09b4eec0-f45b-4d32-bef7-306cf502e749&installId=d97885b5-bb50-467d-a844-f5274061b7fa&sessionId=1778971864&locationAuthorization=GRANTED_FOREGROUND:0
[ 1647136ms] [ERROR] Radar SDK: trackVerified error: Request timed out. @ https://app.underdogsports.com/critical.31f216b47b46f64b.js:0
[ 1655345ms] [ERROR] Failed to load resource: net::ERR_INTERNET_DISCONNECTED @ https://api.radar.io/v1/ping:0
[ 1655346ms] [ERROR] Radar SDK: Error checking IP: RadarNetworkError: Request timed out. @ https://app.underdogsports.com/critical.31f216b47b46f64b.js:0
[ 1665347ms] [ERROR] Failed to load resource: net::ERR_INTERNET_DISCONNECTED @ https://api.radar.io/v1/ping:0
[ 1665347ms] [ERROR] Radar SDK: Error checking IP: RadarNetworkError: Request timed out. @ https://app.underdogsports.com/critical.31f216b47b46f64b.js:0
[ 1672100ms] [ERROR] Failed to load resource: net::ERR_INTERNET_DISCONNECTED @ https://sockjs-mt1.pusher.com/pusher/app/d65207c183930ff953dc/693/s4rq3sl1/xhr_streaming?protocol=7&client=js&version=8.3.0&t=1778971889540&n=89:0
[ 1675346ms] [ERROR] Failed to load resource: net::ERR_INTERNET_DISCONNECTED @ https://api.radar.io/v1/ping:0
[ 1675346ms] [ERROR] Radar SDK: Error checking IP: RadarNetworkError: Request timed out. @ https://app.underdogsports.com/critical.31f216b47b46f64b.js:0
[ 1676102ms] [ERROR] Failed to load resource: net::ERR_INTERNET_DISCONNECTED @ https://sockjs-mt1.pusher.com/pusher/app/d65207c183930ff953dc/187/5bakkpuv/xhr?protocol=7&client=js&version=8.3.0&t=1778971893543&n=90:0
[ 1685023ms] [ERROR] Failed to load resource: net::ERR_INTERNET_DISCONNECTED @ https://browser-intake-datadoghq.com/api/v2/rum?ddsource=browser&ddtags=sdk_version%3A6.6.4%2Capi%3Afetch-keepalive%2Cenv%3Aproduction%2Cservice%3Aweb-app%2Cversion%3A20260515173009%2Cretry_count%3A20%2Cretry_after%3A0&dd-api-key=pubd3c63a4b58fa5f1c43894daefa6a606c&dd-evp-origin-version=6.6.4&dd-evp-origin=browser&dd-request-id=b66da33d-a137-47d2-91b2-f0769975adde&batch_time=1778971902462:0
[ 1685026ms] [ERROR] Failed to load resource: net::ERR_INTERNET_DISCONNECTED @ https://browser-intake-datadoghq.com/api/v2/rum?ddsource=browser&ddtags=sdk_version%3A6.6.4%2Capi%3Afetch%2Cenv%3Aproduction%2Cservice%3Aweb-app%2Cversion%3A20260515173009%2Cretry_count%3A20%2Cretry_after%3A0&dd-api-key=pubd3c63a4b58fa5f1c43894daefa6a606c&dd-evp-origin-version=6.6.4&dd-evp-origin=browser&dd-request-id=b4fcf51f-e7d9-4f9f-9a41-59d28b592b17&batch_time=1778971902468:0
[ 1685088ms] [ERROR] WebSocket connection to 'wss://ws-mt1.pusher.com/app/d65207c183930ff953dc?protocol=7&client=js&version=8.3.0&flash=false' failed: Error in connection establishment: net::ERR_INTERNET_DISCONNECTED @ https://app.underdogsports.com/npm..pnpm.6ed3d1c3a62b8914.js:1
[ 1685344ms] [ERROR] Failed to load resource: net::ERR_INTERNET_DISCONNECTED @ https://api.radar.io/v1/ping:0
[ 1685344ms] [ERROR] Radar SDK: Error checking IP: RadarNetworkError: Request timed out. @ https://app.underdogsports.com/critical.31f216b47b46f64b.js:0
[ 1687099ms] [ERROR] Failed to load resource: net::ERR_INTERNET_DISCONNECTED @ https://sockjs-mt1.pusher.com/pusher/app/d65207c183930ff953dc/583/a3kg1rnt/xhr_streaming?protocol=7&client=js&version=8.3.0&t=1778971904539&n=91:0
[ 1691102ms] [ERROR] Failed to load resource: net::ERR_INTERNET_DISCONNECTED @ https://sockjs-mt1.pusher.com/pusher/app/d65207c183930ff953dc/387/us9cddr1/xhr?protocol=7&client=js&version=8.3.0&t=1778971908542&n=92:0
[ 1695346ms] [ERROR] Failed to load resource: net::ERR_INTERNET_DISCONNECTED @ https://api.radar.io/v1/ping:0
[ 1695347ms] [ERROR] Radar SDK: Error checking IP: RadarNetworkError: Request timed out. @ https://app.underdogsports.com/critical.31f216b47b46f64b.js:0
[ 1702099ms] [ERROR] Failed to load resource: net::ERR_INTERNET_DISCONNECTED @ https://sockjs-mt1.pusher.com/pusher/app/d65207c183930ff953dc/853/9m4mclul/xhr_streaming?protocol=7&client=js&version=8.3.0&t=1778971919539&n=93:0
[ 1705346ms] [ERROR] Failed to load resource: net::ERR_INTERNET_DISCONNECTED @ https://api.radar.io/v1/ping:0
[ 1705347ms] [ERROR] Radar SDK: Error checking IP: RadarNetworkError: Request timed out. @ https://app.underdogsports.com/critical.31f216b47b46f64b.js:0
[ 1706102ms] [ERROR] Failed to load resource: net::ERR_INTERNET_DISCONNECTED @ https://sockjs-mt1.pusher.com/pusher/app/d65207c183930ff953dc/83/mhoa2j9g/xhr?protocol=7&client=js&version=8.3.0&t=1778971923543&n=94:0
[ 1715343ms] [ERROR] Failed to load resource: net::ERR_INTERNET_DISCONNECTED @ https://api.radar.io/v1/ping:0
[ 1715343ms] [ERROR] Radar SDK: Error checking IP: RadarNetworkError: Request timed out. @ https://app.underdogsports.com/critical.31f216b47b46f64b.js:0
[ 1725344ms] [ERROR] Failed to load resource: net::ERR_INTERNET_DISCONNECTED @ https://api.radar.io/v1/ping:0
[ 1725344ms] [ERROR] Radar SDK: Error checking IP: RadarNetworkError: Request timed out. @ https://app.underdogsports.com/critical.31f216b47b46f64b.js:0
[ 1732100ms] [ERROR] Failed to load resource: net::ERR_INTERNET_DISCONNECTED @ https://sockjs-mt1.pusher.com/pusher/app/d65207c183930ff953dc/660/hn27fmil/xhr_streaming?protocol=7&client=js&version=8.3.0&t=1778971949540&n=95:0
[ 1735345ms] [ERROR] Failed to load resource: net::ERR_INTERNET_DISCONNECTED @ https://api.radar.io/v1/ping:0
[ 1735345ms] [ERROR] Radar SDK: Error checking IP: RadarNetworkError: Request timed out. @ https://app.underdogsports.com/critical.31f216b47b46f64b.js:0
[ 1736105ms] [ERROR] Failed to load resource: net::ERR_INTERNET_DISCONNECTED @ https://sockjs-mt1.pusher.com/pusher/app/d65207c183930ff953dc/918/vgs52k9f/xhr?protocol=7&client=js&version=8.3.0&t=1778971953544&n=96:0
[ 1745032ms] [ERROR] Failed to load resource: net::ERR_INTERNET_DISCONNECTED @ https://browser-intake-datadoghq.com/api/v2/rum?ddsource=browser&ddtags=sdk_version%3A6.6.4%2Capi%3Afetch-keepalive%2Cenv%3Aproduction%2Cservice%3Aweb-app%2Cversion%3A20260515173009%2Cretry_count%3A21%2Cretry_after%3A0&dd-api-key=pubd3c63a4b58fa5f1c43894daefa6a606c&dd-evp-origin-version=6.6.4&dd-evp-origin=browser&dd-request-id=0d4fae30-146e-483e-ba36-318db4429e8a&batch_time=1778971962474:0
[ 1745035ms] [ERROR] Failed to load resource: net::ERR_INTERNET_DISCONNECTED @ https://browser-intake-datadoghq.com/api/v2/rum?ddsource=browser&ddtags=sdk_version%3A6.6.4%2Capi%3Afetch%2Cenv%3Aproduction%2Cservice%3Aweb-app%2Cversion%3A20260515173009%2Cretry_count%3A21%2Cretry_after%3A0&dd-api-key=pubd3c63a4b58fa5f1c43894daefa6a606c&dd-evp-origin-version=6.6.4&dd-evp-origin=browser&dd-request-id=7bd52c1d-ace9-4e04-849b-50d2ff7efdae&batch_time=1778971962478:0
[ 1745091ms] [ERROR] WebSocket connection to 'wss://ws-mt1.pusher.com/app/d65207c183930ff953dc?protocol=7&client=js&version=8.3.0&flash=false' failed: Error in connection establishment: net::ERR_INTERNET_DISCONNECTED @ https://app.underdogsports.com/npm..pnpm.6ed3d1c3a62b8914.js:1
[ 1745344ms] [ERROR] Failed to load resource: net::ERR_INTERNET_DISCONNECTED @ https://api.radar.io/v1/ping:0
[ 1745345ms] [ERROR] Radar SDK: Error checking IP: RadarNetworkError: Request timed out. @ https://app.underdogsports.com/critical.31f216b47b46f64b.js:0
[ 1747100ms] [ERROR] Failed to load resource: net::ERR_INTERNET_DISCONNECTED @ https://sockjs-mt1.pusher.com/pusher/app/d65207c183930ff953dc/239/q6r7dnqa/xhr_streaming?protocol=7&client=js&version=8.3.0&t=1778971964540&n=97:0
[ 1751102ms] [ERROR] Failed to load resource: net::ERR_INTERNET_DISCONNECTED @ https://sockjs-mt1.pusher.com/pusher/app/d65207c183930ff953dc/269/5qes3aec/xhr?protocol=7&client=js&version=8.3.0&t=1778971968543&n=98:0
[ 1755346ms] [ERROR] Failed to load resource: net::ERR_INTERNET_DISCONNECTED @ https://api.radar.io/v1/ping:0
[ 1755346ms] [ERROR] Radar SDK: Error checking IP: RadarNetworkError: Request timed out. @ https://app.underdogsports.com/critical.31f216b47b46f64b.js:0
[ 1762101ms] [ERROR] Failed to load resource: net::ERR_INTERNET_DISCONNECTED @ https://sockjs-mt1.pusher.com/pusher/app/d65207c183930ff953dc/914/g85a0rcj/xhr_streaming?protocol=7&client=js&version=8.3.0&t=1778971979542&n=99:0
[ 1765346ms] [ERROR] Failed to load resource: net::ERR_INTERNET_DISCONNECTED @ https://api.radar.io/v1/ping:0
[ 1765346ms] [ERROR] Radar SDK: Error checking IP: RadarNetworkError: Request timed out. @ https://app.underdogsports.com/critical.31f216b47b46f64b.js:0
[ 1766104ms] [ERROR] Failed to load resource: net::ERR_INTERNET_DISCONNECTED @ https://sockjs-mt1.pusher.com/pusher/app/d65207c183930ff953dc/673/m4pum1m9/xhr?protocol=7&client=js&version=8.3.0&t=1778971983545&n=100:0
[ 1775346ms] [ERROR] Failed to load resource: net::ERR_INTERNET_DISCONNECTED @ https://api.radar.io/v1/ping:0
[ 1775346ms] [ERROR] Radar SDK: Error checking IP: RadarNetworkError: Request timed out. @ https://app.underdogsports.com/critical.31f216b47b46f64b.js:0
[ 1785345ms] [ERROR] Failed to load resource: net::ERR_INTERNET_DISCONNECTED @ https://api.radar.io/v1/ping:0
[ 1785346ms] [ERROR] Radar SDK: Error checking IP: RadarNetworkError: Request timed out. @ https://app.underdogsports.com/critical.31f216b47b46f64b.js:0
[ 1792105ms] [ERROR] Failed to load resource: net::ERR_INTERNET_DISCONNECTED @ https://sockjs-mt1.pusher.com/pusher/app/d65207c183930ff953dc/132/jmh91d1u/xhr_streaming?protocol=7&client=js&version=8.3.0&t=1778972009544&n=101:0
[ 1795345ms] [ERROR] Failed to load resource: net::ERR_INTERNET_DISCONNECTED @ https://api.radar.io/v1/ping:0
[ 1795346ms] [ERROR] Radar SDK: Error checking IP: RadarNetworkError: Request timed out. @ https://app.underdogsports.com/critical.31f216b47b46f64b.js:0
[ 1796105ms] [ERROR] Failed to load resource: net::ERR_INTERNET_DISCONNECTED @ https://sockjs-mt1.pusher.com/pusher/app/d65207c183930ff953dc/103/uco42ubs/xhr?protocol=7&client=js&version=8.3.0&t=1778972013546&n=102:0
[ 1805044ms] [ERROR] Failed to load resource: net::ERR_INTERNET_DISCONNECTED @ https://browser-intake-datadoghq.com/api/v2/rum?ddsource=browser&ddtags=sdk_version%3A6.6.4%2Capi%3Afetch-keepalive%2Cenv%3Aproduction%2Cservice%3Aweb-app%2Cversion%3A20260515173009%2Cretry_count%3A22%2Cretry_after%3A0&dd-api-key=pubd3c63a4b58fa5f1c43894daefa6a606c&dd-evp-origin-version=6.6.4&dd-evp-origin=browser&dd-request-id=7b2066ed-176a-4ab3-9c12-2793dcd48ec5&batch_time=1778972022484:0
[ 1805047ms] [ERROR] Failed to load resource: net::ERR_INTERNET_DISCONNECTED @ https://browser-intake-datadoghq.com/api/v2/rum?ddsource=browser&ddtags=sdk_version%3A6.6.4%2Capi%3Afetch%2Cenv%3Aproduction%2Cservice%3Aweb-app%2Cversion%3A20260515173009%2Cretry_count%3A22%2Cretry_after%3A0&dd-api-key=pubd3c63a4b58fa5f1c43894daefa6a606c&dd-evp-origin-version=6.6.4&dd-evp-origin=browser&dd-request-id=9b58e0c8-1de6-404b-8a47-32a59f305699&batch_time=1778972022490:0
[ 1805092ms] [ERROR] WebSocket connection to 'wss://ws-mt1.pusher.com/app/d65207c183930ff953dc?protocol=7&client=js&version=8.3.0&flash=false' failed: Error in connection establishment: net::ERR_INTERNET_DISCONNECTED @ https://app.underdogsports.com/npm..pnpm.6ed3d1c3a62b8914.js:1
[ 1805344ms] [ERROR] Failed to load resource: net::ERR_INTERNET_DISCONNECTED @ https://api.radar.io/v1/ping:0
[ 1805345ms] [ERROR] Radar SDK: Error checking IP: RadarNetworkError: Request timed out. @ https://app.underdogsports.com/critical.31f216b47b46f64b.js:0
[ 1807101ms] [ERROR] Failed to load resource: net::ERR_INTERNET_DISCONNECTED @ https://sockjs-mt1.pusher.com/pusher/app/d65207c183930ff953dc/156/plvpj3gu/xhr_streaming?protocol=7&client=js&version=8.3.0&t=1778972024541&n=103:0
[ 1811104ms] [ERROR] Failed to load resource: net::ERR_INTERNET_DISCONNECTED @ https://sockjs-mt1.pusher.com/pusher/app/d65207c183930ff953dc/393/elsj1616/xhr?protocol=7&client=js&version=8.3.0&t=1778972028545&n=104:0
[ 1815347ms] [ERROR] Failed to load resource: net::ERR_INTERNET_DISCONNECTED @ https://api.radar.io/v1/ping:0
[ 1815348ms] [ERROR] Radar SDK: Error checking IP: RadarNetworkError: Request timed out. @ https://app.underdogsports.com/critical.31f216b47b46f64b.js:0
[ 1822104ms] [ERROR] Failed to load resource: net::ERR_INTERNET_DISCONNECTED @ https://sockjs-mt1.pusher.com/pusher/app/d65207c183930ff953dc/478/laha28d3/xhr_streaming?protocol=7&client=js&version=8.3.0&t=1778972039544&n=105:0
[ 1825344ms] [ERROR] Failed to load resource: net::ERR_INTERNET_DISCONNECTED @ https://api.radar.io/v1/ping:0
[ 1825345ms] [ERROR] Radar SDK: Error checking IP: RadarNetworkError: Request timed out. @ https://app.underdogsports.com/critical.31f216b47b46f64b.js:0
[ 1826107ms] [ERROR] Failed to load resource: net::ERR_INTERNET_DISCONNECTED @ https://sockjs-mt1.pusher.com/pusher/app/d65207c183930ff953dc/21/c8s9lh7e/xhr?protocol=7&client=js&version=8.3.0&t=1778972043547&n=106:0
[ 1835345ms] [ERROR] Failed to load resource: net::ERR_INTERNET_DISCONNECTED @ https://api.radar.io/v1/ping:0
[ 1835346ms] [ERROR] Radar SDK: Error checking IP: RadarNetworkError: Request timed out. @ https://app.underdogsports.com/critical.31f216b47b46f64b.js:0
[ 1845345ms] [ERROR] Failed to load resource: net::ERR_INTERNET_DISCONNECTED @ https://api.radar.io/v1/ping:0
[ 1845346ms] [ERROR] Radar SDK: Error checking IP: RadarNetworkError: Request timed out. @ https://app.underdogsports.com/critical.31f216b47b46f64b.js:0
[ 1852107ms] [ERROR] Failed to load resource: net::ERR_INTERNET_DISCONNECTED @ https://sockjs-mt1.pusher.com/pusher/app/d65207c183930ff953dc/68/0lhti8l2/xhr_streaming?protocol=7&client=js&version=8.3.0&t=1778972069545&n=107:0
[ 1978935ms] [ERROR] Failed to load resource: net::ERR_INTERNET_DISCONNECTED @ https://api.radar.io/v1/ping:0
[ 1978936ms] [ERROR] Radar SDK: Error checking IP: RadarNetworkError: Request timed out. @ https://app.underdogsports.com/critical.31f216b47b46f64b.js:0
[ 1979693ms] [ERROR] Failed to load resource: net::ERR_INTERNET_DISCONNECTED @ https://sockjs-mt1.pusher.com/pusher/app/d65207c183930ff953dc/841/dtcp5jln/xhr?protocol=7&client=js&version=8.3.0&t=1778972197135&n=108:0
[ 1988644ms] [ERROR] Failed to load resource: net::ERR_INTERNET_DISCONNECTED @ https://browser-intake-datadoghq.com/api/v2/rum?ddsource=browser&ddtags=sdk_version%3A6.6.4%2Capi%3Afetch-keepalive%2Cenv%3Aproduction%2Cservice%3Aweb-app%2Cversion%3A20260515173009%2Cretry_count%3A23%2Cretry_after%3A0&dd-api-key=pubd3c63a4b58fa5f1c43894daefa6a606c&dd-evp-origin-version=6.6.4&dd-evp-origin=browser&dd-request-id=bf49eed5-87df-43ce-b1a4-521263557a1a&batch_time=1778972206082:0
[ 1988648ms] [ERROR] Failed to load resource: net::ERR_INTERNET_DISCONNECTED @ https://browser-intake-datadoghq.com/api/v2/rum?ddsource=browser&ddtags=sdk_version%3A6.6.4%2Capi%3Afetch%2Cenv%3Aproduction%2Cservice%3Aweb-app%2Cversion%3A20260515173009%2Cretry_count%3A23%2Cretry_after%3A0&dd-api-key=pubd3c63a4b58fa5f1c43894daefa6a606c&dd-evp-origin-version=6.6.4&dd-evp-origin=browser&dd-request-id=14db1df4-2a12-4b47-8cec-f106c9a9845d&batch_time=1778972206090:0
[ 1988681ms] [ERROR] WebSocket connection to 'wss://ws-mt1.pusher.com/app/d65207c183930ff953dc?protocol=7&client=js&version=8.3.0&flash=false' failed: Error in connection establishment: net::ERR_INTERNET_DISCONNECTED @ https://app.underdogsports.com/npm..pnpm.6ed3d1c3a62b8914.js:1
[ 1988930ms] [ERROR] Failed to load resource: net::ERR_INTERNET_DISCONNECTED @ https://api.radar.io/v1/ping:0
[ 1988930ms] [ERROR] Radar SDK: Error checking IP: RadarNetworkError: Request timed out. @ https://app.underdogsports.com/critical.31f216b47b46f64b.js:0
[ 1990689ms] [ERROR] Failed to load resource: net::ERR_INTERNET_DISCONNECTED @ https://sockjs-mt1.pusher.com/pusher/app/d65207c183930ff953dc/809/j58j9llf/xhr_streaming?protocol=7&client=js&version=8.3.0&t=1778972208129&n=109:0
[ 1994694ms] [ERROR] Failed to load resource: net::ERR_INTERNET_DISCONNECTED @ https://sockjs-mt1.pusher.com/pusher/app/d65207c183930ff953dc/823/18dm2n75/xhr?protocol=7&client=js&version=8.3.0&t=1778972212133&n=110:0
[ 1998932ms] [ERROR] Failed to load resource: net::ERR_INTERNET_DISCONNECTED @ https://api.radar.io/v1/ping:0
[ 1998932ms] [ERROR] Radar SDK: Error checking IP: RadarNetworkError: Request timed out. @ https://app.underdogsports.com/critical.31f216b47b46f64b.js:0
[ 2005691ms] [ERROR] Failed to load resource: net::ERR_INTERNET_DISCONNECTED @ https://sockjs-mt1.pusher.com/pusher/app/d65207c183930ff953dc/124/tjjjur3n/xhr_streaming?protocol=7&client=js&version=8.3.0&t=1778972223130&n=111:0
[ 2008932ms] [ERROR] Failed to load resource: net::ERR_INTERNET_DISCONNECTED @ https://api.radar.io/v1/ping:0
[ 2008932ms] [ERROR] Radar SDK: Error checking IP: RadarNetworkError: Request timed out. @ https://app.underdogsports.com/critical.31f216b47b46f64b.js:0
[ 2009694ms] [ERROR] Failed to load resource: net::ERR_INTERNET_DISCONNECTED @ https://sockjs-mt1.pusher.com/pusher/app/d65207c183930ff953dc/104/8eo8c499/xhr?protocol=7&client=js&version=8.3.0&t=1778972227134&n=112:0
[ 2018930ms] [ERROR] Failed to load resource: net::ERR_INTERNET_DISCONNECTED @ https://api.radar.io/v1/ping:0
[ 2018930ms] [ERROR] Radar SDK: Error checking IP: RadarNetworkError: Request timed out. @ https://app.underdogsports.com/critical.31f216b47b46f64b.js:0
[ 2028934ms] [ERROR] Failed to load resource: net::ERR_INTERNET_DISCONNECTED @ https://api.radar.io/v1/ping:0
[ 2028935ms] [ERROR] Radar SDK: Error checking IP: RadarNetworkError: Request timed out. @ https://app.underdogsports.com/critical.31f216b47b46f64b.js:0
[ 2035691ms] [ERROR] Failed to load resource: net::ERR_INTERNET_DISCONNECTED @ https://sockjs-mt1.pusher.com/pusher/app/d65207c183930ff953dc/548/e9uj3ik9/xhr_streaming?protocol=7&client=js&version=8.3.0&t=1778972253131&n=113:0
[ 2038929ms] [ERROR] Failed to load resource: net::ERR_INTERNET_DISCONNECTED @ https://api.radar.io/v1/ping:0
[ 2038929ms] [ERROR] Radar SDK: Error checking IP: RadarNetworkError: Request timed out. @ https://app.underdogsports.com/critical.31f216b47b46f64b.js:0
[ 2039692ms] [ERROR] Failed to load resource: net::ERR_INTERNET_DISCONNECTED @ https://sockjs-mt1.pusher.com/pusher/app/d65207c183930ff953dc/50/bs860bc9/xhr?protocol=7&client=js&version=8.3.0&t=1778972257135&n=114:0
[ 2048657ms] [ERROR] Failed to load resource: net::ERR_INTERNET_DISCONNECTED @ https://browser-intake-datadoghq.com/api/v2/rum?ddsource=browser&ddtags=sdk_version%3A6.6.4%2Capi%3Afetch-keepalive%2Cenv%3Aproduction%2Cservice%3Aweb-app%2Cversion%3A20260515173009%2Cretry_count%3A24%2Cretry_after%3A0&dd-api-key=pubd3c63a4b58fa5f1c43894daefa6a606c&dd-evp-origin-version=6.6.4&dd-evp-origin=browser&dd-request-id=c399faa0-4d99-4633-873d-30875b005af4&batch_time=1778972266095:0
[ 2048662ms] [ERROR] Failed to load resource: net::ERR_INTERNET_DISCONNECTED @ https://browser-intake-datadoghq.com/api/v2/rum?ddsource=browser&ddtags=sdk_version%3A6.6.4%2Capi%3Afetch%2Cenv%3Aproduction%2Cservice%3Aweb-app%2Cversion%3A20260515173009%2Cretry_count%3A24%2Cretry_after%3A0&dd-api-key=pubd3c63a4b58fa5f1c43894daefa6a606c&dd-evp-origin-version=6.6.4&dd-evp-origin=browser&dd-request-id=732aacf2-3c52-4799-a60b-581373540978&batch_time=1778972266103:0
[ 2048681ms] [ERROR] WebSocket connection to 'wss://ws-mt1.pusher.com/app/d65207c183930ff953dc?protocol=7&client=js&version=8.3.0&flash=false' failed: Error in connection establishment: net::ERR_INTERNET_DISCONNECTED @ https://app.underdogsports.com/npm..pnpm.6ed3d1c3a62b8914.js:1
[ 2048931ms] [ERROR] Failed to load resource: net::ERR_INTERNET_DISCONNECTED @ https://api.radar.io/v1/ping:0
[ 2048932ms] [ERROR] Radar SDK: Error checking IP: RadarNetworkError: Request timed out. @ https://app.underdogsports.com/critical.31f216b47b46f64b.js:0
[ 2050692ms] [ERROR] Failed to load resource: net::ERR_INTERNET_DISCONNECTED @ https://sockjs-mt1.pusher.com/pusher/app/d65207c183930ff953dc/164/508lcc07/xhr_streaming?protocol=7&client=js&version=8.3.0&t=1778972268130&n=115:0
[ 2052289ms] [ERROR] WebSocket connection to 'wss://nexus-websocket-a.intercom.io/pubsub/5-l9TXZdpKCl4jMX_ChDGl70Vs4XFAnU-toL-vIjZkIpGwmrLIHb99DZzVSTIupyFvOHm0csn6BSVcETQzFvuawuDQf-0ZByNgYhCE?X-Nexus-New-Client=true&X-Nexus-Version=0.18.8&user_role=user' failed: Error in connection establishment: net::ERR_NAME_NOT_RESOLVED @ https://js.intercomcdn.com/vendor-modern.ccafe9b3.js:1
[ 2052291ms] [ERROR] WebSocket connection to 'wss://ws-mt1.pusher.com/app/d65207c183930ff953dc?protocol=7&client=js&version=8.3.0&flash=false' failed: Error in connection establishment: net::ERR_NAME_NOT_RESOLVED @ https://app.underdogsports.com/npm..pnpm.6ed3d1c3a62b8914.js:1
[ 2054136ms] [ERROR] Failed to load resource: net::ERR_NETWORK_CHANGED @ https://sockjs-mt1.pusher.com/pusher/app/d65207c183930ff953dc/519/nckthtg8/xhr_streaming?protocol=7&client=js&version=8.3.0&t=1778972270593&n=116:0
[ 2054169ms] [ERROR] Failed to load resource: the server responded with a status of 401 () @ https://api.underdogfantasy.com/v1/authorizations/pusher_channels:0
[ 2055755ms] [ERROR] Failed to load resource: the server responded with a status of 401 () @ https://api.underdogfantasy.com/v1/authorizations/pusher_channels:0
[ 2069294ms] [ERROR] Radar SDK: trackVerified error: Could not determine location. @ https://app.underdogsports.com/critical.31f216b47b46f64b.js:0
[ 2070729ms] [ERROR] Radar SDK: trackVerified error: Could not determine location. @ https://app.underdogsports.com/critical.31f216b47b46f64b.js:0
[ 2370735ms] [ERROR] Radar SDK: trackVerified error: Could not determine location. @ https://app.underdogsports.com/critical.31f216b47b46f64b.js:0
