[     266ms] [LOG] %c
░░░░░░░░░░░░░░░░░░░░░░░░░░░░░░░░░░░░░░░░░░░░░░░░░░░░░░░░░░░░░░░░
░░░░░░░░░░░░░░░░░░░░░░░░░░░░░░░░░░░░░░░░░░░░░░░░░░░░░░░░░░░░░░░░
░░░░░░░░░░░░░░░░░░░░░░ SUBSTACK WANTS YOU ░░░░░░░░░░░░░░░░░░░░░░
░░░░░░░░░░░░░░░░░░░░░░░░░░░░░░░░░░░░░░░░░░░░░░░░░░░░░░░░░░░░░░░░
░░░░░░░░░░░░░░░░░░░░░░░░░░░░░░░░░░░░░░░░░░░░░░░░░░░░░░░░░░░░░░░░
░░░░░░░░░░░░░░░▓▓▓▓▓▓▓▓▓▓▓▓▓▓▓▓▓▓▓▓▓▓▓▓▓▓▓▓▓▓▓▓▓▓░░░░░░░░░░░░░░░
░░░░░░░░░░░░░░░▓▓▓▓▓▓▓▓▓▓▓▓▓▓▓▓▓▓▓▓▓▓▓▓▓▓▓▓▓▓▓▓▓▓░░░░░░░░░░░░░░░
░░░░░░░░░░░░░░░░░░░░░░░░░░░░░░░░░░░░░░░░░░░░░░░░░░░░░░░░░░░░░░░░
░░░░░░░░░░░░░░░▓▓▓▓▓▓▓▓▓▓▓▓▓▓▓▓▓▓▓▓▓▓▓▓▓▓▓▓▓▓▓▓▓▓░░░░░░░░░░░░░░░
░░░░░░░░░░░░░░░▓▓▓▓▓▓▓▓▓▓▓▓▓▓▓▓▓▓▓▓▓▓▓▓▓▓▓▓▓▓▓▓▓▓░░░░░░░░░░░░░░░
░░░░░░░░░░░░░░░░░░░░░░░░░░░░░░░░░░░░░░░░░░░░░░░░░░░░░░░░░░░░░░░░
░░░░░░░░░░░░░░░▓▓▓▓▓▓▓▓▓▓▓▓▓▓▓▓▓▓▓▓▓▓▓▓▓▓▓▓▓▓▓▓▓▓░░░░░░░░░░░░░░░
░░░░░░░░░░░░░░░▓▓▓▓▓▓▓▓▓▓▓▓▓▓▓▓▓▓▓▓▓▓▓▓▓▓▓▓▓▓▓▓▓▓░░░░░░░░░░░░░░░
░░░░░░░░░░░░░░░▓▓▓▓▓▓▓▓▓▓▓▓▓▓▓▓▓▓▓▓▓▓▓▓▓▓▓▓▓▓▓▓▓▓░░░░░░░░░░░░░░░
░░░░░░░░░░░░░░░▓▓▓▓▓▓▓▓▓▓▓▓▓▓▓▓▓▓▓▓▓▓▓▓▓▓▓▓▓▓▓▓▓▓░░░░░░░░░░░░░░░
░░░░░░░░░░░░░░░▓▓▓▓▓▓▓▓▓▓▓▓▓▓▓▓▓▓▓▓▓▓▓▓▓▓▓▓▓▓▓▓▓▓░░░░░░░░░░░░░░░
░░░░░░░░░░░░░░░▓▓▓▓▓▓▓▓▓▓▓▓▓▓▓▓▓▓▓▓▓▓▓▓▓▓▓▓▓▓▓▓▓▓░░░░░░░░░░░░░░░
░░░░░░░░░░░░░░░▓▓▓▓▓▓▓▓▓▓▓▓▓▓▓▒▒▒▒▓▓▓▓▓▓▓▓▓▓▓▓▓▓▓░░░░░░░░░░░░░░░
░░░░░░░░░░░░░░░▓▓▓▓▓▓▓▓▓▓▓▓▒░░░░░░░░▒▓▓▓▓▓▓▓▓▓▓▓▓░░░░░░░░░░░░░░░
░░░░░░░░░░░░░░░▓▓▓▓▓▓▓▓▒▒░░░░░░░░░░░░░░▒▒▓▓▓▓▓▓▓▓░░░░░░░░░░░░░░░
░░░░░░░░░░░░░░░▓▓▓▓▓▒░░░░░░░░░░░░░░░░░░░░░░▒▓▓▓▓▓░░░░░░░░░░░░░░░
░░░░░░░░░░░░░░░▓▒░░░░░░░░░░░░░░░░░░░░░░░░░░░░░░▒▓░░░░░░░░░░░░░░░
░░░░░░░░░░░░░░░░░░░░░░░░░░░░░░░░░░░░░░░░░░░░░░░░░░░░░░░░░░░░░░░░
░░░░░░░░░░░░░░░░░░░░░░░░░░░░░░░░░░░░░░░░░░░░░░░░░░░░░░░░░░░░░░░░
░░░░░░░░░░ TO BUILD A NEW ECONOMIC ENGINE FOR CULTURE ░░░░░░░░░░
░░░░░░░░░░░░░░░░░░░░░░░░░░░░░░░░░░░░░░░░░░░░░░░░░░░░░░░░░░░░░░░░
░░░░░░░░░░░░░░░░░░░░░░░░░░░░░░░░░░░░░░░░░░░░░░░░░░░░░░░░░░░░░░░░
                   https://substack.com/jobs
 font-family:monospace @ https://substackcdn.com/bundle/static/js/main.927a0d32.js:0
[     539ms] [LOG] %c
░░░░░░░░░░░░░░░░░░░░░░░░░░░░░░░░░░░░░░░░░░░░░░░░░░░░░░░░░░░░░░░░
░░░░░░░░░░░░░░░░░░░░░░░░░░░░░░░░░░░░░░░░░░░░░░░░░░░░░░░░░░░░░░░░
░░░░░░░░░░░░░░░░░░░░░░ SUBSTACK WANTS YOU ░░░░░░░░░░░░░░░░░░░░░░
░░░░░░░░░░░░░░░░░░░░░░░░░░░░░░░░░░░░░░░░░░░░░░░░░░░░░░░░░░░░░░░░
░░░░░░░░░░░░░░░░░░░░░░░░░░░░░░░░░░░░░░░░░░░░░░░░░░░░░░░░░░░░░░░░
░░░░░░░░░░░░░░░▓▓▓▓▓▓▓▓▓▓▓▓▓▓▓▓▓▓▓▓▓▓▓▓▓▓▓▓▓▓▓▓▓▓░░░░░░░░░░░░░░░
░░░░░░░░░░░░░░░▓▓▓▓▓▓▓▓▓▓▓▓▓▓▓▓▓▓▓▓▓▓▓▓▓▓▓▓▓▓▓▓▓▓░░░░░░░░░░░░░░░
░░░░░░░░░░░░░░░░░░░░░░░░░░░░░░░░░░░░░░░░░░░░░░░░░░░░░░░░░░░░░░░░
░░░░░░░░░░░░░░░▓▓▓▓▓▓▓▓▓▓▓▓▓▓▓▓▓▓▓▓▓▓▓▓▓▓▓▓▓▓▓▓▓▓░░░░░░░░░░░░░░░
░░░░░░░░░░░░░░░▓▓▓▓▓▓▓▓▓▓▓▓▓▓▓▓▓▓▓▓▓▓▓▓▓▓▓▓▓▓▓▓▓▓░░░░░░░░░░░░░░░
░░░░░░░░░░░░░░░░░░░░░░░░░░░░░░░░░░░░░░░░░░░░░░░░░░░░░░░░░░░░░░░░
░░░░░░░░░░░░░░░▓▓▓▓▓▓▓▓▓▓▓▓▓▓▓▓▓▓▓▓▓▓▓▓▓▓▓▓▓▓▓▓▓▓░░░░░░░░░░░░░░░
░░░░░░░░░░░░░░░▓▓▓▓▓▓▓▓▓▓▓▓▓▓▓▓▓▓▓▓▓▓▓▓▓▓▓▓▓▓▓▓▓▓░░░░░░░░░░░░░░░
░░░░░░░░░░░░░░░▓▓▓▓▓▓▓▓▓▓▓▓▓▓▓▓▓▓▓▓▓▓▓▓▓▓▓▓▓▓▓▓▓▓░░░░░░░░░░░░░░░
░░░░░░░░░░░░░░░▓▓▓▓▓▓▓▓▓▓▓▓▓▓▓▓▓▓▓▓▓▓▓▓▓▓▓▓▓▓▓▓▓▓░░░░░░░░░░░░░░░
░░░░░░░░░░░░░░░▓▓▓▓▓▓▓▓▓▓▓▓▓▓▓▓▓▓▓▓▓▓▓▓▓▓▓▓▓▓▓▓▓▓░░░░░░░░░░░░░░░
░░░░░░░░░░░░░░░▓▓▓▓▓▓▓▓▓▓▓▓▓▓▓▓▓▓▓▓▓▓▓▓▓▓▓▓▓▓▓▓▓▓░░░░░░░░░░░░░░░
░░░░░░░░░░░░░░░▓▓▓▓▓▓▓▓▓▓▓▓▓▓▓▒▒▒▒▓▓▓▓▓▓▓▓▓▓▓▓▓▓▓░░░░░░░░░░░░░░░
░░░░░░░░░░░░░░░▓▓▓▓▓▓▓▓▓▓▓▓▒░░░░░░░░▒▓▓▓▓▓▓▓▓▓▓▓▓░░░░░░░░░░░░░░░
░░░░░░░░░░░░░░░▓▓▓▓▓▓▓▓▒▒░░░░░░░░░░░░░░▒▒▓▓▓▓▓▓▓▓░░░░░░░░░░░░░░░
░░░░░░░░░░░░░░░▓▓▓▓▓▒░░░░░░░░░░░░░░░░░░░░░░▒▓▓▓▓▓░░░░░░░░░░░░░░░
░░░░░░░░░░░░░░░▓▒░░░░░░░░░░░░░░░░░░░░░░░░░░░░░░▒▓░░░░░░░░░░░░░░░
░░░░░░░░░░░░░░░░░░░░░░░░░░░░░░░░░░░░░░░░░░░░░░░░░░░░░░░░░░░░░░░░
░░░░░░░░░░░░░░░░░░░░░░░░░░░░░░░░░░░░░░░░░░░░░░░░░░░░░░░░░░░░░░░░
░░░░░░░░░░ TO BUILD A NEW ECONOMIC ENGINE FOR CULTURE ░░░░░░░░░░
░░░░░░░░░░░░░░░░░░░░░░░░░░░░░░░░░░░░░░░░░░░░░░░░░░░░░░░░░░░░░░░░
░░░░░░░░░░░░░░░░░░░░░░░░░░░░░░░░░░░░░░░░░░░░░░░░░░░░░░░░░░░░░░░░
                   https://substack.com/jobs
 font-family:monospace @ https://substackcdn.com/bundle/static/js/66633.061ff4a8.js:0
[  684904ms] [LOG] %c
░░░░░░░░░░░░░░░░░░░░░░░░░░░░░░░░░░░░░░░░░░░░░░░░░░░░░░░░░░░░░░░░
░░░░░░░░░░░░░░░░░░░░░░░░░░░░░░░░░░░░░░░░░░░░░░░░░░░░░░░░░░░░░░░░
░░░░░░░░░░░░░░░░░░░░░░ SUBSTACK WANTS YOU ░░░░░░░░░░░░░░░░░░░░░░
░░░░░░░░░░░░░░░░░░░░░░░░░░░░░░░░░░░░░░░░░░░░░░░░░░░░░░░░░░░░░░░░
░░░░░░░░░░░░░░░░░░░░░░░░░░░░░░░░░░░░░░░░░░░░░░░░░░░░░░░░░░░░░░░░
░░░░░░░░░░░░░░░▓▓▓▓▓▓▓▓▓▓▓▓▓▓▓▓▓▓▓▓▓▓▓▓▓▓▓▓▓▓▓▓▓▓░░░░░░░░░░░░░░░
░░░░░░░░░░░░░░░▓▓▓▓▓▓▓▓▓▓▓▓▓▓▓▓▓▓▓▓▓▓▓▓▓▓▓▓▓▓▓▓▓▓░░░░░░░░░░░░░░░
░░░░░░░░░░░░░░░░░░░░░░░░░░░░░░░░░░░░░░░░░░░░░░░░░░░░░░░░░░░░░░░░
░░░░░░░░░░░░░░░▓▓▓▓▓▓▓▓▓▓▓▓▓▓▓▓▓▓▓▓▓▓▓▓▓▓▓▓▓▓▓▓▓▓░░░░░░░░░░░░░░░
░░░░░░░░░░░░░░░▓▓▓▓▓▓▓▓▓▓▓▓▓▓▓▓▓▓▓▓▓▓▓▓▓▓▓▓▓▓▓▓▓▓░░░░░░░░░░░░░░░
░░░░░░░░░░░░░░░░░░░░░░░░░░░░░░░░░░░░░░░░░░░░░░░░░░░░░░░░░░░░░░░░
░░░░░░░░░░░░░░░▓▓▓▓▓▓▓▓▓▓▓▓▓▓▓▓▓▓▓▓▓▓▓▓▓▓▓▓▓▓▓▓▓▓░░░░░░░░░░░░░░░
░░░░░░░░░░░░░░░▓▓▓▓▓▓▓▓▓▓▓▓▓▓▓▓▓▓▓▓▓▓▓▓▓▓▓▓▓▓▓▓▓▓░░░░░░░░░░░░░░░
░░░░░░░░░░░░░░░▓▓▓▓▓▓▓▓▓▓▓▓▓▓▓▓▓▓▓▓▓▓▓▓▓▓▓▓▓▓▓▓▓▓░░░░░░░░░░░░░░░
░░░░░░░░░░░░░░░▓▓▓▓▓▓▓▓▓▓▓▓▓▓▓▓▓▓▓▓▓▓▓▓▓▓▓▓▓▓▓▓▓▓░░░░░░░░░░░░░░░
░░░░░░░░░░░░░░░▓▓▓▓▓▓▓▓▓▓▓▓▓▓▓▓▓▓▓▓▓▓▓▓▓▓▓▓▓▓▓▓▓▓░░░░░░░░░░░░░░░
░░░░░░░░░░░░░░░▓▓▓▓▓▓▓▓▓▓▓▓▓▓▓▓▓▓▓▓▓▓▓▓▓▓▓▓▓▓▓▓▓▓░░░░░░░░░░░░░░░
░░░░░░░░░░░░░░░▓▓▓▓▓▓▓▓▓▓▓▓▓▓▓▒▒▒▒▓▓▓▓▓▓▓▓▓▓▓▓▓▓▓░░░░░░░░░░░░░░░
░░░░░░░░░░░░░░░▓▓▓▓▓▓▓▓▓▓▓▓▒░░░░░░░░▒▓▓▓▓▓▓▓▓▓▓▓▓░░░░░░░░░░░░░░░
░░░░░░░░░░░░░░░▓▓▓▓▓▓▓▓▒▒░░░░░░░░░░░░░░▒▒▓▓▓▓▓▓▓▓░░░░░░░░░░░░░░░
░░░░░░░░░░░░░░░▓▓▓▓▓▒░░░░░░░░░░░░░░░░░░░░░░▒▓▓▓▓▓░░░░░░░░░░░░░░░
░░░░░░░░░░░░░░░▓▒░░░░░░░░░░░░░░░░░░░░░░░░░░░░░░▒▓░░░░░░░░░░░░░░░
░░░░░░░░░░░░░░░░░░░░░░░░░░░░░░░░░░░░░░░░░░░░░░░░░░░░░░░░░░░░░░░░
░░░░░░░░░░░░░░░░░░░░░░░░░░░░░░░░░░░░░░░░░░░░░░░░░░░░░░░░░░░░░░░░
░░░░░░░░░░ TO BUILD A NEW ECONOMIC ENGINE FOR CULTURE ░░░░░░░░░░
░░░░░░░░░░░░░░░░░░░░░░░░░░░░░░░░░░░░░░░░░░░░░░░░░░░░░░░░░░░░░░░░
░░░░░░░░░░░░░░░░░░░░░░░░░░░░░░░░░░░░░░░░░░░░░░░░░░░░░░░░░░░░░░░░
                   https://substack.com/jobs
 font-family:monospace @ https://substackcdn.com/bundle/static/js/20478.22d3f23a.js:0
[  706305ms] [LOG] %c
░░░░░░░░░░░░░░░░░░░░░░░░░░░░░░░░░░░░░░░░░░░░░░░░░░░░░░░░░░░░░░░░
░░░░░░░░░░░░░░░░░░░░░░░░░░░░░░░░░░░░░░░░░░░░░░░░░░░░░░░░░░░░░░░░
░░░░░░░░░░░░░░░░░░░░░░ SUBSTACK WANTS YOU ░░░░░░░░░░░░░░░░░░░░░░
░░░░░░░░░░░░░░░░░░░░░░░░░░░░░░░░░░░░░░░░░░░░░░░░░░░░░░░░░░░░░░░░
░░░░░░░░░░░░░░░░░░░░░░░░░░░░░░░░░░░░░░░░░░░░░░░░░░░░░░░░░░░░░░░░
░░░░░░░░░░░░░░░▓▓▓▓▓▓▓▓▓▓▓▓▓▓▓▓▓▓▓▓▓▓▓▓▓▓▓▓▓▓▓▓▓▓░░░░░░░░░░░░░░░
░░░░░░░░░░░░░░░▓▓▓▓▓▓▓▓▓▓▓▓▓▓▓▓▓▓▓▓▓▓▓▓▓▓▓▓▓▓▓▓▓▓░░░░░░░░░░░░░░░
░░░░░░░░░░░░░░░░░░░░░░░░░░░░░░░░░░░░░░░░░░░░░░░░░░░░░░░░░░░░░░░░
░░░░░░░░░░░░░░░▓▓▓▓▓▓▓▓▓▓▓▓▓▓▓▓▓▓▓▓▓▓▓▓▓▓▓▓▓▓▓▓▓▓░░░░░░░░░░░░░░░
░░░░░░░░░░░░░░░▓▓▓▓▓▓▓▓▓▓▓▓▓▓▓▓▓▓▓▓▓▓▓▓▓▓▓▓▓▓▓▓▓▓░░░░░░░░░░░░░░░
░░░░░░░░░░░░░░░░░░░░░░░░░░░░░░░░░░░░░░░░░░░░░░░░░░░░░░░░░░░░░░░░
░░░░░░░░░░░░░░░▓▓▓▓▓▓▓▓▓▓▓▓▓▓▓▓▓▓▓▓▓▓▓▓▓▓▓▓▓▓▓▓▓▓░░░░░░░░░░░░░░░
░░░░░░░░░░░░░░░▓▓▓▓▓▓▓▓▓▓▓▓▓▓▓▓▓▓▓▓▓▓▓▓▓▓▓▓▓▓▓▓▓▓░░░░░░░░░░░░░░░
░░░░░░░░░░░░░░░▓▓▓▓▓▓▓▓▓▓▓▓▓▓▓▓▓▓▓▓▓▓▓▓▓▓▓▓▓▓▓▓▓▓░░░░░░░░░░░░░░░
░░░░░░░░░░░░░░░▓▓▓▓▓▓▓▓▓▓▓▓▓▓▓▓▓▓▓▓▓▓▓▓▓▓▓▓▓▓▓▓▓▓░░░░░░░░░░░░░░░
░░░░░░░░░░░░░░░▓▓▓▓▓▓▓▓▓▓▓▓▓▓▓▓▓▓▓▓▓▓▓▓▓▓▓▓▓▓▓▓▓▓░░░░░░░░░░░░░░░
░░░░░░░░░░░░░░░▓▓▓▓▓▓▓▓▓▓▓▓▓▓▓▓▓▓▓▓▓▓▓▓▓▓▓▓▓▓▓▓▓▓░░░░░░░░░░░░░░░
░░░░░░░░░░░░░░░▓▓▓▓▓▓▓▓▓▓▓▓▓▓▓▒▒▒▒▓▓▓▓▓▓▓▓▓▓▓▓▓▓▓░░░░░░░░░░░░░░░
░░░░░░░░░░░░░░░▓▓▓▓▓▓▓▓▓▓▓▓▒░░░░░░░░▒▓▓▓▓▓▓▓▓▓▓▓▓░░░░░░░░░░░░░░░
░░░░░░░░░░░░░░░▓▓▓▓▓▓▓▓▒▒░░░░░░░░░░░░░░▒▒▓▓▓▓▓▓▓▓░░░░░░░░░░░░░░░
░░░░░░░░░░░░░░░▓▓▓▓▓▒░░░░░░░░░░░░░░░░░░░░░░▒▓▓▓▓▓░░░░░░░░░░░░░░░
░░░░░░░░░░░░░░░▓▒░░░░░░░░░░░░░░░░░░░░░░░░░░░░░░▒▓░░░░░░░░░░░░░░░
░░░░░░░░░░░░░░░░░░░░░░░░░░░░░░░░░░░░░░░░░░░░░░░░░░░░░░░░░░░░░░░░
░░░░░░░░░░░░░░░░░░░░░░░░░░░░░░░░░░░░░░░░░░░░░░░░░░░░░░░░░░░░░░░░
░░░░░░░░░░ TO BUILD A NEW ECONOMIC ENGINE FOR CULTURE ░░░░░░░░░░
░░░░░░░░░░░░░░░░░░░░░░░░░░░░░░░░░░░░░░░░░░░░░░░░░░░░░░░░░░░░░░░░
░░░░░░░░░░░░░░░░░░░░░░░░░░░░░░░░░░░░░░░░░░░░░░░░░░░░░░░░░░░░░░░░
                   https://substack.com/jobs
 font-family:monospace @ https://substackcdn.com/bundle/static/js/20478.22d3f23a.js:0
[ 1365918ms] [LOG] %c
░░░░░░░░░░░░░░░░░░░░░░░░░░░░░░░░░░░░░░░░░░░░░░░░░░░░░░░░░░░░░░░░
░░░░░░░░░░░░░░░░░░░░░░░░░░░░░░░░░░░░░░░░░░░░░░░░░░░░░░░░░░░░░░░░
░░░░░░░░░░░░░░░░░░░░░░ SUBSTACK WANTS YOU ░░░░░░░░░░░░░░░░░░░░░░
░░░░░░░░░░░░░░░░░░░░░░░░░░░░░░░░░░░░░░░░░░░░░░░░░░░░░░░░░░░░░░░░
░░░░░░░░░░░░░░░░░░░░░░░░░░░░░░░░░░░░░░░░░░░░░░░░░░░░░░░░░░░░░░░░
░░░░░░░░░░░░░░░▓▓▓▓▓▓▓▓▓▓▓▓▓▓▓▓▓▓▓▓▓▓▓▓▓▓▓▓▓▓▓▓▓▓░░░░░░░░░░░░░░░
░░░░░░░░░░░░░░░▓▓▓▓▓▓▓▓▓▓▓▓▓▓▓▓▓▓▓▓▓▓▓▓▓▓▓▓▓▓▓▓▓▓░░░░░░░░░░░░░░░
░░░░░░░░░░░░░░░░░░░░░░░░░░░░░░░░░░░░░░░░░░░░░░░░░░░░░░░░░░░░░░░░
░░░░░░░░░░░░░░░▓▓▓▓▓▓▓▓▓▓▓▓▓▓▓▓▓▓▓▓▓▓▓▓▓▓▓▓▓▓▓▓▓▓░░░░░░░░░░░░░░░
░░░░░░░░░░░░░░░▓▓▓▓▓▓▓▓▓▓▓▓▓▓▓▓▓▓▓▓▓▓▓▓▓▓▓▓▓▓▓▓▓▓░░░░░░░░░░░░░░░
░░░░░░░░░░░░░░░░░░░░░░░░░░░░░░░░░░░░░░░░░░░░░░░░░░░░░░░░░░░░░░░░
░░░░░░░░░░░░░░░▓▓▓▓▓▓▓▓▓▓▓▓▓▓▓▓▓▓▓▓▓▓▓▓▓▓▓▓▓▓▓▓▓▓░░░░░░░░░░░░░░░
░░░░░░░░░░░░░░░▓▓▓▓▓▓▓▓▓▓▓▓▓▓▓▓▓▓▓▓▓▓▓▓▓▓▓▓▓▓▓▓▓▓░░░░░░░░░░░░░░░
░░░░░░░░░░░░░░░▓▓▓▓▓▓▓▓▓▓▓▓▓▓▓▓▓▓▓▓▓▓▓▓▓▓▓▓▓▓▓▓▓▓░░░░░░░░░░░░░░░
░░░░░░░░░░░░░░░▓▓▓▓▓▓▓▓▓▓▓▓▓▓▓▓▓▓▓▓▓▓▓▓▓▓▓▓▓▓▓▓▓▓░░░░░░░░░░░░░░░
░░░░░░░░░░░░░░░▓▓▓▓▓▓▓▓▓▓▓▓▓▓▓▓▓▓▓▓▓▓▓▓▓▓▓▓▓▓▓▓▓▓░░░░░░░░░░░░░░░
░░░░░░░░░░░░░░░▓▓▓▓▓▓▓▓▓▓▓▓▓▓▓▓▓▓▓▓▓▓▓▓▓▓▓▓▓▓▓▓▓▓░░░░░░░░░░░░░░░
░░░░░░░░░░░░░░░▓▓▓▓▓▓▓▓▓▓▓▓▓▓▓▒▒▒▒▓▓▓▓▓▓▓▓▓▓▓▓▓▓▓░░░░░░░░░░░░░░░
░░░░░░░░░░░░░░░▓▓▓▓▓▓▓▓▓▓▓▓▒░░░░░░░░▒▓▓▓▓▓▓▓▓▓▓▓▓░░░░░░░░░░░░░░░
░░░░░░░░░░░░░░░▓▓▓▓▓▓▓▓▒▒░░░░░░░░░░░░░░▒▒▓▓▓▓▓▓▓▓░░░░░░░░░░░░░░░
░░░░░░░░░░░░░░░▓▓▓▓▓▒░░░░░░░░░░░░░░░░░░░░░░▒▓▓▓▓▓░░░░░░░░░░░░░░░
░░░░░░░░░░░░░░░▓▒░░░░░░░░░░░░░░░░░░░░░░░░░░░░░░▒▓░░░░░░░░░░░░░░░
░░░░░░░░░░░░░░░░░░░░░░░░░░░░░░░░░░░░░░░░░░░░░░░░░░░░░░░░░░░░░░░░
░░░░░░░░░░░░░░░░░░░░░░░░░░░░░░░░░░░░░░░░░░░░░░░░░░░░░░░░░░░░░░░░
░░░░░░░░░░ TO BUILD A NEW ECONOMIC ENGINE FOR CULTURE ░░░░░░░░░░
░░░░░░░░░░░░░░░░░░░░░░░░░░░░░░░░░░░░░░░░░░░░░░░░░░░░░░░░░░░░░░░░
░░░░░░░░░░░░░░░░░░░░░░░░░░░░░░░░░░░░░░░░░░░░░░░░░░░░░░░░░░░░░░░░
                   https://substack.com/jobs
 font-family:monospace @ https://substackcdn.com/bundle/static/js/56353.1e8a09b7.js:0
[ 4366116ms] [ERROR] Failed to load resource: the server responded with a status of 502 () @ https://substack.com/api/v1/activity/unread:0
[17399082ms] [INFO] ZyncSocket: Connection closed @ https://substackcdn.com/bundle/static/js/async/50551.d58192cf.js:352
[17399132ms] [INFO] ZyncSocket: Attempting to reconnect... @ https://substackcdn.com/bundle/static/js/async/50551.d58192cf.js:352
[24665531ms] [ERROR] Failed to load resource: net::ERR_NAME_NOT_RESOLVED @ https://substack.com/api/v1/activity/unread:0
[33020795ms] [ERROR] Failed to load resource: net::ERR_NETWORK_CHANGED @ https://substack.com/api/v1/activity/unread:0
[35441053ms] [ERROR] Failed to load resource: net::ERR_NETWORK_CHANGED @ https://substack.com/api/v1/activity/unread:0
[35458707ms] [INFO] ZyncSocket: Connection closed @ https://substackcdn.com/bundle/static/js/async/50551.d58192cf.js:352
[35458718ms] [INFO] ZyncSocket: Attempting to reconnect... @ https://substackcdn.com/bundle/static/js/async/50551.d58192cf.js:352
[37066600ms] [VERBOSE] Rendering was performed in a subtree hidden by content-visibility. @ https://substackcdn.com/bundle/static/js/reader2.745f74dc.js:0
[37066719ms] [VERBOSE] Rendering was performed in a subtree hidden by content-visibility. @ https://substackcdn.com/bundle/static/js/reader2.745f74dc.js:0
[37066719ms] [VERBOSE] Rendering was performed in a subtree hidden by content-visibility. @ https://substackcdn.com/bundle/static/js/82964.3789b35a.js:0
[37066719ms] [VERBOSE] Rendering was performed in a subtree hidden by content-visibility. @ https://substackcdn.com/bundle/static/js/82964.3789b35a.js:0
[37066719ms] [VERBOSE] Rendering was performed in a subtree hidden by content-visibility. @ https://substackcdn.com/bundle/static/js/82964.3789b35a.js:0
[37066719ms] [VERBOSE] Rendering was performed in a subtree hidden by content-visibility. @ https://substackcdn.com/bundle/static/js/82964.3789b35a.js:0
[37066720ms] [VERBOSE] Rendering was performed in a subtree hidden by content-visibility. @ https://substackcdn.com/bundle/static/js/reader2.745f74dc.js:0
[37066720ms] [VERBOSE] Rendering was performed in a subtree hidden by content-visibility. @ https://substackcdn.com/bundle/static/js/82964.3789b35a.js:0
[37066720ms] [VERBOSE] Rendering was performed in a subtree hidden by content-visibility. @ https://substackcdn.com/bundle/static/js/82964.3789b35a.js:0
[37066720ms] [VERBOSE] Rendering was performed in a subtree hidden by content-visibility. @ https://substackcdn.com/bundle/static/js/82964.3789b35a.js:0
[37066720ms] [VERBOSE] Rendering was performed in a subtree hidden by content-visibility. @ https://substackcdn.com/bundle/static/js/82964.3789b35a.js:0
[37066748ms] [VERBOSE] Rendering was performed in a subtree hidden by content-visibility. @ https://substackcdn.com/bundle/static/js/82964.3789b35a.js:0
[37066748ms] [VERBOSE] Rendering was performed in a subtree hidden by content-visibility. @ https://substackcdn.com/bundle/static/js/82964.3789b35a.js:0
[37066748ms] [VERBOSE] Rendering was performed in a subtree hidden by content-visibility. @ https://substackcdn.com/bundle/static/js/82964.3789b35a.js:0
[37066748ms] [VERBOSE] Rendering was performed in a subtree hidden by content-visibility. @ https://substackcdn.com/bundle/static/js/82964.3789b35a.js:0
[37066748ms] [VERBOSE] Rendering was performed in a subtree hidden by content-visibility. @ https://substackcdn.com/bundle/static/js/82964.3789b35a.js:0
[37066748ms] [VERBOSE] Rendering was performed in a subtree hidden by content-visibility. @ https://substackcdn.com/bundle/static/js/82964.3789b35a.js:0
[37066748ms] [VERBOSE] Rendering was performed in a subtree hidden by content-visibility. @ https://substackcdn.com/bundle/static/js/82964.3789b35a.js:0
[37066748ms] [VERBOSE] Rendering was performed in a subtree hidden by content-visibility. @ https://substackcdn.com/bundle/static/js/82964.3789b35a.js:0
[37066765ms] [VERBOSE] Rendering was performed in a subtree hidden by content-visibility. @ https://substackcdn.com/bundle/static/js/82964.3789b35a.js:0
[37066767ms] [VERBOSE] Rendering was performed in a subtree hidden by content-visibility. @ https://substackcdn.com/bundle/static/js/82964.3789b35a.js:0
[37066767ms] [VERBOSE] Rendering was performed in a subtree hidden by content-visibility. @ https://substackcdn.com/bundle/static/js/82964.3789b35a.js:0
[37066767ms] [VERBOSE] Rendering was performed in a subtree hidden by content-visibility. @ https://substackcdn.com/bundle/static/js/82964.3789b35a.js:0
[37066828ms] [VERBOSE] Rendering was performed in a subtree hidden by content-visibility. @ https://substackcdn.com/bundle/static/js/reader2.745f74dc.js:0
[37066842ms] [VERBOSE] Rendering was performed in a subtree hidden by content-visibility. @ https://substackcdn.com/bundle/static/js/reader2.745f74dc.js:0
[37066859ms] [VERBOSE] Rendering was performed in a subtree hidden by content-visibility. @ https://substackcdn.com/bundle/static/js/reader2.745f74dc.js:0
[37067015ms] [VERBOSE] Rendering was performed in a subtree hidden by content-visibility. @ https://substackcdn.com/bundle/static/js/reader2.745f74dc.js:0
[37067043ms] [VERBOSE] Rendering was performed in a subtree hidden by content-visibility. @ https://substackcdn.com/bundle/static/js/reader2.745f74dc.js:0
[37067060ms] [VERBOSE] Rendering was performed in a subtree hidden by content-visibility. @ https://substackcdn.com/bundle/static/js/reader2.745f74dc.js:0
[37067075ms] [VERBOSE] Rendering was performed in a subtree hidden by content-visibility. @ https://substackcdn.com/bundle/static/js/reader2.745f74dc.js:0
[37067093ms] [VERBOSE] Rendering was performed in a subtree hidden by content-visibility. @ https://substackcdn.com/bundle/static/js/reader2.745f74dc.js:0
[37067109ms] [VERBOSE] Rendering was performed in a subtree hidden by content-visibility. @ https://substackcdn.com/bundle/static/js/reader2.745f74dc.js:0
[37067126ms] [VERBOSE] Rendering was performed in a subtree hidden by content-visibility. @ https://substackcdn.com/bundle/static/js/reader2.745f74dc.js:0
[37067143ms] [VERBOSE] Rendering was performed in a subtree hidden by content-visibility. @ https://substackcdn.com/bundle/static/js/reader2.745f74dc.js:0
[37067159ms] [VERBOSE] Rendering was performed in a subtree hidden by content-visibility. @ https://substackcdn.com/bundle/static/js/reader2.745f74dc.js:0
[37067176ms] [VERBOSE] Rendering was performed in a subtree hidden by content-visibility. @ https://substackcdn.com/bundle/static/js/reader2.745f74dc.js:0
[37067193ms] [VERBOSE] Rendering was performed in a subtree hidden by content-visibility. @ https://substackcdn.com/bundle/static/js/reader2.745f74dc.js:0
[37067209ms] [VERBOSE] Rendering was performed in a subtree hidden by content-visibility. @ https://substackcdn.com/bundle/static/js/reader2.745f74dc.js:0
[37067226ms] [VERBOSE] Rendering was performed in a subtree hidden by content-visibility. @ https://substackcdn.com/bundle/static/js/reader2.745f74dc.js:0
[37067243ms] [VERBOSE] Rendering was performed in a subtree hidden by content-visibility. @ https://substackcdn.com/bundle/static/js/reader2.745f74dc.js:0
[37067259ms] [VERBOSE] Rendering was performed in a subtree hidden by content-visibility. @ https://substackcdn.com/bundle/static/js/reader2.745f74dc.js:0
[37067277ms] [VERBOSE] Rendering was performed in a subtree hidden by content-visibility. @ https://substackcdn.com/bundle/static/js/reader2.745f74dc.js:0
[37067292ms] [VERBOSE] Rendering was performed in a subtree hidden by content-visibility. @ https://substackcdn.com/bundle/static/js/reader2.745f74dc.js:0
[37067310ms] [VERBOSE] Rendering was performed in a subtree hidden by content-visibility. @ https://substackcdn.com/bundle/static/js/reader2.745f74dc.js:0
[37067326ms] [VERBOSE] Rendering was performed in a subtree hidden by content-visibility. @ https://substackcdn.com/bundle/static/js/reader2.745f74dc.js:0
[37067342ms] [VERBOSE] Rendering was performed in a subtree hidden by content-visibility. @ https://substackcdn.com/bundle/static/js/reader2.745f74dc.js:0
[37067360ms] [VERBOSE] Rendering was performed in a subtree hidden by content-visibility. @ https://substackcdn.com/bundle/static/js/reader2.745f74dc.js:0
[37067376ms] [VERBOSE] Rendering was performed in a subtree hidden by content-visibility. @ https://substackcdn.com/bundle/static/js/reader2.745f74dc.js:0
[37067393ms] [VERBOSE] Rendering was performed in a subtree hidden by content-visibility. @ https://substackcdn.com/bundle/static/js/reader2.745f74dc.js:0
[37067410ms] [VERBOSE] Rendering was performed in a subtree hidden by content-visibility. @ https://substackcdn.com/bundle/static/js/reader2.745f74dc.js:0
[37067427ms] [VERBOSE] Rendering was performed in a subtree hidden by content-visibility. @ https://substackcdn.com/bundle/static/js/reader2.745f74dc.js:0
[37067443ms] [VERBOSE] Rendering was performed in a subtree hidden by content-visibility. @ https://substackcdn.com/bundle/static/js/reader2.745f74dc.js:0
[37067460ms] [VERBOSE] Rendering was performed in a subtree hidden by content-visibility. @ https://substackcdn.com/bundle/static/js/reader2.745f74dc.js:0
[37067476ms] [VERBOSE] Rendering was performed in a subtree hidden by content-visibility. @ https://substackcdn.com/bundle/static/js/reader2.745f74dc.js:0
[37067493ms] [VERBOSE] Rendering was performed in a subtree hidden by content-visibility. @ https://substackcdn.com/bundle/static/js/reader2.745f74dc.js:0
[37067510ms] [VERBOSE] Rendering was performed in a subtree hidden by content-visibility. @ https://substackcdn.com/bundle/static/js/reader2.745f74dc.js:0
[37067526ms] [VERBOSE] Rendering was performed in a subtree hidden by content-visibility. @ https://substackcdn.com/bundle/static/js/reader2.745f74dc.js:0
[37067543ms] [VERBOSE] Rendering was performed in a subtree hidden by content-visibility. @ https://substackcdn.com/bundle/static/js/reader2.745f74dc.js:0
[37067560ms] [VERBOSE] Rendering was performed in a subtree hidden by content-visibility. @ https://substackcdn.com/bundle/static/js/reader2.745f74dc.js:0
[37067575ms] [VERBOSE] Rendering was performed in a subtree hidden by content-visibility. @ https://substackcdn.com/bundle/static/js/reader2.745f74dc.js:0
[37067593ms] [VERBOSE] Rendering was performed in a subtree hidden by content-visibility. @ https://substackcdn.com/bundle/static/js/reader2.745f74dc.js:0
[37067609ms] [VERBOSE] Rendering was performed in a subtree hidden by content-visibility. @ https://substackcdn.com/bundle/static/js/reader2.745f74dc.js:0
[37067649ms] [VERBOSE] Rendering was performed in a subtree hidden by content-visibility. @ https://substackcdn.com/bundle/static/js/reader2.745f74dc.js:0
[37067659ms] [VERBOSE] Rendering was performed in a subtree hidden by content-visibility. @ https://substackcdn.com/bundle/static/js/reader2.745f74dc.js:0
[37067676ms] [VERBOSE] Rendering was performed in a subtree hidden by content-visibility. @ https://substackcdn.com/bundle/static/js/reader2.745f74dc.js:0
[37067693ms] [VERBOSE] Rendering was performed in a subtree hidden by content-visibility. @ https://substackcdn.com/bundle/static/js/reader2.745f74dc.js:0
[37067709ms] [VERBOSE] Rendering was performed in a subtree hidden by content-visibility. @ https://substackcdn.com/bundle/static/js/reader2.745f74dc.js:0
[37067726ms] [VERBOSE] Rendering was performed in a subtree hidden by content-visibility. @ https://substackcdn.com/bundle/static/js/reader2.745f74dc.js:0
[37067742ms] [VERBOSE] Rendering was performed in a subtree hidden by content-visibility. @ https://substackcdn.com/bundle/static/js/reader2.745f74dc.js:0
[37067776ms] [VERBOSE] Rendering was performed in a subtree hidden by content-visibility. @ https://substackcdn.com/bundle/static/js/reader2.745f74dc.js:0
[37067793ms] [VERBOSE] Rendering was performed in a subtree hidden by content-visibility. @ https://substackcdn.com/bundle/static/js/reader2.745f74dc.js:0
[37067810ms] [VERBOSE] Rendering was performed in a subtree hidden by content-visibility. @ https://substackcdn.com/bundle/static/js/reader2.745f74dc.js:0
[37067825ms] [VERBOSE] Rendering was performed in a subtree hidden by content-visibility. @ https://substackcdn.com/bundle/static/js/reader2.745f74dc.js:0
[37067844ms] [VERBOSE] Rendering was performed in a subtree hidden by content-visibility. @ https://substackcdn.com/bundle/static/js/reader2.745f74dc.js:0
[37067926ms] [VERBOSE] Rendering was performed in a subtree hidden by content-visibility. @ https://substackcdn.com/bundle/static/js/reader2.745f74dc.js:0
[37067943ms] [VERBOSE] Rendering was performed in a subtree hidden by content-visibility. @ https://substackcdn.com/bundle/static/js/reader2.745f74dc.js:0
[37067959ms] [VERBOSE] Rendering was performed in a subtree hidden by content-visibility. @ https://substackcdn.com/bundle/static/js/reader2.745f74dc.js:0
[37067975ms] [VERBOSE] Rendering was performed in a subtree hidden by content-visibility. @ https://substackcdn.com/bundle/static/js/reader2.745f74dc.js:0
[37067993ms] [VERBOSE] Rendering was performed in a subtree hidden by content-visibility. @ https://substackcdn.com/bundle/static/js/reader2.745f74dc.js:0
[37068009ms] [VERBOSE] Rendering was performed in a subtree hidden by content-visibility. @ https://substackcdn.com/bundle/static/js/reader2.745f74dc.js:0
[37068026ms] [VERBOSE] Rendering was performed in a subtree hidden by content-visibility. @ https://substackcdn.com/bundle/static/js/reader2.745f74dc.js:0
[37068043ms] [VERBOSE] Rendering was performed in a subtree hidden by content-visibility. @ https://substackcdn.com/bundle/static/js/reader2.745f74dc.js:0
[37068060ms] [VERBOSE] Rendering was performed in a subtree hidden by content-visibility. @ https://substackcdn.com/bundle/static/js/reader2.745f74dc.js:0
[37068076ms] [VERBOSE] Rendering was performed in a subtree hidden by content-visibility. @ https://substackcdn.com/bundle/static/js/reader2.745f74dc.js:0
[37068093ms] [VERBOSE] Rendering was performed in a subtree hidden by content-visibility. @ https://substackcdn.com/bundle/static/js/reader2.745f74dc.js:0
[37068109ms] [VERBOSE] Rendering was performed in a subtree hidden by content-visibility. @ https://substackcdn.com/bundle/static/js/reader2.745f74dc.js:0
[37068126ms] [VERBOSE] Rendering was performed in a subtree hidden by content-visibility. @ https://substackcdn.com/bundle/static/js/reader2.745f74dc.js:0
[37068143ms] [VERBOSE] Rendering was performed in a subtree hidden by content-visibility. @ https://substackcdn.com/bundle/static/js/reader2.745f74dc.js:0
[37068160ms] [VERBOSE] Rendering was performed in a subtree hidden by content-visibility. @ https://substackcdn.com/bundle/static/js/reader2.745f74dc.js:0
[37068176ms] [VERBOSE] Rendering was performed in a subtree hidden by content-visibility. @ https://substackcdn.com/bundle/static/js/reader2.745f74dc.js:0
[37068242ms] [VERBOSE] Rendering was performed in a subtree hidden by content-visibility. @ https://substackcdn.com/bundle/static/js/reader2.745f74dc.js:0
[37068260ms] [VERBOSE] Rendering was performed in a subtree hidden by content-visibility. @ https://substackcdn.com/bundle/static/js/reader2.745f74dc.js:0
[37068276ms] [VERBOSE] Rendering was performed in a subtree hidden by content-visibility. @ https://substackcdn.com/bundle/static/js/reader2.745f74dc.js:0
[37068293ms] [VERBOSE] Rendering was performed in a subtree hidden by content-visibility. @ https://substackcdn.com/bundle/static/js/reader2.745f74dc.js:0
[37068310ms] [VERBOSE] Rendering was performed in a subtree hidden by content-visibility. @ https://substackcdn.com/bundle/static/js/reader2.745f74dc.js:0
[37068326ms] [VERBOSE] Rendering was performed in a subtree hidden by content-visibility. @ https://substackcdn.com/bundle/static/js/reader2.745f74dc.js:0
[37068342ms] [VERBOSE] Rendering was performed in a subtree hidden by content-visibility. @ https://substackcdn.com/bundle/static/js/reader2.745f74dc.js:0
[37068359ms] [VERBOSE] Rendering was performed in a subtree hidden by content-visibility. @ https://substackcdn.com/bundle/static/js/reader2.745f74dc.js:0
[37068376ms] [VERBOSE] Rendering was performed in a subtree hidden by content-visibility. @ https://substackcdn.com/bundle/static/js/reader2.745f74dc.js:0
[37068393ms] [VERBOSE] Rendering was performed in a subtree hidden by content-visibility. @ https://substackcdn.com/bundle/static/js/reader2.745f74dc.js:0
[37068410ms] [VERBOSE] Rendering was performed in a subtree hidden by content-visibility. @ https://substackcdn.com/bundle/static/js/reader2.745f74dc.js:0
[37068443ms] [VERBOSE] Rendering was performed in a subtree hidden by content-visibility. @ https://substackcdn.com/bundle/static/js/reader2.745f74dc.js:0
[37068459ms] [VERBOSE] Rendering was performed in a subtree hidden by content-visibility. @ https://substackcdn.com/bundle/static/js/reader2.745f74dc.js:0
[37068476ms] [VERBOSE] Rendering was performed in a subtree hidden by content-visibility. @ https://substackcdn.com/bundle/static/js/reader2.745f74dc.js:0
[37068576ms] [VERBOSE] Rendering was performed in a subtree hidden by content-visibility. @ https://substackcdn.com/bundle/static/js/reader2.745f74dc.js:0
[37068593ms] [VERBOSE] Rendering was performed in a subtree hidden by content-visibility. @ https://substackcdn.com/bundle/static/js/reader2.745f74dc.js:0
[37068609ms] [VERBOSE] Rendering was performed in a subtree hidden by content-visibility. @ https://substackcdn.com/bundle/static/js/reader2.745f74dc.js:0
[37068643ms] [VERBOSE] Rendering was performed in a subtree hidden by content-visibility. @ https://substackcdn.com/bundle/static/js/reader2.745f74dc.js:0
[37068660ms] [VERBOSE] Rendering was performed in a subtree hidden by content-visibility. @ https://substackcdn.com/bundle/static/js/reader2.745f74dc.js:0
[37068676ms] [VERBOSE] Rendering was performed in a subtree hidden by content-visibility. @ https://substackcdn.com/bundle/static/js/reader2.745f74dc.js:0
[37068694ms] [VERBOSE] Rendering was performed in a subtree hidden by content-visibility. @ https://substackcdn.com/bundle/static/js/reader2.745f74dc.js:0
[37068816ms] [VERBOSE] Rendering was performed in a subtree hidden by content-visibility. @ https://substackcdn.com/bundle/static/js/reader2.745f74dc.js:0
[37069660ms] [VERBOSE] Rendering was performed in a subtree hidden by content-visibility. @ https://substackcdn.com/bundle/static/js/reader2.745f74dc.js:0
[37069676ms] [VERBOSE] Rendering was performed in a subtree hidden by content-visibility. @ https://substackcdn.com/bundle/static/js/reader2.745f74dc.js:0
[37069693ms] [VERBOSE] Rendering was performed in a subtree hidden by content-visibility. @ https://substackcdn.com/bundle/static/js/reader2.745f74dc.js:0
[37069709ms] [VERBOSE] Rendering was performed in a subtree hidden by content-visibility. @ https://substackcdn.com/bundle/static/js/reader2.745f74dc.js:0
[37069726ms] [VERBOSE] Rendering was performed in a subtree hidden by content-visibility. @ https://substackcdn.com/bundle/static/js/reader2.745f74dc.js:0
[37069743ms] [VERBOSE] Rendering was performed in a subtree hidden by content-visibility. @ https://substackcdn.com/bundle/static/js/reader2.745f74dc.js:0
[37069793ms] [VERBOSE] Rendering was performed in a subtree hidden by content-visibility. @ https://substackcdn.com/bundle/static/js/reader2.745f74dc.js:0
[37069809ms] [VERBOSE] Rendering was performed in a subtree hidden by content-visibility. @ https://substackcdn.com/bundle/static/js/reader2.745f74dc.js:0
[37069826ms] [VERBOSE] Rendering was performed in a subtree hidden by content-visibility. @ https://substackcdn.com/bundle/static/js/reader2.745f74dc.js:0
[37069843ms] [VERBOSE] Rendering was performed in a subtree hidden by content-visibility. @ https://substackcdn.com/bundle/static/js/reader2.745f74dc.js:0
[37069859ms] [VERBOSE] Rendering was performed in a subtree hidden by content-visibility. @ https://substackcdn.com/bundle/static/js/reader2.745f74dc.js:0
[37069876ms] [VERBOSE] Rendering was performed in a subtree hidden by content-visibility. @ https://substackcdn.com/bundle/static/js/reader2.745f74dc.js:0
[37069893ms] [VERBOSE] Rendering was performed in a subtree hidden by content-visibility. @ https://substackcdn.com/bundle/static/js/reader2.745f74dc.js:0
[37069909ms] [VERBOSE] Rendering was performed in a subtree hidden by content-visibility. @ https://substackcdn.com/bundle/static/js/reader2.745f74dc.js:0
[37069925ms] [VERBOSE] Rendering was performed in a subtree hidden by content-visibility. @ https://substackcdn.com/bundle/static/js/reader2.745f74dc.js:0
[37069943ms] [VERBOSE] Rendering was performed in a subtree hidden by content-visibility. @ https://substackcdn.com/bundle/static/js/reader2.745f74dc.js:0
[37069959ms] [VERBOSE] Rendering was performed in a subtree hidden by content-visibility. @ https://substackcdn.com/bundle/static/js/reader2.745f74dc.js:0
[37069976ms] [VERBOSE] Rendering was performed in a subtree hidden by content-visibility. @ https://substackcdn.com/bundle/static/js/reader2.745f74dc.js:0
[37069993ms] [VERBOSE] Rendering was performed in a subtree hidden by content-visibility. @ https://substackcdn.com/bundle/static/js/reader2.745f74dc.js:0
[37070060ms] [VERBOSE] Rendering was performed in a subtree hidden by content-visibility. @ https://substackcdn.com/bundle/static/js/reader2.745f74dc.js:0
[37070076ms] [VERBOSE] Rendering was performed in a subtree hidden by content-visibility. @ https://substackcdn.com/bundle/static/js/reader2.745f74dc.js:0
[37070093ms] [VERBOSE] Rendering was performed in a subtree hidden by content-visibility. @ https://substackcdn.com/bundle/static/js/reader2.745f74dc.js:0
[37070109ms] [VERBOSE] Rendering was performed in a subtree hidden by content-visibility. @ https://substackcdn.com/bundle/static/js/reader2.745f74dc.js:0
[37070126ms] [VERBOSE] Rendering was performed in a subtree hidden by content-visibility. @ https://substackcdn.com/bundle/static/js/reader2.745f74dc.js:0
[37070143ms] [VERBOSE] Rendering was performed in a subtree hidden by content-visibility. @ https://substackcdn.com/bundle/static/js/reader2.745f74dc.js:0
[37070160ms] [VERBOSE] Rendering was performed in a subtree hidden by content-visibility. @ https://substackcdn.com/bundle/static/js/reader2.745f74dc.js:0
[37070176ms] [VERBOSE] Rendering was performed in a subtree hidden by content-visibility. @ https://substackcdn.com/bundle/static/js/reader2.745f74dc.js:0
[37070193ms] [VERBOSE] Rendering was performed in a subtree hidden by content-visibility. @ https://substackcdn.com/bundle/static/js/reader2.745f74dc.js:0
[37070210ms] [VERBOSE] Rendering was performed in a subtree hidden by content-visibility. @ https://substackcdn.com/bundle/static/js/reader2.745f74dc.js:0
[37070226ms] [VERBOSE] Rendering was performed in a subtree hidden by content-visibility. @ https://substackcdn.com/bundle/static/js/reader2.745f74dc.js:0
[37070242ms] [VERBOSE] Rendering was performed in a subtree hidden by content-visibility. @ https://substackcdn.com/bundle/static/js/reader2.745f74dc.js:0
[37070260ms] [VERBOSE] Rendering was performed in a subtree hidden by content-visibility. @ https://substackcdn.com/bundle/static/js/reader2.745f74dc.js:0
[37070276ms] [VERBOSE] Rendering was performed in a subtree hidden by content-visibility. @ https://substackcdn.com/bundle/static/js/reader2.745f74dc.js:0
[37070292ms] [VERBOSE] Rendering was performed in a subtree hidden by content-visibility. @ https://substackcdn.com/bundle/static/js/reader2.745f74dc.js:0
[37070310ms] [VERBOSE] Rendering was performed in a subtree hidden by content-visibility. @ https://substackcdn.com/bundle/static/js/reader2.745f74dc.js:0
[37070326ms] [VERBOSE] Rendering was performed in a subtree hidden by content-visibility. @ https://substackcdn.com/bundle/static/js/reader2.745f74dc.js:0
[37070343ms] [VERBOSE] Rendering was performed in a subtree hidden by content-visibility. @ https://substackcdn.com/bundle/static/js/reader2.745f74dc.js:0
[37070360ms] [VERBOSE] Rendering was performed in a subtree hidden by content-visibility. @ https://substackcdn.com/bundle/static/js/reader2.745f74dc.js:0
[37070460ms] [VERBOSE] Rendering was performed in a subtree hidden by content-visibility. @ https://substackcdn.com/bundle/static/js/reader2.745f74dc.js:0
[37070476ms] [VERBOSE] Rendering was performed in a subtree hidden by content-visibility. @ https://substackcdn.com/bundle/static/js/reader2.745f74dc.js:0
[37070493ms] [VERBOSE] Rendering was performed in a subtree hidden by content-visibility. @ https://substackcdn.com/bundle/static/js/reader2.745f74dc.js:0
[37070510ms] [VERBOSE] Rendering was performed in a subtree hidden by content-visibility. @ https://substackcdn.com/bundle/static/js/reader2.745f74dc.js:0
[37070526ms] [VERBOSE] Rendering was performed in a subtree hidden by content-visibility. @ https://substackcdn.com/bundle/static/js/reader2.745f74dc.js:0
[37070543ms] [VERBOSE] Rendering was performed in a subtree hidden by content-visibility. @ https://substackcdn.com/bundle/static/js/reader2.745f74dc.js:0
[37070560ms] [VERBOSE] Rendering was performed in a subtree hidden by content-visibility. @ https://substackcdn.com/bundle/static/js/reader2.745f74dc.js:0
[37070576ms] [VERBOSE] Rendering was performed in a subtree hidden by content-visibility. @ https://substackcdn.com/bundle/static/js/reader2.745f74dc.js:0
[37070592ms] [VERBOSE] Rendering was performed in a subtree hidden by content-visibility. @ https://substackcdn.com/bundle/static/js/reader2.745f74dc.js:0
[37070610ms] [VERBOSE] Rendering was performed in a subtree hidden by content-visibility. @ https://substackcdn.com/bundle/static/js/reader2.745f74dc.js:0
[37070626ms] [VERBOSE] Rendering was performed in a subtree hidden by content-visibility. @ https://substackcdn.com/bundle/static/js/reader2.745f74dc.js:0
[37070643ms] [VERBOSE] Rendering was performed in a subtree hidden by content-visibility. @ https://substackcdn.com/bundle/static/js/reader2.745f74dc.js:0
[37072950ms] [ERROR] Failed to load resource: the server responded with a status of 400 () @ https://substack.com/api/v1/publication/public/0:0
[37072953ms] [WARNING] Failed to load publication @ https://substackcdn.com/bundle/static/js/async/50551.d58192cf.js:352
[37072955ms] [ERROR] FetchError: 400: 
    at o (https://substackcdn.com/bundle/static/js/33474.f3f8b1c4.js:1:164978) @ https://www.datadoghq-browser-agent.com/us1/v5/datadog-rum.js:0
[37081177ms] [ERROR] Failed to load resource: the server responded with a status of 402 () @ https://substack.com/api/v1/community/publications/6819723/posts:0
[37081180ms] [WARNING] error FetchError: 402: 
    at o (https://substackcdn.com/bundle/static/js/33474.f3f8b1c4.js:1:164978)
    at async https://substackcdn.com/bundle/static/js/async/98031.6a97262c.js:1:63612
    at async https://substackcdn.com/bundle/static/js/reader2.745f74dc.js:1:248948 @ https://substackcdn.com/bundle/static/js/async/50551.d58192cf.js:352
